Component: ARM Compiler 5.06 update 7 (build 960) Tool: armlink [4d3601]

==============================================================================

Section Cross References

    startup_stm32f407xx.o(STACK) refers (Special) to heapauxi.o(.text) for __use_two_region_memory
    startup_stm32f407xx.o(HEAP) refers (Special) to heapauxi.o(.text) for __use_two_region_memory
    startup_stm32f407xx.o(RESET) refers (Special) to heapauxi.o(.text) for __use_two_region_memory
    startup_stm32f407xx.o(RESET) refers to startup_stm32f407xx.o(STACK) for __initial_sp
    startup_stm32f407xx.o(RESET) refers to startup_stm32f407xx.o(.text) for Reset_Handler
    startup_stm32f407xx.o(RESET) refers to stm32f4xx_it.o(i.NMI_Handler) for NMI_Handler
    startup_stm32f407xx.o(RESET) refers to stm32f4xx_it.o(i.HardFault_Handler) for HardFault_Handler
    startup_stm32f407xx.o(RESET) refers to stm32f4xx_it.o(i.MemManage_Handler) for MemManage_Handler
    startup_stm32f407xx.o(RESET) refers to stm32f4xx_it.o(i.BusFault_Handler) for BusFault_Handler
    startup_stm32f407xx.o(RESET) refers to stm32f4xx_it.o(i.UsageFault_Handler) for UsageFault_Handler
    startup_stm32f407xx.o(RESET) refers to port.o(.emb_text) for SVC_Handler
    startup_stm32f407xx.o(RESET) refers to stm32f4xx_it.o(i.DebugMon_Handler) for DebugMon_Handler
    startup_stm32f407xx.o(RESET) refers to stm32f4xx_it.o(i.SysTick_Handler) for SysTick_Handler
    startup_stm32f407xx.o(RESET) refers to stm32f4xx_it.o(i.EXTI0_IRQHandler) for EXTI0_IRQHandler
    startup_stm32f407xx.o(RESET) refers to stm32f4xx_it.o(i.EXTI3_IRQHandler) for EXTI3_IRQHandler
    startup_stm32f407xx.o(RESET) refers to stm32f4xx_it.o(i.EXTI4_IRQHandler) for EXTI4_IRQHandler
    startup_stm32f407xx.o(RESET) refers to stm32f4xx_it.o(i.CAN1_RX0_IRQHandler) for CAN1_RX0_IRQHandler
    startup_stm32f407xx.o(RESET) refers to stm32f4xx_it.o(i.EXTI9_5_IRQHandler) for EXTI9_5_IRQHandler
    startup_stm32f407xx.o(RESET) refers to communication.o(i.USART1_IRQHandler) for USART1_IRQHandler
    startup_stm32f407xx.o(RESET) refers to remote_control.o(i.USART3_IRQHandler) for USART3_IRQHandler
    startup_stm32f407xx.o(RESET) refers to bsp_i2c.o(i.DMA1_Stream7_IRQHandler) for DMA1_Stream7_IRQHandler
    startup_stm32f407xx.o(RESET) refers to stm32f4xx_it.o(i.DMA2_Stream1_IRQHandler) for DMA2_Stream1_IRQHandler
    startup_stm32f407xx.o(RESET) refers to imu_task.o(i.DMA2_Stream2_IRQHandler) for DMA2_Stream2_IRQHandler
    startup_stm32f407xx.o(RESET) refers to stm32f4xx_it.o(i.CAN2_RX0_IRQHandler) for CAN2_RX0_IRQHandler
    startup_stm32f407xx.o(RESET) refers to stm32f4xx_it.o(i.OTG_FS_IRQHandler) for OTG_FS_IRQHandler
    startup_stm32f407xx.o(RESET) refers to stm32f4xx_it.o(i.DMA2_Stream5_IRQHandler) for DMA2_Stream5_IRQHandler
    startup_stm32f407xx.o(RESET) refers to stm32f4xx_it.o(i.DMA2_Stream6_IRQHandler) for DMA2_Stream6_IRQHandler
    startup_stm32f407xx.o(RESET) refers to stm32f4xx_it.o(i.DMA2_Stream7_IRQHandler) for DMA2_Stream7_IRQHandler
    startup_stm32f407xx.o(RESET) refers to referee_usart_task.o(i.USART6_IRQHandler) for USART6_IRQHandler
    startup_stm32f407xx.o(.text) refers (Special) to heapauxi.o(.text) for __use_two_region_memory
    startup_stm32f407xx.o(.text) refers to system_stm32f4xx.o(i.SystemInit) for SystemInit
    startup_stm32f407xx.o(.text) refers to __main.o(!!!main) for __main
    startup_stm32f407xx.o(.text) refers to startup_stm32f407xx.o(HEAP) for Heap_Mem
    startup_stm32f407xx.o(.text) refers to startup_stm32f407xx.o(STACK) for Stack_Mem
    main.o(i.SystemClock_Config) refers to rt_memclr_w.o(.text) for __aeabi_memclr4
    main.o(i.SystemClock_Config) refers to stm32f4xx_hal_rcc.o(i.HAL_RCC_OscConfig) for HAL_RCC_OscConfig
    main.o(i.SystemClock_Config) refers to main.o(i.Error_Handler) for Error_Handler
    main.o(i.SystemClock_Config) refers to stm32f4xx_hal_rcc.o(i.HAL_RCC_ClockConfig) for HAL_RCC_ClockConfig
    main.o(i.SystemClock_Config) refers to stm32f4xx_hal_rcc_ex.o(i.HAL_RCCEx_PeriphCLKConfig) for HAL_RCCEx_PeriphCLKConfig
    main.o(i.main) refers to stm32f4xx_hal.o(i.HAL_Init) for HAL_Init
    main.o(i.main) refers to main.o(i.SystemClock_Config) for SystemClock_Config
    main.o(i.main) refers to gpio.o(i.MX_GPIO_Init) for MX_GPIO_Init
    main.o(i.main) refers to dma.o(i.MX_DMA_Init) for MX_DMA_Init
    main.o(i.main) refers to adc.o(i.MX_ADC1_Init) for MX_ADC1_Init
    main.o(i.main) refers to adc.o(i.MX_ADC3_Init) for MX_ADC3_Init
    main.o(i.main) refers to can.o(i.MX_CAN1_Init) for MX_CAN1_Init
    main.o(i.main) refers to can.o(i.MX_CAN2_Init) for MX_CAN2_Init
    main.o(i.main) refers to i2c.o(i.MX_I2C1_Init) for MX_I2C1_Init
    main.o(i.main) refers to spi.o(i.MX_SPI1_Init) for MX_SPI1_Init
    main.o(i.main) refers to tim.o(i.MX_TIM4_Init) for MX_TIM4_Init
    main.o(i.main) refers to tim.o(i.MX_TIM5_Init) for MX_TIM5_Init
    main.o(i.main) refers to usart.o(i.MX_USART3_UART_Init) for MX_USART3_UART_Init
[...]
    0x080065f2   0x080065f2   0x00000032   Code   RO         3852    i.HAL_CAN_GetTxMailboxesFreeLevel  stm32f4xx_hal_can.o
    0x08006624   0x08006624   0x00000234   Code   RO         3854    i.HAL_CAN_IRQHandler  stm32f4xx_hal_can.o
    0x08006858   0x08006858   0x00000168   Code   RO         3855    i.HAL_CAN_Init      stm32f4xx_hal_can.o
    0x080069c0   0x080069c0   0x00000160   Code   RO          640    i.HAL_CAN_MspInit   can.o
    0x08006b20   0x08006b20   0x00000002   Code   RO         3862    i.HAL_CAN_RxFifo0FullCallback  stm32f4xx_hal_can.o
    0x08006b22   0x08006b22   0x00000036   Code   RO        14606    i.HAL_CAN_RxFifo0MsgPendingCallback  can_receive.o
    0x08006b58   0x08006b58   0x00000002   Code   RO         3864    i.HAL_CAN_RxFifo1FullCallback  stm32f4xx_hal_can.o
    0x08006b5a   0x08006b5a   0x00000002   Code   RO         3865    i.HAL_CAN_RxFifo1MsgPendingCallback  stm32f4xx_hal_can.o
    0x08006b5c   0x08006b5c   0x00000002   Code   RO         3866    i.HAL_CAN_SleepCallback  stm32f4xx_hal_can.o
    0x08006b5e   0x08006b5e   0x00000064   Code   RO         3867    i.HAL_CAN_Start     stm32f4xx_hal_can.o
    0x08006bc2   0x08006bc2   0x00000002   Code   RO         3869    i.HAL_CAN_TxMailbox0AbortCallback  stm32f4xx_hal_can.o
    0x08006bc4   0x08006bc4   0x00000002   Code   RO         3870    i.HAL_CAN_TxMailbox0CompleteCallback  stm32f4xx_hal_can.o
    0x08006bc6   0x08006bc6   0x00000002   Code   RO         3871    i.HAL_CAN_TxMailbox1AbortCallback  stm32f4xx_hal_can.o
    0x08006bc8   0x08006bc8   0x00000002   Code   RO         3872    i.HAL_CAN_TxMailbox1CompleteCallback  stm32f4xx_hal_can.o
    0x08006bca   0x08006bca   0x00000002   Code   RO         3873    i.HAL_CAN_TxMailbox2AbortCallback  stm32f4xx_hal_can.o
    0x08006bcc   0x08006bcc   0x00000002   Code   RO         3874    i.HAL_CAN_TxMailbox2CompleteCallback  stm32f4xx_hal_can.o
    0x08006bce   0x08006bce   0x00000002   Code   RO         3876    i.HAL_CAN_WakeUpFromRxMsgCallback  stm32f4xx_hal_can.o
    0x08006bd0   0x08006bd0   0x00000028   Code   RO         4079    i.HAL_CRC_Init      stm32f4xx_hal_crc.o
    0x08006bf8   0x08006bf8   0x00000034   Code   RO          689    i.HAL_CRC_MspInit   crc.o
    0x08006c2c   0x08006c2c   0x00000024   Code   RO         2905    i.HAL_DMA_Abort_IT  stm32f4xx_hal_dma.o
    0x08006c50   0x08006c50   0x000001ec   Code   RO         2909    i.HAL_DMA_IRQHandler  stm32f4xx_hal_dma.o
    0x08006e3c   0x08006e3c   0x000000ec   Code   RO         2910    i.HAL_DMA_Init      stm32f4xx_hal_dma.o
    0x08006f28   0x08006f28   0x0000007a   Code   RO         2914    i.HAL_DMA_Start_IT  stm32f4xx_hal_dma.o
    0x08006fa2   0x08006fa2   0x00000002   PAD
    0x08006fa4   0x08006fa4   0x00000028   Code   RO         3318    i.HAL_Delay         stm32f4xx_hal.o
    0x08006fcc   0x08006fcc   0x000000b8   Code   RO        12526    i.HAL_GPIO_EXTI_Callback  imu_task.o
    0x08007084   0x08007084   0x00000018   Code   RO         2796    i.HAL_GPIO_EXTI_IRQHandler  stm32f4xx_hal_gpio.o
    0x0800709c   0x0800709c   0x0000021c   Code   RO         2797    i.HAL_GPIO_Init     stm32f4xx_hal_gpio.o
    0x080072b8   0x080072b8   0x0000000e   Code   RO         2801    i.HAL_GPIO_WritePin  stm32f4xx_hal_gpio.o
    0x080072c6   0x080072c6   0x00000002   PAD
    0x080072c8   0x080072c8   0x0000000c   Code   RO         3324    i.HAL_GetTick       stm32f4xx_hal.o
    0x080072d4   0x080072d4   0x00000198   Code   RO         4146    i.HAL_I2C_Init      stm32f4xx_hal_i2c.o
    0x0800746c   0x0800746c   0x000002c0   Code   RO         4164    i.HAL_I2C_Mem_Read  stm32f4xx_hal_i2c.o
    0x0800772c   0x0800772c   0x00000174   Code   RO         4167    i.HAL_I2C_Mem_Write  stm32f4xx_hal_i2c.o
    0x080078a0   0x080078a0   0x00000208   Code   RO          758    i.HAL_I2C_MspInit   i2c.o
    0x08007aa8   0x08007aa8   0x00000010   Code   RO         3330    i.HAL_IncTick       stm32f4xx_hal.o
    0x08007ab8   0x08007ab8   0x00000034   Code   RO         3331    i.HAL_Init          stm32f4xx_hal.o
    0x08007aec   0x08007aec   0x00000044   Code   RO         3332    i.HAL_InitTick      stm32f4xx_hal.o
    0x08007b30   0x08007b30   0x00000054   Code   RO         1800    i.HAL_MspInit       stm32f4xx_hal_msp.o
    0x08007b84   0x08007b84   0x0000001c   Code   RO         3186    i.HAL_NVIC_EnableIRQ  stm32f4xx_hal_cortex.o
    0x08007ba0   0x08007ba0   0x00000068   Code   RO         3192    i.HAL_NVIC_SetPriority  stm32f4xx_hal_cortex.o
    0x08007c08   0x08007c08   0x00000024   Code   RO         3193    i.HAL_NVIC_SetPriorityGrouping  stm32f4xx_hal_cortex.o
    0x08007c2c   0x08007c2c   0x00000002   Code   RO         2050    i.HAL_PCDEx_LPM_Callback  stm32f4xx_hal_pcd_ex.o
    0x08007c2e   0x08007c2e   0x00000008   Code   RO         2051    i.HAL_PCDEx_SetRxFiFo  stm32f4xx_hal_pcd_ex.o
    0x08007c36   0x08007c36   0x0000004a   Code   RO         2052    i.HAL_PCDEx_SetTxFiFo  stm32f4xx_hal_pcd_ex.o
    0x08007c80   0x08007c80   0x0000000e   Code   RO         1260    i.HAL_PCD_ConnectCallback  usbd_conf.o
    0x08007c8e   0x08007c8e   0x00000020   Code   RO         1261    i.HAL_PCD_DataInStageCallback  usbd_conf.o
    0x08007cae   0x08007cae   0x00000020   Code   RO         1262    i.HAL_PCD_DataOutStageCallback  usbd_conf.o
    0x08007cce   0x08007cce   0x0000000e   Code   RO         1263    i.HAL_PCD_DisconnectCallback  usbd_conf.o
    0x08007cdc   0x08007cdc   0x0000004a   Code   RO         1833    i.HAL_PCD_EP_Close  stm32f4xx_hal_pcd.o
    0x08007d26   0x08007d26   0x0000005c   Code   RO         1834    i.HAL_PCD_EP_ClrStall  stm32f4xx_hal_pcd.o
    0x08007d82   0x08007d82   0x00000012   Code   RO         1836    i.HAL_PCD_EP_GetRxCount  stm32f4xx_hal_pcd.o
    0x08007d94   0x08007d94   0x0000005c   Code   RO         1837    i.HAL_PCD_EP_Open   stm32f4xx_hal_pcd.o
    0x08007df0   0x08007df0   0x00000046   Code   RO         1838    i.HAL_PCD_EP_Receive  stm32f4xx_hal_pcd.o
    0x08007e36   0x08007e36   0x00000074   Code   RO         1839    i.HAL_PCD_EP_SetStall  stm32f4xx_hal_pcd.o
    0x08007eaa   0x08007eaa   0x00000046   Code   RO         1840    i.HAL_PCD_EP_Transmit  stm32f4xx_hal_pcd.o
    0x08007ef0   0x08007ef0   0x0000042e   Code   RO         1842    i.HAL_PCD_IRQHandler  stm32f4xx_hal_pcd.o
    0x0800831e   0x0800831e   0x00000012   Code   RO         1264    i.HAL_PCD_ISOINIncompleteCallback  usbd_conf.o
    0x08008330   0x08008330   0x00000012   Code   RO         1265    i.HAL_PCD_ISOOUTIncompleteCallback  usbd_conf.o
    0x08008342   0x08008342   0x00000140   Code   RO         1845    i.HAL_PCD_Init      stm32f4xx_hal_pcd.o
    0x08008482   0x08008482   0x00000002   PAD
    0x08008484   0x08008484   0x000000a8   Code   RO         1267    i.HAL_PCD_MspInit   usbd_conf.o
    0x0800852c   0x0800852c   0x00000030   Code   RO         1268    i.HAL_PCD_ResetCallback  usbd_conf.o
    0x0800855c   0x0800855c   0x0000000e   Code   RO         1269    i.HAL_PCD_ResumeCallback  usbd_conf.o
    0x0800856a   0x0800856a   0x0000000e   Code   RO         1270    i.HAL_PCD_SOFCallback  usbd_conf.o
    0x08008578   0x08008578   0x00000028   Code   RO         1851    i.HAL_PCD_SetAddress  stm32f4xx_hal_pcd.o
    0x080085a0   0x080085a0   0x00000012   Code   RO         1271    i.HAL_PCD_SetupStageCallback  usbd_conf.o
    0x080085b2   0x080085b2   0x00000042   Code   RO         1853    i.HAL_PCD_Start     stm32f4xx_hal_pcd.o
    0x080085f4   0x080085f4   0x00000034   Code   RO         1272    i.HAL_PCD_SuspendCallback  usbd_conf.o
    0x08008628   0x08008628   0x0000017c   Code   RO         2503    i.HAL_RCCEx_PeriphCLKConfig  stm32f4xx_hal_rcc_ex.o
    0x080087a4   0x080087a4   0x00000174   Code   RO         2398    i.HAL_RCC_ClockConfig  stm32f4xx_hal_rcc.o
    0x08008918   0x08008918   0x0000000c   Code   RO         2403    i.HAL_RCC_GetHCLKFreq  stm32f4xx_hal_rcc.o
    0x08008924   0x08008924   0x00000020   Code   RO         2405    i.HAL_RCC_GetPCLK1Freq  stm32f4xx_hal_rcc.o
    0x08008944   0x08008944   0x00000020   Code   RO         2406    i.HAL_RCC_GetPCLK2Freq  stm32f4xx_hal_rcc.o
    0x08008964   0x08008964   0x00000070   Code   RO         2407    i.HAL_RCC_GetSysClockFreq  stm32f4xx_hal_rcc.o
    0x080089d4   0x080089d4   0x00000436   Code   RO         2410    i.HAL_RCC_OscConfig  stm32f4xx_hal_rcc.o
    0x08008e0a   0x08008e0a   0x00000034   Code   RO         4624    i.HAL_RNG_Init      stm32f4xx_hal_rng.o
    0x08008e3e   0x08008e3e   0x00000002   PAD
    0x08008e40   0x08008e40   0x00000034   Code   RO          812    i.HAL_RNG_MspInit   rng.o
    0x08008e74   0x08008e74   0x000000ba   Code   RO         4725    i.HAL_RTC_Init      stm32f4xx_hal_rtc.o
    0x08008f2e   0x08008f2e   0x00000002   PAD
    0x08008f30   0x08008f30   0x00000018   Code   RO          854    i.HAL_RTC_MspInit   rtc.o
    0x08008f48   0x08008f48   0x0000003c   Code   RO         4733    i.HAL_RTC_WaitForSynchro  stm32f4xx_hal_rtc.o
    0x08008f84   0x08008f84   0x00000082   Code   RO         5094    i.HAL_SPI_Init      stm32f4xx_hal_spi.o
    0x08009006   0x08009006   0x00000002   PAD
    0x08009008   0x08009008   0x000001cc   Code   RO          896    i.HAL_SPI_MspInit   spi.o
    0x080091d4   0x080091d4   0x000001f8   Code   RO         5103    i.HAL_SPI_TransmitReceive  stm32f4xx_hal_spi.o
    0x080093cc   0x080093cc   0x00000028   Code   RO         3197    i.HAL_SYSTICK_Config  stm32f4xx_hal_cortex.o
    0x080093f4   0x080093f4   0x00000066   Code   RO         6096    i.HAL_TIMEx_ConfigBreakDeadTime  stm32f4xx_hal_tim_ex.o
    0x0800945a   0x0800945a   0x0000004e   Code   RO         6111    i.HAL_TIMEx_MasterConfigSynchronization  stm32f4xx_hal_tim_ex.o
    0x080094a8   0x080094a8   0x00000038   Code   RO         5407    i.HAL_TIM_Base_Init  stm32f4xx_hal_tim.o
    0x080094e0   0x080094e0   0x0000011c   Code   RO          944    i.HAL_TIM_Base_MspInit  tim.o
    0x080095fc   0x080095fc   0x00000024   Code   RO         5410    i.HAL_TIM_Base_Start  stm32f4xx_hal_tim.o
    0x08009620   0x08009620   0x000000e4   Code   RO         5416    i.HAL_TIM_ConfigClockSource  stm32f4xx_hal_tim.o
    0x08009704   0x08009704   0x000002a8   Code   RO          945    i.HAL_TIM_MspPostInit  tim.o
    0x080099ac   0x080099ac   0x000000dc   Code   RO         5474    i.HAL_TIM_PWM_ConfigChannel  stm32f4xx_hal_tim.o
    0x08009a88   0x08009a88   0x00000038   Code   RO         5477    i.HAL_TIM_PWM_Init  stm32f4xx_hal_tim.o
    0x08009ac0   0x08009ac0   0x00000002   Code   RO         5479    i.HAL_TIM_PWM_MspInit  stm32f4xx_hal_tim.o
    0x08009ac2   0x08009ac2   0x00000042   Code   RO         5482    i.HAL_TIM_PWM_Start  stm32f4xx_hal_tim.o
    0x08009b04   0x08009b04   0x00000002   Code   RO         6365    i.HAL_UART_ErrorCallback  stm32f4xx_hal_uart.o
    0x08009b06   0x08009b06   0x00000002   PAD
    0x08009b08   0x08009b08   0x00000138   Code   RO         6368    i.HAL_UART_IRQHandler  stm32f4xx_hal_uart.o
    0x08009c40   0x08009c40   0x00000064   Code   RO         6369    i.HAL_UART_Init     stm32f4xx_hal_uart.o
    0x08009ca4   0x08009ca4   0x0000034c   Code   RO         1022    i.HAL_UART_MspInit  usart.o
    0x08009ff0   0x08009ff0   0x00000002   Code   RO         6375    i.HAL_UART_RxCpltCallback  stm32f4xx_hal_uart.o
    0x08009ff2   0x08009ff2   0x00000002   PAD
    0x08009ff4   0x08009ff4   0x00000098   Code   RO         6378    i.HAL_UART_Transmit_DMA  stm32f4xx_hal_uart.o
    0x0800a08c   0x0800a08c   0x00000002   Code   RO         6380    i.HAL_UART_TxCpltCallback  stm32f4xx_hal_uart.o
    0x0800a08e   0x0800a08e   0x00000002   Code   RO         6381    i.HAL_UART_TxHalfCpltCallback  stm32f4xx_hal_uart.o
    0x0800a090   0x0800a090   0x00000104   Code   RO        10674    i.H_K_R_Adjustment  kalman_filter.o
    0x0800a194   0x0800a194   0x00000004   Code   RO         1640    i.HardFault_Handler  stm32f4xx_it.o
    0x0800a198   0x0800a198   0x00000032   Code   RO         4189    i.I2C_IsAcknowledgeFailed  stm32f4xx_hal_i2c.o
    0x0800a1ca   0x0800a1ca   0x00000002   PAD
    0x0800a1cc   0x0800a1cc   0x00000134   Code   RO         4199    i.I2C_RequestMemoryRead  stm32f4xx_hal_i2c.o
    0x0800a300   0x0800a300   0x000000c0   Code   RO         4200    i.I2C_RequestMemoryWrite  stm32f4xx_hal_i2c.o
    0x0800a3c0   0x0800a3c0   0x0000005c   Code   RO         4208    i.I2C_WaitOnBTFFlagUntilTimeout  stm32f4xx_hal_i2c.o
    0x0800a41c   0x0800a41c   0x000000b4   Code   RO         4209    i.I2C_WaitOnFlagUntilTimeout  stm32f4xx_hal_i2c.o
    0x0800a4d0   0x0800a4d0   0x000000ce   Code   RO         4210    i.I2C_WaitOnMasterAddressFlagUntilTimeout  stm32f4xx_hal_i2c.o
    0x0800a59e   0x0800a59e   0x0000007c   Code   RO         4211    i.I2C_WaitOnRXNEFlagUntilTimeout  stm32f4xx_hal_i2c.o
    0x0800a61a   0x0800a61a   0x0000005c   Code   RO         4213    i.I2C_WaitOnTXEFlagUntilTimeout  stm32f4xx_hal_i2c.o
    0x0800a676   0x0800a676   0x00000002   PAD
    0x0800a678   0x0800a678   0x00000120   Code   RO        12706    i.IMU_QuaternionEKF_Init  imu_solve.o
    0x0800a798   0x0800a798   0x00000034   Code   RO        12707    i.IMU_QuaternionEKF_Observe  imu_solve.o
    0x0800a7cc   0x0800a7cc   0x00000128   Code   RO        12708    i.IMU_QuaternionEKF_SetH  imu_solve.o
    0x0800a8f4   0x0800a8f4   0x000003a8   Code   RO        12709    i.IMU_QuaternionEKF_Update  imu_solve.o
    0x0800ac9c   0x0800ac9c   0x000001cc   Code   RO        12710    i.IMU_QuaternionEKF_User_Func1  imu_solve.o
    0x0800ae68   0x0800ae68   0x00000334   Code   RO        12711    i.IMU_QuaternionEKF_xhatUpdate  imu_solve.o
    0x0800b19c   0x0800b19c   0x00000254   Code   RO        12527    i.IMU_task          imu_task.o
    0x0800b3f0   0x0800b3f0   0x000000f8   Code   RO        14607    i.ImuFdbData        can_receive.o
    0x0800b4e8   0x0800b4e8   0x0000003e   Code   RO         1456    i.IntToUnicode      usbd_desc.o
    0x0800b526   0x0800b526   0x00000002   PAD
    0x0800b528   0x0800b528   0x000000d4   Code   RO        13972    i.JLUI_10HzTick     jlui.o
    0x0800b5fc   0x0800b5fc   0x000000a0   Code   RO        13978    i.JLUI_CreateInt    jlui.o
    0x0800b69c   0x0800b69c   0x000000a8   Code   RO        13979    i.JLUI_CreateLine   jlui.o
    0x0800b744   0x0800b744   0x000000ac   Code   RO        13980    i.JLUI_CreateRect   jlui.o
    0x0800b7f0   0x0800b7f0   0x000000c0   Code   RO        13981    i.JLUI_CreateString  jlui.o
    0x0800b8b0   0x0800b8b0   0x0000004c   Code   RO        13983    i.JLUI_DeleteAll    jlui.o
    0x0800b8fc   0x0800b8fc   0x00000006   Code   RO        13858    i.JLUI_MutexLock    referee_usart_task.o
    0x0800b902   0x0800b902   0x00000002   Code   RO        13859    i.JLUI_MutexUnlock  referee_usart_task.o
    0x0800b904   0x0800b904   0x00000018   Code   RO        13860    i.JLUI_SendData     referee_usart_task.o
    0x0800b91c   0x0800b91c   0x00000038   Code   RO        13995    i.JLUI_SetSenderReceiverId  jlui.o
    0x0800b954   0x0800b954   0x00000058   Code   RO        14000    i.JLUI_SetVisible   jlui.o
    0x0800b9ac   0x0800b9ac   0x0000070c   Code   RO        10675    i.Kalman_Filter_Init  kalman_filter.o
    0x0800c0b8   0x0800c0b8   0x000003fc   Code   RO        10676    i.Kalman_Filter_Update  kalman_filter.o
    0x0800c4b4   0x0800c4b4   0x0000002c   Code   RO        11418    i.LegFeedForward    chassis_balance.o
    0x0800c4e0   0x0800c4e0   0x00000138   Code   RO        11419    i.LegTorqueController  chassis_balance.o
    0x0800c618   0x0800c618   0x0000001a   Code   RO        10766    i.ListCreate        clist.o
    0x0800c632   0x0800c632   0x0000000c   Code   RO        10771    i.ListGetHead       clist.o
    0x0800c63e   0x0800c63e   0x0000000c   Code   RO        10773    i.ListGetNodeNext   clist.o
    0x0800c64a   0x0800c64a   0x0000003e   Code   RO        10777    i.ListPushBack      clist.o
    0x0800c688   0x0800c688   0x0000003c   Code   RO        14608    i.LkFdbData         can_receive.o
    0x0800c6c4   0x0800c6c4   0x00000240   Code   RO        11420    i.LocomotionController  chassis_balance.o
    0x0800c904   0x0800c904   0x0000002a   Code   RO        10178    i.LowPassFilterCalc  user_lib.o
    0x0800c92e   0x0800c92e   0x00000002   PAD
    0x0800c930   0x0800c930   0x00000014   Code   RO        10179    i.LowPassFilterInit  user_lib.o
    0x0800c944   0x0800c944   0x00000070   Code   RO          593    i.MX_ADC1_Init      adc.o
    0x0800c9b4   0x0800c9b4   0x00000070   Code   RO          594    i.MX_ADC3_Init      adc.o
    0x0800ca24   0x0800ca24   0x00000044   Code   RO          641    i.MX_CAN1_Init      can.o
    0x0800ca68   0x0800ca68   0x00000044   Code   RO          642    i.MX_CAN2_Init      can.o
    0x0800caac   0x0800caac   0x00000020   Code   RO          690    i.MX_CRC_Init       crc.o
    0x0800cacc   0x0800cacc   0x000000c8   Code   RO          730    i.MX_DMA_Init       dma.o
    0x0800cb94   0x0800cb94   0x0000015c   Code   RO          511    i.MX_FREERTOS_Init  freertos.o
    0x0800ccf0   0x0800ccf0   0x00000288   Code   RO          356    i.MX_GPIO_Init      gpio.o
    0x0800cf78   0x0800cf78   0x0000003c   Code   RO          759    i.MX_I2C1_Init      i2c.o
    0x0800cfb4   0x0800cfb4   0x0000003c   Code   RO          760    i.MX_I2C2_Init      i2c.o
    0x0800cff0   0x0800cff0   0x0000003c   Code   RO          761    i.MX_I2C3_Init      i2c.o
    0x0800d02c   0x0800d02c   0x00000020   Code   RO          813    i.MX_RNG_Init       rng.o
    0x0800d04c   0x0800d04c   0x00000034   Code   RO          855    i.MX_RTC_Init       rtc.o
    0x0800d080   0x0800d080   0x00000048   Code   RO          897    i.MX_SPI1_Init      spi.o
    0x0800d0c8   0x0800d0c8   0x00000048   Code   RO          898    i.MX_SPI2_Init      spi.o
    0x0800d110   0x0800d110   0x0000006c   Code   RO          946    i.MX_TIM10_Init     tim.o
    0x0800d17c   0x0800d17c   0x0000010c   Code   RO          947    i.MX_TIM1_Init      tim.o
    0x0800d288   0x0800d288   0x000000a4   Code   RO          948    i.MX_TIM3_Init      tim.o
    0x0800d32c   0x0800d32c   0x000000a4   Code   RO          949    i.MX_TIM4_Init      tim.o
    0x0800d3d0   0x0800d3d0   0x000000c4   Code   RO          950    i.MX_TIM5_Init      tim.o
    0x0800d494   0x0800d494   0x000000ec   Code   RO          951    i.MX_TIM8_Init      tim.o
    0x0800d580   0x0800d580   0x00000038   Code   RO         1023    i.MX_USART1_UART_Init  usart.o
    0x0800d5b8   0x0800d5b8   0x0000003c   Code   RO         1024    i.MX_USART3_UART_Init  usart.o
    0x0800d5f4   0x0800d5f4   0x00000038   Code   RO         1025    i.MX_USART6_UART_Init  usart.o
    0x0800d62c   0x0800d62c   0x0000004c   Code   RO         1203    i.MX_USB_DEVICE_Init  usb_device.o
    0x0800d678   0x0800d678   0x00000004   Code   RO         1641    i.MemManage_Handler  stm32f4xx_it.o
    0x0800d67c   0x0800d67c   0x000000e4   Code   RO        14919    i.MitCtrl           can_cmd_damiao.o
    0x0800d760   0x0800d760   0x00000054   Code   RO        11891    i.ModifyUsart1DebugDataPackage  communication.o
    0x0800d7b4   0x0800d7b4   0x00000044   Code   RO        14878    i.MotorInit         motor.o
    0x0800d7f8   0x0800d7f8   0x00000020   Code   RO        12894    i.MusicInit         music_task.o
    0x0800d818   0x0800d818   0x000000fc   Code   RO        12895    i.MusicPlay         music_task.o
    0x0800d914   0x0800d914   0x00000002   Code   RO         1642    i.NMI_Handler       stm32f4xx_it.o
    0x0800d916   0x0800d916   0x00000002   PAD
    0x0800d918   0x0800d918   0x0000002c   Code   RO         9524    i.OLED_com_reset    oled.o
    0x0800d944   0x0800d944   0x00000010   Code   RO         1643    i.OTG_FS_IRQHandler  stm32f4xx_it.o
    0x0800d954   0x0800d954   0x00000068   Code   RO         1856    i.PCD_EP_OutSetupPacket_int  stm32f4xx_hal_pcd.o
    0x0800d9bc   0x0800d9bc   0x000000f0   Code   RO         1857    i.PCD_EP_OutXfrComplete_int  stm32f4xx_hal_pcd.o
    0x0800daac   0x0800daac   0x000000a2   Code   RO         1858    i.PCD_WriteEmptyTxFifo  stm32f4xx_hal_pcd.o
    0x0800db4e   0x0800db4e   0x00000002   PAD
    0x0800db50   0x0800db50   0x0000020c   Code   RO        10856    i.PID_calc          pid.o
    0x0800dd5c   0x0800dd5c   0x0000004c   Code   RO        10857    i.PID_clear         pid.o
    0x0800dda8   0x0800dda8   0x00000068   Code   RO        10858    i.PID_init          pid.o
    0x0800de10   0x0800de10   0x000000b8   Code   RO        12896    i.PlayMusic         music_task.o
    0x0800dec8   0x0800dec8   0x00000078   Code   RO        11055    i.Publish           data_exchange.o
    0x0800df40   0x0800df40   0x0000009c   Code   RO         9292    i.RC_Init           bsp_rc.o
    0x0800dfdc   0x0800dfdc   0x00000042   Code   RO         4736    i.RTC_EnterInitMode  stm32f4xx_hal_rtc.o
    0x0800e01e   0x0800e01e   0x00000002   PAD
    0x0800e020   0x0800e020   0x0000273c   Code   RO         9367    i.SPI1_DMA_enable   bsp_spi.o
    0x0801075c   0x0801075c   0x00000180   Code   RO         9368    i.SPI1_DMA_init     bsp_spi.o
    0x080108dc   0x080108dc   0x00000064   Code   RO         5132    i.SPI_EndRxTxTransaction  stm32f4xx_hal_spi.o
    0x08010940   0x08010940   0x000000a6   Code   RO         5137    i.SPI_WaitFlagStateUntilTimeout  stm32f4xx_hal_spi.o
    0x080109e6   0x080109e6   0x00000002   PAD
    0x080109e8   0x080109e8   0x0000003c   Code   RO        14921    i.SavePosZero       can_cmd_damiao.o
    0x08010a24   0x08010a24   0x00000028   Code   RO        14879    i.ScanOfflineMotor  motor.o
    0x08010a4c   0x08010a4c   0x0000025c   Code   RO        11421    i.SendJointMotorCmd  chassis_balance.o
    0x08010ca8   0x08010ca8   0x00000120   Code   RO        11422    i.SendWheelMotorCmd  chassis_balance.o
    0x08010dc8   0x08010dc8   0x00000044   Code   RO        11056    i.Subscribe         data_exchange.o
    0x08010e0c   0x08010e0c   0x0000003a   Code   RO        14609    i.SupCapFdbData     can_receive.o
    0x08010e46   0x08010e46   0x0000000c   Code   RO         1644    i.SysTick_Handler   stm32f4xx_it.o
    0x08010e52   0x08010e52   0x00000002   PAD
    0x08010e54   0x08010e54   0x000000d4   Code   RO           14    i.SystemClock_Config  main.o
    0x08010f28   0x08010f28   0x00000064   Code   RO         6676    i.SystemInit        system_stm32f4xx.o
    0x08010f8c   0x08010f8c   0x000000cc   Code   RO         5495    i.TIM_Base_SetConfig  stm32f4xx_hal_tim.o
    0x08011058   0x08011058   0x0000001e   Code   RO         5496    i.TIM_CCxChannelCmd  stm32f4xx_hal_tim.o
    0x08011076   0x08011076   0x00000016   Code   RO         5506    i.TIM_ETR_SetConfig  stm32f4xx_hal_tim.o
    0x0801108c   0x0801108c   0x00000010   Code   RO         5507    i.TIM_ITRx_SetConfig  stm32f4xx_hal_tim.o
    0x0801109c   0x0801109c   0x00000070   Code   RO         5508    i.TIM_OC1_SetConfig  stm32f4xx_hal_tim.o
    0x0801110c   0x0801110c   0x00000078   Code   RO         5509    i.TIM_OC2_SetConfig  stm32f4xx_hal_tim.o
    0x08011184   0x08011184   0x00000078   Code   RO         5510    i.TIM_OC3_SetConfig  stm32f4xx_hal_tim.o
    0x080111fc   0x080111fc   0x00000058   Code   RO         5511    i.TIM_OC4_SetConfig  stm32f4xx_hal_tim.o
    0x08011254   0x08011254   0x00000026   Code   RO         5513    i.TIM_TI1_ConfigInputStage  stm32f4xx_hal_tim.o
    0x0801127a   0x0801127a   0x00000024   Code   RO         5515    i.TIM_TI2_ConfigInputStage  stm32f4xx_hal_tim.o
    0x0801129e   0x0801129e   0x00000010   Code   RO         6382    i.UART_DMAAbortOnError  stm32f4xx_hal_uart.o
    0x080112ae   0x080112ae   0x0000004a   Code   RO         6383    i.UART_DMAError     stm32f4xx_hal_uart.o
    0x080112f8   0x080112f8   0x00000030   Code   RO         6388    i.UART_DMATransmitCplt  stm32f4xx_hal_uart.o
    0x08011328   0x08011328   0x0000000a   Code   RO         6390    i.UART_DMATxHalfCplt  stm32f4xx_hal_uart.o
    0x08011332   0x08011332   0x0000001c   Code   RO         6392    i.UART_EndRxTransfer  stm32f4xx_hal_uart.o
    0x0801134e   0x0801134e   0x0000001a   Code   RO         6393    i.UART_EndTransmit_IT  stm32f4xx_hal_uart.o
    0x08011368   0x08011368   0x00000012   Code   RO         6394    i.UART_EndTxTransfer  stm32f4xx_hal_uart.o
    0x0801137a   0x0801137a   0x0000009c   Code   RO         6395    i.UART_Receive_IT   stm32f4xx_hal_uart.o
    0x08011416   0x08011416   0x00000002   PAD
    0x08011418   0x08011418   0x00000340   Code   RO         6396    i.UART_SetConfig    stm32f4xx_hal_uart.o
    0x08011758   0x08011758   0x00000066   Code   RO         6397    i.UART_Transmit_IT  stm32f4xx_hal_uart.o
    0x080117be   0x080117be   0x00000002   PAD
    0x080117c0   0x080117c0   0x00000130   Code   RO        11892    i.USART1_IRQHandler  communication.o
    0x080118f0   0x080118f0   0x000001f8   Code   RO        13552    i.USART3_IRQHandler  remote_control.o
    0x08011ae8   0x08011ae8   0x0000013c   Code   RO        13861    i.USART6_IRQHandler  referee_usart_task.o
    0x08011c24   0x08011c24   0x0000004c   Code   RO         8625    i.USBD_CDC_DataIn   usbd_cdc.o
    0x08011c70   0x08011c70   0x00000030   Code   RO         8626    i.USBD_CDC_DataOut  usbd_cdc.o
    0x08011ca0   0x08011ca0   0x00000046   Code   RO         8627    i.USBD_CDC_DeInit   usbd_cdc.o
    0x08011ce6   0x08011ce6   0x0000002a   Code   RO         8628    i.USBD_CDC_EP0_RxReady  usbd_cdc.o
    0x08011d10   0x08011d10   0x0000000c   Code   RO         8629    i.USBD_CDC_GetDeviceQualifierDescriptor  usbd_cdc.o
    0x08011d1c   0x08011d1c   0x0000000c   Code   RO         8630    i.USBD_CDC_GetFSCfgDesc  usbd_cdc.o
    0x08011d28   0x08011d28   0x0000000c   Code   RO         8631    i.USBD_CDC_GetHSCfgDesc  usbd_cdc.o
    0x08011d34   0x08011d34   0x0000000c   Code   RO         8632    i.USBD_CDC_GetOtherSpeedCfgDesc  usbd_cdc.o
    0x08011d40   0x08011d40   0x000000ac   Code   RO         8633    i.USBD_CDC_Init     usbd_cdc.o
    0x08011dec   0x08011dec   0x00000032   Code   RO         8634    i.USBD_CDC_ReceivePacket  usbd_cdc.o
    0x08011e1e   0x08011e1e   0x00000010   Code   RO         8635    i.USBD_CDC_RegisterInterface  usbd_cdc.o
    0x08011e2e   0x08011e2e   0x0000000c   Code   RO         8636    i.USBD_CDC_SetRxBuffer  usbd_cdc.o
    0x08011e3a   0x08011e3a   0x00000010   Code   RO         8637    i.USBD_CDC_SetTxBuffer  usbd_cdc.o
    0x08011e4a   0x08011e4a   0x000000e6   Code   RO         8638    i.USBD_CDC_Setup    usbd_cdc.o
    0x08011f30   0x08011f30   0x00000038   Code   RO         8639    i.USBD_CDC_TransmitPacket  usbd_cdc.o
    0x08011f68   0x08011f68   0x0000000e   Code   RO         8332    i.USBD_ClrClassConfig  usbd_core.o
    0x08011f76   0x08011f76   0x00000026   Code   RO         8470    i.USBD_ClrFeature   usbd_ctlreq.o
    0x08011f9c   0x08011f9c   0x00000010   Code   RO         8565    i.USBD_CtlContinueRx  usbd_ioreq.o
    0x08011fac   0x08011fac   0x00000010   Code   RO         8566    i.USBD_CtlContinueSendData  usbd_ioreq.o
    0x08011fbc   0x08011fbc   0x00000018   Code   RO         8471    i.USBD_CtlError     usbd_ctlreq.o
    0x08011fd4   0x08011fd4   0x0000001e   Code   RO         8567    i.USBD_CtlPrepareRx  usbd_ioreq.o
    0x08011ff2   0x08011ff2   0x00000016   Code   RO         8568    i.USBD_CtlReceiveStatus  usbd_ioreq.o
    0x08012008   0x08012008   0x0000001a   Code   RO         8569    i.USBD_CtlSendData  usbd_ioreq.o
    0x08012022   0x08012022   0x00000016   Code   RO         8570    i.USBD_CtlSendStatus  usbd_ioreq.o
    0x08012038   0x08012038   0x00000034   Code   RO         1457    i.USBD_FS_ConfigStrDescriptor  usbd_desc.o
    0x0801206c   0x0801206c   0x00000010   Code   RO         1458    i.USBD_FS_DeviceDescriptor  usbd_desc.o
    0x0801207c   0x0801207c   0x00000038   Code   RO         1459    i.USBD_FS_InterfaceStrDescriptor  usbd_desc.o
    0x080120b4   0x080120b4   0x00000010   Code   RO         1460    i.USBD_FS_LangIDStrDescriptor  usbd_desc.o
    0x080120c4   0x080120c4   0x0000002c   Code   RO         1461    i.USBD_FS_ManufacturerStrDescriptor  usbd_desc.o
    0x080120f0   0x080120f0   0x00000040   Code   RO         1462    i.USBD_FS_ProductStrDescriptor  usbd_desc.o
    0x08012130   0x08012130   0x00000018   Code   RO         1463    i.USBD_FS_SerialStrDescriptor  usbd_desc.o
    0x08012148   0x08012148   0x00000034   Code   RO         8472    i.USBD_GetConfig    usbd_ctlreq.o
    0x0801217c   0x0801217c   0x00000136   Code   RO         8473    i.USBD_GetDescriptor  usbd_ctlreq.o
    0x080122b2   0x080122b2   0x00000018   Code   RO         8474    i.USBD_GetLen       usbd_ctlreq.o
    0x080122ca   0x080122ca   0x00000036   Code   RO         8475    i.USBD_GetStatus    usbd_ctlreq.o
    0x08012300   0x08012300   0x00000044   Code   RO         8476    i.USBD_GetString    usbd_ctlreq.o
    0x08012344   0x08012344   0x0000002c   Code   RO         1273    i.USBD_Get_USB_Status  usbd_conf.o
    0x08012370   0x08012370   0x0000002c   Code   RO         8334    i.USBD_Init         usbd_core.o
    0x0801239c   0x0801239c   0x00000026   Code   RO         1274    i.USBD_LL_ClearStallEP  usbd_conf.o
    0x080123c2   0x080123c2   0x00000026   Code   RO         1275    i.USBD_LL_CloseEP   usbd_conf.o
    0x080123e8   0x080123e8   0x000000d6   Code   RO         8335    i.USBD_LL_DataInStage  usbd_core.o
    0x080124be   0x080124be   0x0000008a   Code   RO         8336    i.USBD_LL_DataOutStage  usbd_core.o
    0x08012548   0x08012548   0x00000004   Code   RO         8337    i.USBD_LL_DevConnected  usbd_core.o
    0x0801254c   0x0801254c   0x00000016   Code   RO         8338    i.USBD_LL_DevDisconnected  usbd_core.o
    0x08012562   0x08012562   0x00000012   Code   RO         1279    i.USBD_LL_GetRxDataSize  usbd_conf.o
    0x08012574   0x08012574   0x00000068   Code   RO         1280    i.USBD_LL_Init      usbd_conf.o
    0x080125dc   0x080125dc   0x00000038   Code   RO         1281    i.USBD_LL_IsStallEP  usbd_conf.o
    0x08012614   0x08012614   0x00000004   Code   RO         8339    i.USBD_LL_IsoINIncomplete  usbd_core.o
    0x08012618   0x08012618   0x00000004   Code   RO         8340    i.USBD_LL_IsoOUTIncomplete  usbd_core.o
    0x0801261c   0x0801261c   0x00000030   Code   RO         1282    i.USBD_LL_OpenEP    usbd_conf.o
    0x0801264c   0x0801264c   0x00000030   Code   RO         1283    i.USBD_LL_PrepareReceive  usbd_conf.o
    0x0801267c   0x0801267c   0x00000052   Code   RO         8341    i.USBD_LL_Reset     usbd_core.o
    0x080126ce   0x080126ce   0x0000000c   Code   RO         8342    i.USBD_LL_Resume    usbd_core.o
    0x080126da   0x080126da   0x00000018   Code   RO         8343    i.USBD_LL_SOF       usbd_core.o
    0x080126f2   0x080126f2   0x00000006   Code   RO         8344    i.USBD_LL_SetSpeed  usbd_core.o
    0x080126f8   0x080126f8   0x00000026   Code   RO         1284    i.USBD_LL_SetUSBAddress  usbd_conf.o
    0x0801271e   0x0801271e   0x0000005e   Code   RO         8345    i.USBD_LL_SetupStage  usbd_core.o
    0x0801277c   0x0801277c   0x00000026   Code   RO         1285    i.USBD_LL_StallEP   usbd_conf.o
    0x080127a2   0x080127a2   0x0000001e   Code   RO         1286    i.USBD_LL_Start     usbd_conf.o
    0x080127c0   0x080127c0   0x00000012   Code   RO         8346    i.USBD_LL_Suspend   usbd_core.o
    0x080127d2   0x080127d2   0x00000030   Code   RO         1288    i.USBD_LL_Transmit  usbd_conf.o
    0x08012802   0x08012802   0x00000028   Code   RO         8477    i.USBD_ParseSetupRequest  usbd_ctlreq.o
    0x0801282a   0x0801282a   0x00000012   Code   RO         8347    i.USBD_RegisterClass  usbd_core.o
    0x0801283c   0x0801283c   0x00000004   Code   RO         8348    i.USBD_RunTestMode  usbd_core.o
    0x08012840   0x08012840   0x00000058   Code   RO         8478    i.USBD_SetAddress   usbd_ctlreq.o
    0x08012898   0x08012898   0x00000018   Code   RO         8349    i.USBD_SetClassConfig  usbd_core.o
    0x080128b0   0x080128b0   0x000000cc   Code   RO         8479    i.USBD_SetConfig    usbd_ctlreq.o
    0x0801297c   0x0801297c   0x00000010   Code   RO         8480    i.USBD_SetFeature   usbd_ctlreq.o
    0x0801298c   0x0801298c   0x0000000a   Code   RO         8350    i.USBD_Start        usbd_core.o
    0x08012996   0x08012996   0x00000080   Code   RO         8481    i.USBD_StdDevReq    usbd_ctlreq.o
    0x08012a16   0x08012a16   0x000001f0   Code   RO         8482    i.USBD_StdEPReq     usbd_ctlreq.o
    0x08012c06   0x08012c06   0x0000006a   Code   RO         8483    i.USBD_StdItfReq    usbd_ctlreq.o
    0x08012c70   0x08012c70   0x0000009c   Code   RO         2092    i.USB_ActivateEndpoint  stm32f4xx_ll_usb.o
    0x08012d0c   0x08012d0c   0x00000034   Code   RO         2094    i.USB_ActivateSetup  stm32f4xx_ll_usb.o
    0x08012d40   0x08012d40   0x0000007e   Code   RO         2096    i.USB_CoreInit      stm32f4xx_ll_usb.o
    0x08012dbe   0x08012dbe   0x00000002   PAD
    0x08012dc0   0x08012dc0   0x0000003c   Code   RO         2097    i.USB_CoreReset     stm32f4xx_ll_usb.o
    0x08012dfc   0x08012dfc   0x00000090   Code   RO         2100    i.USB_DeactivateEndpoint  stm32f4xx_ll_usb.o
    0x08012e8c   0x08012e8c   0x00000018   Code   RO         2101    i.USB_DevConnect    stm32f4xx_ll_usb.o
    0x08012ea4   0x08012ea4   0x00000018   Code   RO         2102    i.USB_DevDisconnect  stm32f4xx_ll_usb.o
    0x08012ebc   0x08012ebc   0x0000018c   Code   RO         2103    i.USB_DevInit       stm32f4xx_ll_usb.o
    0x08013048   0x08013048   0x0000000c   Code   RO         2104    i.USB_DisableGlobalInt  stm32f4xx_ll_usb.o
    0x08013054   0x08013054   0x0000012a   Code   RO         2107    i.USB_EP0StartXfer  stm32f4xx_ll_usb.o
    0x0801317e   0x0801317e   0x00000002   PAD
    0x08013180   0x08013180   0x00000060   Code   RO         2108    i.USB_EP0_OutStart  stm32f4xx_ll_usb.o
    0x080131e0   0x080131e0   0x00000058   Code   RO         2109    i.USB_EPClearStall  stm32f4xx_ll_usb.o
    0x08013238   0x08013238   0x0000005e   Code   RO         2110    i.USB_EPSetStall    stm32f4xx_ll_usb.o
    0x08013296   0x08013296   0x00000228   Code   RO         2111    i.USB_EPStartXfer   stm32f4xx_ll_usb.o
    0x080134be   0x080134be   0x0000000c   Code   RO         2112    i.USB_EnableGlobalInt  stm32f4xx_ll_usb.o
    0x080134ca   0x080134ca   0x00000002   PAD
    0x080134cc   0x080134cc   0x00000024   Code   RO         2113    i.USB_FlushRxFifo   stm32f4xx_ll_usb.o
    0x080134f0   0x080134f0   0x00000028   Code   RO         2114    i.USB_FlushTxFifo   stm32f4xx_ll_usb.o
    0x08013518   0x08013518   0x00000020   Code   RO         2116    i.USB_GetDevSpeed   stm32f4xx_ll_usb.o
    0x08013538   0x08013538   0x00000008   Code   RO         2118    i.USB_GetMode       stm32f4xx_ll_usb.o
    0x08013540   0x08013540   0x0000000e   Code   RO         2125    i.USB_ReadDevAllInEpInterrupt  stm32f4xx_ll_usb.o
    0x0801354e   0x0801354e   0x0000000e   Code   RO         2126    i.USB_ReadDevAllOutEpInterrupt  stm32f4xx_ll_usb.o
    0x0801355c   0x0801355c   0x00000024   Code   RO         2127    i.USB_ReadDevInEPInterrupt  stm32f4xx_ll_usb.o
    0x08013580   0x08013580   0x00000010   Code   RO         2128    i.USB_ReadDevOutEPInterrupt  stm32f4xx_ll_usb.o
    0x08013590   0x08013590   0x00000008   Code   RO         2129    i.USB_ReadInterrupts  stm32f4xx_ll_usb.o
    0x08013598   0x08013598   0x00000024   Code   RO         2130    i.USB_ReadPacket    stm32f4xx_ll_usb.o
    0x080135bc   0x080135bc   0x00000010   Code   RO         1550    i.USB_Receive       usbd_cdc_if.o
    0x080135cc   0x080135cc   0x00000030   Code   RO         2132    i.USB_SetCurrentMode  stm32f4xx_ll_usb.o
    0x080135fc   0x080135fc   0x00000022   Code   RO         2133    i.USB_SetDevAddress  stm32f4xx_ll_usb.o
    0x0801361e   0x0801361e   0x0000000e   Code   RO         2134    i.USB_SetDevSpeed   stm32f4xx_ll_usb.o
    0x0801362c   0x0801362c   0x000000f4   Code   RO         2135    i.USB_SetTurnaroundTime  stm32f4xx_ll_usb.o
    0x08013720   0x08013720   0x0000002a   Code   RO         1551    i.USB_Transmit      usbd_cdc_if.o
    0x0801374a   0x0801374a   0x00000030   Code   RO         2138    i.USB_WritePacket   stm32f4xx_ll_usb.o
    0x0801377a   0x0801377a   0x00000002   PAD
    0x0801377c   0x0801377c   0x0000002c   Code   RO        11893    i.Uart2TaskLoop     communication.o
    0x080137a8   0x080137a8   0x00000234   Code   RO        11424    i.UpdateBodyStatus  chassis_balance.o
    0x080139dc   0x080139dc   0x00000190   Code   RO        11425    i.UpdateCalibrateStatus  chassis_balance.o
    0x08013b6c   0x08013b6c   0x000000b4   Code   RO        12528    i.UpdateImuData     imu_task.o
    0x08013c20   0x08013c20   0x00000654   Code   RO        11426    i.UpdateLegStatus   chassis_balance.o
    0x08014274   0x08014274   0x00000040   Code   RO        11427    i.UpdateMotorStatus  chassis_balance.o
    0x080142b4   0x080142b4   0x00000100   Code   RO        11428    i.UpdateStepStatus  chassis_balance.o
    0x080143b4   0x080143b4   0x00000004   Code   RO         1645    i.UsageFault_Handler  stm32f4xx_it.o
    0x080143b8   0x080143b8   0x00000040   Code   RO        11894    i.Usart1DebugInit   communication.o
    0x080143f8   0x080143f8   0x00000030   Code   RO        11895    i.Usart1Init        communication.o
    0x08014428   0x08014428   0x00000060   Code   RO        11896    i.Usart1SendDebugData  communication.o
    0x08014488   0x08014488   0x00000004   Code   RO        11897    i.Usart1TxIdle      communication.o
    0x0801448c   0x0801448c   0x00000220   Code   RO        12003    i.UsbInit           usb_task.o
    0x080146ac   0x080146ac   0x000000cc   Code   RO        12004    i.UsbReceiveData    usb_task.o
    0x08014778   0x08014778   0x00000028   Code   RO        12007    i.UsbSendData       usb_task.o
    0x080147a0   0x080147a0   0x000000d0   Code   RO        12013    i.UsbSendJointStateData  usb_task.o
    0x08014870   0x08014870   0x0000015c   Code   RO        11898    i.YkqRcDataParse    communication.o
    0x080149cc   0x080149cc   0x000000b8   Code   RO        11899    i.YkqRcUnpack       communication.o
    0x08014a84   0x08014a84   0x00000090   Code   RO        14002    i._ZN29_INTERNAL_8_jlui_cpp_4d8a725013JLUI_CHECK_IDEi  jlui.o
    0x08014b14   0x08014b14   0x000000dc   Code   RO        14003    i._ZN29_INTERNAL_8_jlui_cpp_4d8a725015JLUI_CHECK_DATAEv  jlui.o
    0x08014bf0   0x08014bf0   0x00000012   Code   RO        14004    i._ZN29_INTERNAL_8_jlui_cpp_4d8a725027JLUI_Internal_LoopIncrementERj  jlui.o
    0x08014c02   0x08014c02   0x00000002   PAD
    0x08014c04   0x08014c04   0x00000074   Code   RO        14005    i._ZN29_INTERNAL_8_jlui_cpp_4d8a725033JLUI_Internal_CreateAndInitObjectEv  jlui.o
    0x08014c78   0x08014c78   0x00000010   Code   RO        14006    i._ZN29_INTERNAL_8_jlui_cpp_4d8a725034JLUI_Internal_GetBufferNthUiObjectEj  jlui.o
    0x08014c88   0x08014c88   0x000000c8   Code   RO        14007    i._ZN29_INTERNAL_8_jlui_cpp_4d8a725034JLUI_Internal_TransmitOtherObjectsEj  jlui.o
    0x08014d50   0x08014d50   0x00000128   Code   RO        14008    i._ZN29_INTERNAL_8_jlui_cpp_4d8a725034JLUI_Internal_TransmitStringObjectEj11UiOperation  jlui.o
    0x08014e78   0x08014e78   0x00000044   Code   RO        14009    i._ZN29_INTERNAL_8_jlui_cpp_4d8a725042JLUI_Internal_WriteTxBufferObjectOperationEjj11UiOperation  jlui.o
    0x08014ebc   0x08014ebc   0x00000164   Code   RO        14010    i._ZZ13JLUI_10HzTickENKUljR12JluiUiObjectE0_clEjS0_  jlui.o
    0x08015020   0x08015020   0x00000030   Code   RO        16425    i.__ARM_fpclassify  m_wm.l(fpclassify.o)
    0x08015050   0x08015050   0x00000026   Code   RO        16314    i.__ARM_fpclassifyf  m_wm.l(fpclassifyf.o)
    0x08015076   0x08015076   0x0000000e   Code   RO        11429    i.__ARM_isnanf      chassis_balance.o
    0x08015084   0x08015084   0x00000006   Code   RO        10392    i.__get_PRIMASK     fifo.o
    0x0801508a   0x0801508a   0x00000002   PAD
    0x0801508c   0x0801508c   0x0000012c   Code   RO        15928    i.__hardfp_asinf    m_wm.l(asinf.o)
    0x080151b8   0x080151b8   0x000002d8   Code   RO        16283    i.__hardfp_atan     m_wm.l(atan.o)
    0x08015490   0x08015490   0x00000200   Code   RO        15940    i.__hardfp_atan2    m_wm.l(atan2.o)
    0x08015690   0x08015690   0x000002ac   Code   RO        15952    i.__hardfp_atan2f   m_wm.l(atan2f.o)
    0x0801593c   0x0801593c   0x00000160   Code   RO        15964    i.__hardfp_atanf    m_wm.l(atanf.o)
    0x08015a9c   0x08015a9c   0x00000004   PAD
    0x08015aa0   0x08015aa0   0x000000c8   Code   RO        15976    i.__hardfp_cos      m_wm.l(cos.o)
    0x08015b68   0x08015b68   0x00000150   Code   RO        15988    i.__hardfp_cosf     m_wm.l(cosf.o)
    0x08015cb8   0x08015cb8   0x00000014   Code   RO        16000    i.__hardfp_fabs     m_wm.l(fabs.o)
    0x08015ccc   0x08015ccc   0x00000004   PAD
    0x08015cd0   0x08015cd0   0x000000c8   Code   RO        16012    i.__hardfp_sin      m_wm.l(sin.o)
    0x08015d98   0x08015d98   0x00000190   Code   RO        16024    i.__hardfp_sinf     m_wm.l(sinf.o)
    0x08015f28   0x08015f28   0x0000007a   Code   RO        16048    i.__hardfp_sqrt     m_wm.l(sqrt_full.o)
    0x08015fa2   0x08015fa2   0x0000003a   Code   RO        16054    i.__hardfp_sqrtf    m_wm.l(sqrtf_full.o)
    0x08015fdc   0x08015fdc   0x0000017c   Code   RO        16036    i.__hardfp_tanf     m_wm.l(tanf.o)
    0x08016158   0x08016158   0x00000438   Code   RO        16331    i.__ieee754_rem_pio2  m_wm.l(rred.o)
    0x08016590   0x08016590   0x00000170   Code   RO        16297    i.__kernel_cos      m_wm.l(cos_i.o)
    0x08016700   0x08016700   0x000000f8   Code   RO        16427    i.__kernel_poly     m_wm.l(poly.o)
    0x080167f8   0x080167f8   0x00000130   Code   RO        16339    i.__kernel_sin      m_wm.l(sin_i.o)
    0x08016928   0x08016928   0x00000014   Code   RO        16301    i.__mathlib_dbl_infnan  m_wm.l(dunder.o)
    0x0801693c   0x0801693c   0x00000014   Code   RO        16302    i.__mathlib_dbl_infnan2  m_wm.l(dunder.o)
    0x08016950   0x08016950   0x00000020   Code   RO        16303    i.__mathlib_dbl_invalid  m_wm.l(dunder.o)
    0x08016970   0x08016970   0x00000020   Code   RO        16306    i.__mathlib_dbl_underflow  m_wm.l(dunder.o)
    0x08016990   0x08016990   0x00000006   Code   RO        16317    i.__mathlib_flt_infnan  m_wm.l(funder.o)
    0x08016996   0x08016996   0x00000006   Code   RO        16318    i.__mathlib_flt_infnan2  m_wm.l(funder.o)
    0x0801699c   0x0801699c   0x00000010   Code   RO        16319    i.__mathlib_flt_invalid  m_wm.l(funder.o)
    0x080169ac   0x080169ac   0x00000010   Code   RO        16322    i.__mathlib_flt_underflow  m_wm.l(funder.o)
    0x080169bc   0x080169bc   0x00000154   Code   RO        16336    i.__mathlib_rredf2  m_wm.l(rredf.o)
    0x08016b10   0x08016b10   0x00000006   Code   RO        10393    i.__set_PRIMASK     fifo.o
    0x08016b16   0x08016b16   0x00000002   PAD
    0x08016b18   0x08016b18   0x00000068   Code   RO         9263    i.aRGB_led_show     bsp_led.o
    0x08016b80   0x08016b80   0x0000003c   Code   RO         8731    i.adcx_get_chx_value  bsp_adc.o
    0x08016bbc   0x08016bbc   0x0000016c   Code   RO        15403    i.angle_to_quat     AHRS.lib(ahrs.o)
    0x08016d28   0x08016d28   0x00000030   Code   RO        10331    i.append_CRC16_check_sum  crc8_crc16.o
    0x08016d58   0x08016d58   0x00000024   Code   RO        10332    i.append_CRC8_check_sum  crc8_crc16.o
    0x08016d7c   0x08016d7c   0x00000010   Code   RO        16285    i.atan              m_wm.l(atan.o)
    0x08016d8c   0x08016d8c   0x00000044   Code   RO        13700    i.battery_voltage_task  voltage_task.o
    0x08016dd0   0x08016dd0   0x00000134   Code   RO         9667    i.bmi088_accel_init  bmi088driver.o
    0x08016f04   0x08016f04   0x000002fc   Code   RO         9668    i.bmi088_accel_self_test  bmi088driver.o
    0x08017200   0x08017200   0x000000f4   Code   RO         9669    i.bmi088_gyro_init  bmi088driver.o
    0x080172f4   0x080172f4   0x000000d0   Code   RO         9670    i.bmi088_gyro_self_test  bmi088driver.o
    0x080173c4   0x080173c4   0x000000d8   Code   RO        12529    i.board_rotate      imu_task.o
    0x0801749c   0x0801749c   0x0000004c   Code   RO         9166    i.bsp_I2C_reset     bsp_i2c.o
    0x080174e8   0x080174e8   0x000000d4   Code   RO         8878    i.buzzer_note       bsp_buzzer.o
    0x080175bc   0x080175bc   0x00000010   Code   RO         8879    i.buzzer_off        bsp_buzzer.o
    0x080175cc   0x080175cc   0x000000e8   Code   RO        13701    i.calc_battery_percentage  voltage_task.o
    0x080176b4   0x080176b4   0x0000002c   Code   RO        12019    i.calculate_crc16   usb_task.o
    0x080176e0   0x080176e0   0x0000005c   Code   RO         8919    i.can_filter_init   bsp_can.o
    0x0801773c   0x0801773c   0x00000040   Code   RO        11269    i.chassis_task      chassis_task.o
    0x0801777c   0x0801777c   0x00000028   Code   RO        11848    i.communication_task  communication_task.o
    0x080177a4   0x080177a4   0x00000030   Code   RO         8993    i.delay_init        bsp_delay.o
    0x080177d4   0x080177d4   0x00000050   Code   RO         8995    i.delay_us          bsp_delay.o
    0x08017824   0x08017824   0x00000124   Code   RO        10910    i.detect_hook       detect_task.o
    0x08017948   0x08017948   0x00000184   Code   RO        10911    i.detect_init       detect_task.o
    0x08017acc   0x08017acc   0x00000288   Code   RO        10912    i.detect_task       detect_task.o
    0x08017d54   0x08017d54   0x0000002c   Code   RO        11002    i.develop_task      develop_task.o
    0x08017d80   0x08017d80   0x00000018   Code   RO        16002    i.fabs              m_wm.l(fabs.o)
    0x08017d98   0x08017d98   0x0000003a   Code   RO        10411    i.fifo_s_get        fifo.o
    0x08017dd2   0x08017dd2   0x00000016   Code   RO        10414    i.fifo_s_init       fifo.o
    0x08017de8   0x08017de8   0x0000004c   Code   RO        10419    i.fifo_s_put        fifo.o
    0x08017e34   0x08017e34   0x000000a0   Code   RO        10420    i.fifo_s_puts       fifo.o
    0x08017ed4   0x08017ed4   0x00000006   Code   RO        10422    i.fifo_s_used       fifo.o
    0x08017eda   0x08017eda   0x00000032   Code   RO        10184    i.float_to_uint     user_lib.o
    0x08017f0c   0x08017f0c   0x0000002a   Code   RO        10185    i.fp32_constrain    user_lib.o
    0x08017f36   0x08017f36   0x00000002   PAD
    0x08017f38   0x08017f38   0x000000a0   Code   RO        12712    i.gEstimateKF_Init  imu_solve.o
    0x08017fd8   0x08017fd8   0x00000104   Code   RO        12713    i.gEstimateKF_Update  imu_solve.o
    0x080180dc   0x080180dc   0x00000034   Code   RO        10333    i.get_CRC16_check_sum  crc8_crc16.o
    0x08018110   0x08018110   0x00000024   Code   RO        10334    i.get_CRC8_check_sum  crc8_crc16.o
    0x08018134   0x08018134   0x00000008   Code   RO        12531    i.get_INS_quat_point  imu_task.o
    0x0801813c   0x0801813c   0x00000048   Code   RO         8732    i.get_battery_voltage  bsp_adc.o
    0x08018184   0x08018184   0x00000008   Code   RO        10913    i.get_error_list_point  detect_task.o
    0x0801818c   0x0801818c   0x00000008   Code   RO        13553    i.get_remote_control_point  remote_control.o
    0x08018194   0x08018194   0x00000008   Code   RO        13554    i.get_sbus_point    remote_control.o
    0x0801819c   0x0801819c   0x000001a8   Code   RO        12537    i.imu_cmd_spi_dma   imu_task.o
    0x08018344   0x08018344   0x0000000c   Code   RO         9131    i.imu_pwm_set       bsp_imu_pwm.o
    0x08018350   0x08018350   0x000000f4   Code   RO        12538    i.imu_rotate        imu_task.o
    0x08018444   0x08018444   0x000000a4   Code   RO        12539    i.imu_temp_control  imu_task.o
    0x080184e8   0x080184e8   0x000000dc   Code   RO        13761    i.init_referee_struct_data  referee.o
    0x080185c4   0x080185c4   0x00000040   Code   RO         8735    i.init_vrefint_reciprocal  bsp_adc.o
    0x08018604   0x08018604   0x0000003c   Code   RO        12714    i.invSqrt           imu_solve.o
    0x08018640   0x08018640   0x00000002   Code   RO         9925    i.ist8310_GPIO_init  ist8310driver_middleware.o
    0x08018642   0x08018642   0x00000002   PAD
    0x08018644   0x08018644   0x00000028   Code   RO         9927    i.ist8310_IIC_read_single_reg  ist8310driver_middleware.o
    0x0801866c   0x0801866c   0x00000028   Code   RO         9929    i.ist8310_IIC_write_single_reg  ist8310driver_middleware.o
    0x08018694   0x08018694   0x00000014   Code   RO         9930    i.ist8310_RST_H     ist8310driver_middleware.o
    0x080186a8   0x080186a8   0x00000014   Code   RO         9931    i.ist8310_RST_L     ist8310driver_middleware.o
    0x080186bc   0x080186bc   0x00000002   Code   RO         9932    i.ist8310_com_init  ist8310driver_middleware.o
    0x080186be   0x080186be   0x0000000c   Code   RO         9933    i.ist8310_delay_ms  ist8310driver_middleware.o
    0x080186ca   0x080186ca   0x00000002   PAD
    0x080186cc   0x080186cc   0x00000094   Code   RO         9890    i.ist8310_init      ist8310driver.o
    0x08018760   0x08018760   0x000001e8   Code   RO        13862    i.jlui_ui_task      referee_usart_task.o
    0x08018948   0x08018948   0x000001b0   Code   RO        13474    i.led_RGB_flow_task  led_flow_task.o
    0x08018af8   0x08018af8   0x00000060   Code   RO        10190    i.loop_fp32_constrain  user_lib.o
    0x08018b58   0x08018b58   0x00000080   Code   RO           15    i.main              main.o
    0x08018bd8   0x08018bd8   0x0000000c   Code   RO         7824    i.makeFreeRtosPriority  cmsis_os.o
    0x08018be4   0x08018be4   0x00000030   Code   RO        12897    i.music_task        music_task.o
    0x08018c14   0x08018c14   0x00000010   Code   RO         7826    i.osDelay           cmsis_os.o
    0x08018c24   0x08018c24   0x0000000a   Code   RO         7829    i.osKernelStart     cmsis_os.o
    0x08018c2e   0x08018c2e   0x00000014   Code   RO         7862    i.osSystickHandler  cmsis_os.o
    0x08018c42   0x08018c42   0x0000005c   Code   RO         7863    i.osThreadCreate    cmsis_os.o
    0x08018c9e   0x08018c9e   0x00000002   PAD
    0x08018ca0   0x08018ca0   0x00000024   Code   RO         7321    i.pcTaskGetName     tasks.o
    0x08018cc4   0x08018cc4   0x00000080   Code   RO         7322    i.prvAddCurrentTaskToDelayedList  tasks.o
    0x08018d44   0x08018d44   0x00000088   Code   RO         7323    i.prvAddNewTaskToReadyList  tasks.o
    0x08018dcc   0x08018dcc   0x0000005c   Code   RO         7671    i.prvCheckForValidListAndQueue  timers.o
    0x08018e28   0x08018e28   0x00000040   Code   RO         7324    i.prvCheckTasksWaitingTermination  tasks.o
    0x08018e68   0x08018e68   0x00000024   Code   RO         6978    i.prvCopyDataFromQueue  queue.o
    0x08018e8c   0x08018e8c   0x0000006e   Code   RO         6979    i.prvCopyDataToQueue  queue.o
    0x08018efa   0x08018efa   0x00000040   Code   RO         7325    i.prvDeleteTCB      tasks.o
    0x08018f3a   0x08018f3a   0x00000002   PAD
    0x08018f3c   0x08018f3c   0x00000024   Code   RO         7672    i.prvGetNextExpireTime  timers.o
    0x08018f60   0x08018f60   0x00000050   Code   RO         8203    i.prvHeapInit       heap_4.o
    0x08018fb0   0x08018fb0   0x00000028   Code   RO         7326    i.prvIdleTask       tasks.o
    0x08018fd8   0x08018fd8   0x00000018   Code   RO         6982    i.prvInitialiseNewQueue  queue.o
    0x08018ff0   0x08018ff0   0x00000090   Code   RO         7327    i.prvInitialiseNewTask  tasks.o
    0x08019080   0x08019080   0x00000060   Code   RO         7328    i.prvInitialiseTaskLists  tasks.o
    0x080190e0   0x080190e0   0x0000005c   Code   RO         8204    i.prvInsertBlockIntoFreeList  heap_4.o
    0x0801913c   0x0801913c   0x00000048   Code   RO         7674    i.prvInsertTimerInActiveList  timers.o
    0x08019184   0x08019184   0x0000001a   Code   RO         6983    i.prvIsQueueEmpty   queue.o
    0x0801919e   0x0801919e   0x0000001e   Code   RO         6984    i.prvIsQueueFull    queue.o
    0x080191bc   0x080191bc   0x0000005c   Code   RO         7675    i.prvProcessExpiredTimer  timers.o
    0x08019218   0x08019218   0x000000d8   Code   RO         7676    i.prvProcessReceivedCommands  timers.o
    0x080192f0   0x080192f0   0x0000006c   Code   RO         7677    i.prvProcessTimerOrBlockTask  timers.o
    0x0801935c   0x0801935c   0x00000024   Code   RO         7329    i.prvResetNextTaskUnblockTime  tasks.o
    0x08019380   0x08019380   0x0000002c   Code   RO         7678    i.prvSampleTimeNow  timers.o
    0x080193ac   0x080193ac   0x0000005e   Code   RO         7330    i.prvSearchForNameWithinSingleList  tasks.o
    0x0801940a   0x0801940a   0x00000002   PAD
    0x0801940c   0x0801940c   0x00000074   Code   RO         7679    i.prvSwitchTimerLists  timers.o
    0x08019480   0x08019480   0x00000018   Code   RO         7331    i.prvTaskCheckFreeStackSpace  tasks.o
    0x08019498   0x08019498   0x00000030   Code   RO         8253    i.prvTaskExitError  port.o
    0x080194c8   0x080194c8   0x00000014   Code   RO         7680    i.prvTimerTask      timers.o
    0x080194dc   0x080194dc   0x00000068   Code   RO         6985    i.prvUnlockQueue    queue.o
    0x08019544   0x08019544   0x000000e4   Code   RO         8205    i.pvPortMalloc      heap_4.o
    0x08019628   0x08019628   0x0000002c   Code   RO         8254    i.pxPortInitialiseStack  port.o
    0x08019654   0x08019654   0x00000294   Code   RO        13762    i.referee_data_solve  referee.o
    0x080198e8   0x080198e8   0x0000014c   Code   RO        13863    i.referee_unpack_fifo_data  referee_usart_task.o
    0x08019a34   0x08019a34   0x00000038   Code   RO        13864    i.referee_usart_task  referee_usart_task.o
    0x08019a6c   0x08019a6c   0x00000014   Code   RO        13555    i.remote_control_init  remote_control.o
    0x08019a80   0x08019a80   0x000000da   Code   RO        13556    i.sbus_to_rc        remote_control.o
    0x08019b5a   0x08019b5a   0x00000002   PAD
    0x08019b5c   0x08019b5c   0x00000058   Code   RO        13557    i.sbus_to_usart1    remote_control.o
    0x08019bb4   0x08019bb4   0x0000003e   Code   RO        16056    i.sqrtf             m_wm.l(sqrtf_full.o)
    0x08019bf2   0x08019bf2   0x00000002   PAD
    0x08019bf4   0x08019bf4   0x00000018   Code   RO        13670    i.test_task         test_task.o
    0x08019c0c   0x08019c0c   0x00000054   Code   RO        10195    i.theta_transform   user_lib.o
    0x08019c60   0x08019c60   0x00000034   Code   RO        10197    i.uint_to_float     user_lib.o
    0x08019c94   0x08019c94   0x00000068   Code   RO         7334    i.ulTaskNotifyTake  tasks.o
    0x08019cfc   0x08019cfc   0x00000140   Code   RO         9402    i.usart1_init       bsp_usart.o
    0x08019e3c   0x08019e3c   0x000000a8   Code   RO         9403    i.usart1_tx_dma_enable  bsp_usart.o
    0x08019ee4   0x08019ee4   0x00000074   Code   RO         9404    i.usart1_tx_dma_init  bsp_usart.o
    0x08019f58   0x08019f58   0x00000138   Code   RO         9405    i.usart6_init       bsp_usart.o
    0x0801a090   0x0801a090   0x000000c4   Code   RO        12020    i.usb_task          usb_task.o
    0x0801a154   0x0801a154   0x00000026   Code   RO         6938    i.uxListRemove      list.o
    0x0801a17a   0x0801a17a   0x00000002   PAD
    0x0801a17c   0x0801a17c   0x00000014   Code   RO         7336    i.uxTaskGetStackHighWaterMark  tasks.o
    0x0801a190   0x0801a190   0x00000018   Code   RO          513    i.vApplicationGetIdleTaskMemory  freertos.o
    0x0801a1a8   0x0801a1a8   0x00000018   Code   RO          514    i.vApplicationGetTimerTaskMemory  freertos.o
    0x0801a1c0   0x0801a1c0   0x00000016   Code   RO         6939    i.vListInitialise   list.o
    0x0801a1d6   0x0801a1d6   0x00000006   Code   RO         6940    i.vListInitialiseItem  list.o
    0x0801a1dc   0x0801a1dc   0x00000036   Code   RO         6941    i.vListInsert       list.o
    0x0801a212   0x0801a212   0x00000018   Code   RO         6942    i.vListInsertEnd    list.o
    0x0801a22a   0x0801a22a   0x00000002   PAD
    0x0801a22c   0x0801a22c   0x00000040   Code   RO         8256    i.vPortEnterCritical  port.o
    0x0801a26c   0x0801a26c   0x0000002c   Code   RO         8257    i.vPortExitCritical  port.o
    0x0801a298   0x0801a298   0x0000005c   Code   RO         8206    i.vPortFree         heap_4.o
    0x0801a2f4   0x0801a2f4   0x00000024   Code   RO         8258    i.vPortSetupTimerInterrupt  port.o
    0x0801a318   0x0801a318   0x00000054   Code   RO         8259    i.vPortValidateInterruptPriority  port.o
    0x0801a36c   0x0801a36c   0x00000028   Code   RO         6989    i.vQueueAddToRegistry  queue.o
    0x0801a394   0x0801a394   0x0000004a   Code   RO         6992    i.vQueueWaitForMessageRestricted  queue.o
    0x0801a3de   0x0801a3de   0x00000002   PAD
    0x0801a3e0   0x0801a3e0   0x00000050   Code   RO         7340    i.vTaskDelay        tasks.o
    0x0801a430   0x0801a430   0x00000010   Code   RO         7344    i.vTaskInternalSetTimeOutState  tasks.o
    0x0801a440   0x0801a440   0x0000000c   Code   RO         7345    i.vTaskMissedYield  tasks.o
    0x0801a44c   0x0801a44c   0x000000c0   Code   RO         7346    i.vTaskNotifyGiveFromISR  tasks.o
    0x0801a50c   0x0801a50c   0x00000034   Code   RO         7347    i.vTaskPlaceOnEventList  tasks.o
    0x0801a540   0x0801a540   0x0000003c   Code   RO         7348    i.vTaskPlaceOnEventListRestricted  tasks.o
    0x0801a57c   0x0801a57c   0x00000090   Code   RO         7355    i.vTaskStartScheduler  tasks.o
    0x0801a60c   0x0801a60c   0x00000010   Code   RO         7357    i.vTaskSuspendAll   tasks.o
    0x0801a61c   0x0801a61c   0x00000060   Code   RO         7358    i.vTaskSwitchContext  tasks.o
    0x0801a67c   0x0801a67c   0x00000040   Code   RO        10335    i.verify_CRC16_check_sum  crc8_crc16.o
    0x0801a6bc   0x0801a6bc   0x0000002e   Code   RO        10336    i.verify_CRC8_check_sum  crc8_crc16.o
    0x0801a6ea   0x0801a6ea   0x00000036   Code   RO        12021    i.verify_crc16      usb_task.o
    0x0801a720   0x0801a720   0x00000104   Code   RO         8260    i.xPortStartScheduler  port.o
    0x0801a824   0x0801a824   0x0000002c   Code   RO         8261    i.xPortSysTickHandler  port.o
    0x0801a850   0x0801a850   0x00000070   Code   RO         6996    i.xQueueGenericCreateStatic  queue.o
    0x0801a8c0   0x0801a8c0   0x00000090   Code   RO         6997    i.xQueueGenericReset  queue.o
    0x0801a950   0x0801a950   0x00000170   Code   RO         6998    i.xQueueGenericSend  queue.o
    0x0801aac0   0x0801aac0   0x000000bc   Code   RO         6999    i.xQueueGenericSendFromISR  queue.o
    0x0801ab7c   0x0801ab7c   0x00000148   Code   RO         7007    i.xQueueReceive     queue.o
    0x0801acc4   0x0801acc4   0x00000098   Code   RO         7360    i.xTaskCheckForTimeOut  tasks.o
    0x0801ad5c   0x0801ad5c   0x0000006c   Code   RO         7361    i.xTaskCreate       tasks.o
    0x0801adc8   0x0801adc8   0x00000060   Code   RO         7362    i.xTaskCreateStatic  tasks.o
    0x0801ae28   0x0801ae28   0x0000008c   Code   RO         7366    i.xTaskGetHandle    tasks.o
    0x0801aeb4   0x0801aeb4   0x0000001c   Code   RO         7367    i.xTaskGetSchedulerState  tasks.o
    0x0801aed0   0x0801aed0   0x0000000c   Code   RO         7368    i.xTaskGetTickCount  tasks.o
    0x0801aedc   0x0801aedc   0x000000d0   Code   RO         7370    i.xTaskIncrementTick  tasks.o
    0x0801afac   0x0801afac   0x0000009c   Code   RO         7373    i.xTaskPriorityDisinherit  tasks.o
    0x0801b048   0x0801b048   0x00000078   Code   RO         7375    i.xTaskRemoveFromEventList  tasks.o
    0x0801b0c0   0x0801b0c0   0x000000cc   Code   RO         7376    i.xTaskResumeAll    tasks.o
    0x0801b18c   0x0801b18c   0x00000068   Code   RO         7685    i.xTimerCreateTimerTask  timers.o
    0x0801b1f4   0x0801b1f4   0x00000074   Code   RO         7686    i.xTimerGenericCommand  timers.o
    0x0801b268   0x0801b268   0x00000050   Code   RO        14011    t._ZN29_INTERNAL_8_jlui_cpp_4d8a725032JLUI_Internal_LoopScanObjectListIZ13JLUI_10HzTickEUljR12JluiUiObjectE0_EEvjjT_  jlui.o
    0x0801b2b8   0x0801b2b8   0x0000007c   Code   RO        14012    t._ZN29_INTERNAL_8_jlui_cpp_4d8a725032JLUI_Internal_LoopScanObjectListIZ13JLUI_10HzTickEUljR12JluiUiObjectE_EEvjjT_  jlui.o
    0x0801b334   0x0801b334   0x00000012   Code   RO        14265    t._ZSt3minIjERKT_S2_S2_  jlui.o
    0x0801b346   0x0801b346   0x00000018   Code   RO        16250    x$fpl$basic         g_wm.l(basic.o)
    0x0801b35e   0x0801b35e   0x00000002   PAD
    0x0801b360   0x0801b360   0x000002c4   Code   RO        15884    x$fpl$d2f           g_wm.l(d2f_clz.o)
    0x0801b624   0x0801b624   0x0000024c   Code   RO        15886    x$fpl$dadd          g_wm.l(daddsub_clz.o)
    0x0801b870   0x0801b870   0x00000018   Code   RO        16252    x$fpl$dcmpinf       g_wm.l(dcmpi.o)
    0x0801b888   0x0801b888   0x0000037c   Code   RO        15893    x$fpl$ddiv          g_wm.l(ddiv_clz.o)
    0x0801bc04   0x0801bc04   0x00000074   Code   RO        15896    x$fpl$deqf          g_wm.l(deqf.o)
    0x0801bc78   0x0801bc78   0x000000c8   Code   RO        16417    x$fpl$dfix          g_wm.l(dfix.o)
    0x0801bd40   0x0801bd40   0x0000002e   Code   RO        15903    x$fpl$dflt          g_wm.l(dflt_clz.o)
    0x0801bd6e   0x0801bd6e   0x0000001a   Code   RO        15904    x$fpl$dfltn         g_wm.l(dflt_clz.o)
    0x0801bd88   0x0801bd88   0x00000026   Code   RO        15902    x$fpl$dfltu         g_wm.l(dflt_clz.o)
    0x0801bdae   0x0801bdae   0x00000002   PAD
    0x0801bdb0   0x0801bdb0   0x00000078   Code   RO        15908    x$fpl$dleqf         g_wm.l(dleqf.o)
    0x0801be28   0x0801be28   0x000001c0   Code   RO        15910    x$fpl$dmul          g_wm.l(dmul_clz.o)
    0x0801bfe8   0x0801bfe8   0x00000102   Code   RO        16254    x$fpl$dnaninf       g_wm.l(dnaninf.o)
    0x0801c0ea   0x0801c0ea   0x00000070   Code   RO        16256    x$fpl$drenorm       g_wm.l(drenorm_clz.o)
    0x0801c15a   0x0801c15a   0x0000000c   Code   RO        16258    x$fpl$dretinf       g_wm.l(dretinf.o)
    0x0801c166   0x0801c166   0x00000062   Code   RO        15912    x$fpl$drleqf        g_wm.l(drleqf.o)
    0x0801c1c8   0x0801c1c8   0x00000050   Code   RO        15887    x$fpl$drsb          g_wm.l(daddsub_clz.o)
    0x0801c218   0x0801c218   0x00000208   Code   RO        16260    x$fpl$dsqrt         g_wm.l(dsqrt_umaalclz.o)
    0x0801c420   0x0801c420   0x0000029c   Code   RO        15888    x$fpl$dsub          g_wm.l(daddsub_clz.o)
    0x0801c6bc   0x0801c6bc   0x0000017a   Code   RO        16262    x$fpl$dunder        g_wm.l(dunder_clz.o)
    0x0801c836   0x0801c836   0x00000002   PAD
    0x0801c838   0x0801c838   0x000001ec   Code   RO        16264    x$fpl$exception     g_wm.l(except.o)
    0x0801ca24   0x0801ca24   0x0000007a   Code   RO        15914    x$fpl$f2d           g_wm.l(f2d.o)
    0x0801ca9e   0x0801ca9e   0x000000f2   Code   RO        16266    x$fpl$fnaninf       g_wm.l(fnaninf.o)
    0x0801cb90   0x0801cb90   0x0000000a   Code   RO        16421    x$fpl$fpinit        g_wm.l(fpinit.o)
    0x0801cb9a   0x0801cb9a   0x0000000a   Code   RO        16268    x$fpl$fretinf       g_wm.l(fretinf.o)
    0x0801cba4   0x0801cba4   0x0000013c   Code   RO        16270    x$fpl$funder        g_wm.l(funder_clz.o)
    0x0801cce0   0x0801cce0   0x000000b2   Code   RO        16423    x$fpl$retnan        g_wm.l(retnan.o)
    0x0801cd92   0x0801cd92   0x0000007e   Code   RO        16280    x$fpl$trapveneer    g_wm.l(trapv.o)
    0x0801ce10   0x0801ce10   0x00000000   Code   RO        16282    x$fpl$usenofp       g_wm.l(usenofp.o)
    0x0801ce10   0x0801ce10   0x00000150   Data   RO          516    .constdata          freertos.o
    0x0801cf60   0x0801cf60   0x00000008   Data   RO         2916    .constdata          stm32f4xx_hal_dma.o
    0x0801cf68   0x0801cf68   0x00000018   Data   RO         6677    .constdata          system_stm32f4xx.o
    0x0801cf80   0x0801cf80   0x00000012   Data   RO         9675    .constdata          bmi088driver.o
    0x0801cf92   0x0801cf92   0x0000000c   Data   RO         9893    .constdata          ist8310driver.o
    0x0801cf9e   0x0801cf9e   0x00000302   Data   RO        10337    .constdata          crc8_crc16.o
    0x0801d2a0   0x0801d2a0   0x00000054   Data   RO        10916    .constdata          detect_task.o
    0x0801d2f4   0x0801d2f4   0x000000c8   Data   RO        11431    .constdata          chassis_balance.o
    0x0801d3bc   0x0801d3bc   0x00000004   Data   RO        11902    .constdata          communication.o
    0x0801d3c0   0x0801d3c0   0x00000200   Data   RO        12023    .constdata          usb_task.o
    0x0801d5c0   0x0801d5c0   0x0000000c   Data   RO        12541    .constdata          imu_task.o
    0x0801d5cc   0x0801d5cc   0x00000024   Data   RO        12716    .constdata          imu_solve.o
    0x0801d5f0   0x0801d5f0   0x00000010   Data   RO        14055    .constdata          jlui.o
    0x0801d600   0x0801d600   0x00000804   Data   RO        15765    .constdata          arm_cortexM4lf_math.lib(arm_common_tables.o)
    0x0801de04   0x0801de04   0x00000004   PAD
    0x0801de08   0x0801de08   0x00000098   Data   RO        16286    .constdata          m_wm.l(atan.o)
    0x0801dea0   0x0801dea0   0x00000030   Data   RO        16298    .constdata          m_wm.l(cos_i.o)
    0x0801ded0   0x0801ded0   0x00000008   Data   RO        16330    .constdata          m_wm.l(qnan.o)
    0x0801ded8   0x0801ded8   0x000000c8   Data   RO        16333    .constdata          m_wm.l(rred.o)
    0x0801dfa0   0x0801dfa0   0x00000020   Data   RO        16337    .constdata          m_wm.l(rredf.o)
    0x0801dfc0   0x0801dfc0   0x00000028   Data   RO        16340    .constdata          m_wm.l(sin_i.o)
    0x0801dfe8   0x0801dfe8   0x00000079   Data   RO          517    .conststring        freertos.o
    0x0801e061   0x0801e061   0x00000003   PAD
    0x0801e064   0x0801e064   0x00000020   Data   RO        16556    Region$$Table       anon$$obj.o


    Execution Region RW_IRAM1 (Exec base: 0x20000000, Load base: 0x0801e084, Size: 0x000103f0, Max: 0x00020000, ABSOLUTE, COMPRESSED[0x000001c0])

    Exec Addr    Load Addr    Size         Type   Attr      Idx    E Section Name        Object

    0x20000000   COMPRESSED   0x00000034   Data   RW          518    .data               freertos.o
    0x20000034   COMPRESSED   0x00000004   Data   RW          644    .data               can.o
    0x20000038   COMPRESSED   0x00000008   Data   RW          691    .data               crc.o
    0x20000040   COMPRESSED   0x0000004e   Data   RW         1465    .data               usbd_desc.o
    0x2000008e   COMPRESSED   0x00000002   PAD
    0x20000090   COMPRESSED   0x00000010   Data   RW         1553    .data               usbd_cdc_if.o
    0x200000a0   COMPRESSED   0x0000000c   Data   RW         3338    .data               stm32f4xx_hal.o
    0x200000ac   COMPRESSED   0x00000004   Data   RW         6678    .data               system_stm32f4xx.o
    0x200000b0   COMPRESSED   0x0000003c   Data   RW         7379    .data               tasks.o
    0x200000ec   COMPRESSED   0x00000014   Data   RW         7694    .data               timers.o
    0x20000100   COMPRESSED   0x00000018   Data   RW         8211    .data               heap_4.o
    0x20000118   COMPRESSED   0x0000000c   Data   RW         8262    .data               port.o
    0x20000124   COMPRESSED   0x00000001   Data   RW         8484    .data               usbd_ctlreq.o
    0x20000125   COMPRESSED   0x00000003   PAD
    0x20000128   COMPRESSED   0x000000d7   Data   RW         8640    .data               usbd_cdc.o
    0x200001ff   COMPRESSED   0x00000001   PAD
    0x20000200   COMPRESSED   0x00000038   Data   RW         8641    .data               usbd_cdc.o
    0x20000238   COMPRESSED   0x00000004   Data   RW         8737    .data               bsp_adc.o
    0x2000023c   COMPRESSED   0x00000008   Data   RW         8996    .data               bsp_delay.o
    0x20000244   COMPRESSED   0x00000008   Data   RW         9264    .data               bsp_led.o
    0x2000024c   COMPRESSED   0x00000008   Data   RW         9540    .data               oled.o
    0x20000254   COMPRESSED   0x0000002c   Data   RW         9676    .data               bmi088driver.o
    0x20000280   COMPRESSED   0x00000002   Data   RW        10338    .data               crc8_crc16.o
    0x20000282   COMPRESSED   0x00000004   Data   RW        10677    .data               kalman_filter.o
    0x20000286   COMPRESSED   0x00000002   PAD
    0x20000288   COMPRESSED   0x00000009   Data   RW        10917    .data               detect_task.o
    0x20000291   COMPRESSED   0x00000003   PAD
    0x20000294   COMPRESSED   0x00000008   Data   RW        11003    .data               develop_task.o
    0x2000029c   COMPRESSED   0x00000005   Data   RW        11057    .data               data_exchange.o
    0x200002a1   COMPRESSED   0x00000003   PAD
    0x200002a4   COMPRESSED   0x00000008   Data   RW        11272    .data               chassis_task.o
    0x200002ac   COMPRESSED   0x00000008   Data   RW        11432    .data               chassis_balance.o
    0x200002b4   COMPRESSED   0x00000004   Data   RW        11849    .data               communication_task.o
    0x200002b8   COMPRESSED   0x00000014   Data   RW        11903    .data               communication.o
    0x200002cc   COMPRESSED   0x0000001a   Data   RW        12024    .data               usb_task.o
    0x200002e6   COMPRESSED   0x00000002   PAD
    0x200002e8   COMPRESSED   0x000000c8   Data   RW        12542    .data               imu_task.o
    0x200003b0   COMPRESSED   0x000003d4   Data   RW        12717    .data               imu_solve.o
    0x20000784   COMPRESSED   0x0000001c   Data   RW        12899    .data               music_task.o
    0x200007a0   COMPRESSED   0x0000001c   Data   RW        13475    .data               led_flow_task.o
    0x200007bc   COMPRESSED   0x00000033   Data   RW        13561    .data               remote_control.o
    0x200007ef   COMPRESSED   0x00000001   PAD
    0x200007f0   COMPRESSED   0x00000004   Data   RW        13671    .data               test_task.o
    0x200007f4   COMPRESSED   0x00000008   Data   RW        13703    .data               voltage_task.o
    0x200007fc   COMPRESSED   0x00000033   Data   RW        13764    .data               referee.o
    0x2000082f   COMPRESSED   0x00000001   PAD
    0x20000830   COMPRESSED   0x0000001c   Data   RW        13866    .data               referee_usart_task.o
    0x2000084c   COMPRESSED   0x00000014   Data   RW        14057    .data               jlui.o
    0x20000860   COMPRESSED   0x00000037   Data   RW        14611    .data               can_receive.o
    0x20000897   COMPRESSED   0x00000001   PAD
    0x20000898   COMPRESSED   0x00000024   Data   RW        14755    .data               can_cmd_dji.o
    0x200008bc   COMPRESSED   0x00000004   Data   RW        14881    .data               motor.o
    0x200008c0   COMPRESSED   0x00000024   Data   RW        14924    .data               can_cmd_damiao.o
    0x200008e4   COMPRESSED   0x00000010   Data   RW        15412    .data               AHRS.lib(ahrs.o)
    0x200008f4        -       0x000006a8   Zero   RW          515    .bss                freertos.o
    0x20000f9c        -       0x00000090   Zero   RW          595    .bss                adc.o
    0x2000102c        -       0x00000050   Zero   RW          643    .bss                can.o
    0x2000107c        -       0x0000015c   Zero   RW          762    .bss                i2c.o
    0x200011d8        -       0x00000010   Zero   RW          814    .bss                rng.o
    0x200011e8        -       0x00000020   Zero   RW          856    .bss                rtc.o
    0x20001208        -       0x00000170   Zero   RW          899    .bss                spi.o
    0x20001378        -       0x00000180   Zero   RW          952    .bss                tim.o
    0x200014f8        -       0x000002a0   Zero   RW         1026    .bss                usart.o
    0x20001798        -       0x0000029c   Zero   RW         1204    .bss                usb_device.o
    0x20001a34        -       0x00000408   Zero   RW         1289    .bss                usbd_conf.o
    0x20001e3c        -       0x00000200   Zero   RW         1464    .bss                usbd_desc.o
    0x2000203c        -       0x00001000   Zero   RW         1552    .bss                usbd_cdc_if.o
    0x2000303c        -       0x00000040   Zero   RW         7010    .bss                queue.o
    0x2000307c        -       0x000000f0   Zero   RW         7378    .bss                tasks.o
    0x2000316c        -       0x00000110   Zero   RW         7693    .bss                timers.o
    0x2000327c        -       0x00006000   Zero   RW         8210    .bss                heap_4.o
    0x2000927c        -       0x00000010   Zero   RW         8736    .bss                bsp_adc.o
    0x2000928c        -       0x0000021c   Zero   RW        10915    .bss                detect_task.o
    0x200094a8        -       0x00000a7e   Zero   RW        11430    .bss                chassis_balance.o
    0x20009f26   COMPRESSED   0x00000002   PAD
    0x20009f28        -       0x0000093f   Zero   RW        11901    .bss                communication.o
    0x2000a867   COMPRESSED   0x00000001   PAD
    0x2000a868        -       0x00000370   Zero   RW        12022    .bss                usb_task.o
    0x2000abd8        -       0x00000144   Zero   RW        12540    .bss                imu_task.o
    0x2000ad1c        -       0x000002e0   Zero   RW        12715    .bss                imu_solve.o
    0x2000affc        -       0x000000c4   Zero   RW        12898    .bss                music_task.o
    0x2000b0c0        -       0x00000072   Zero   RW        13560    .bss                remote_control.o
    0x2000b132        -       0x000000f5   Zero   RW        13763    .bss                referee.o
    0x2000b227   COMPRESSED   0x00000001   PAD
    0x2000b228        -       0x000008c4   Zero   RW        13865    .bss                referee_usart_task.o
    0x2000baec        -       0x00000258   Zero   RW        14054    .bss                jlui.o
    0x2000bd44        -       0x000005d4   Zero   RW        14610    .bss                can_receive.o
    0x2000c318        -       0x00000078   Zero   RW        14880    .bss                motor.o
    0x2000c390        -       0x00000060   Zero   RW        16352    .bss                c_w.l(libspace.o)
    0x2000c3f0        -       0x00002000   Zero   RW            2    HEAP                startup_stm32f407xx.o
    0x2000e3f0        -       0x00002000   Zero   RW            1    STACK               startup_stm32f407xx.o


==============================================================================

Image component sizes


      Code (inc. data)   RO Data    RW Data    ZI Data      Debug   Object Name

       396         42          0          0        144       2414   adc.o
       168          4          0          0          0       5640   ahrs_middleware.o
      2338         40         18         44          0      10879   bmi088driver.o
       140         28          0          0          0       5004   bmi088middleware.o
       196         28          0          4         16     618037   bsp_adc.o
       228         24          0          0          0       1187   bsp_buzzer.o
       146          8          0          0          0       2192   bsp_can.o
       128         20          0          8          0       1388   bsp_delay.o
       200         30          0          0          0       1564   bsp_i2c.o
        12          4          0          0          0        518   bsp_imu_pwm.o
       104         22          0          8          0        608   bsp_led.o
       156         14          0          0          0       1054   bsp_rc.o
     10428        170          0          0          0       5694   bsp_spi.o
         0          0          0          0          0       1120   bsp_uart.o
       916         76          0          0          0       3208   bsp_usart.o
       488         44          0          4         80       2482   can.o
       712         44          0         36          0      23777   can_cmd_damiao.o
       116         12          0         36          0       6175   can_cmd_dji.o
      2428        180          0         55       1492      20486   can_receive.o
         0          0          0          0          0       1788   chassis.o
      9892        634        200          8       2686     617540   chassis_balance.o
      4946        340          0          0          0       8790   chassis_balance_extras.o
         0          0          0          0          0     600394   chassis_power_control.o
        64          4          0          8          0       2161   chassis_task.o
       112          0          0          0          0       3392   clist.o
       150          0          0          0          0      22898   cmsis_os.o
      1176        108          4         20       2367      15267   communication.o
        40          6          0          4          0        960   communication_task.o
        84         18          0          8          0       1539   crc.o
       282         20        770          2          0       5314   crc8_crc16.o
       188         14          0          5          0       2850   data_exchange.o
      1336         46         84          9        540       5994   detect_task.o
        44         10          0          8          0       4874   develop_task.o
       200          6          0          0          0        882   dma.o
         0          0          0          0          0      17976   event_groups.o
       334          0          0          0          0      11116   fifo.o
       396         74        457         52       1704       4707   freertos.o
        28         12          0          0          0       1784   gimbal_virtual.o
       648         32          0          0          0     746911   gpio.o
       492         32          0         24      24576       5083   heap_4.o
       700         80          0          0        348       3168   i2c.o
      3332        218         36        980        736      25512   imu_solve.o
      4264        332         12        200        324      21082   imu_task.o
       148          6         12          0          0       2039   ist8310driver.o
       136         22          0          0          0       4139   ist8310driver_middleware.o
      2780        586         16         20        600      25381   jlui.o
      3084         20          0          4          0      19061   kalman_filter.o
       432         10          0         28          0       1757   led_flow_task.o
       144          0          0          0          0       3746   list.o
       342         14          0          0          0     686096   main.o
       108         18          0          4        120       2188   motor.o
       516         68          0         28        196       8558   music_task.o
        44         10          0          8          0       2301   oled.o
         0          0          0          0          0       1084   oled_task.o
       704         12          0          0          0       3342   pid.o
       814         92          0         12          0      12261   port.o
      1584         24          0          0         64      15360   queue.o
       924        174          0         51        245      10306   referee.o
      1256        106          0         28       2244      14626   referee_usart_task.o
       930         76          0         51        114      11530   remote_control.o
        84         18          0          0         16       1539   rng.o
        76         16          0          0         32       1491   rtc.o
       604         54          0          0        368       2644   spi.o
        64         26        392          0      16384        864   startup_stm32f407xx.o
       188         30          0         12          0       4725   stm32f4xx_hal.o
      1234         44          0          0          0       5434   stm32f4xx_hal_adc.o
      2054          6          0          0          0      16189   stm32f4xx_hal_can.o
       208         16          0          0          0      33799   stm32f4xx_hal_cortex.o
        40          0          0          0          0       1103   stm32f4xx_hal_crc.o
      1120         18          8          0          0       6814   stm32f4xx_hal_dma.o
       578         28          0          0          0       3235   stm32f4xx_hal_gpio.o
      2728         48          0          0          0      13626   stm32f4xx_hal_i2c.o
        84          6          0          0          0        878   stm32f4xx_hal_msp.o
      2534         18          0          0          0      13833   stm32f4xx_hal_pcd.o
        84          0          0          0          0       2641   stm32f4xx_hal_pcd_ex.o
      1638        100          0          0          0       6560   stm32f4xx_hal_rcc.o
       380         34          0          0          0       1564   stm32f4xx_hal_rcc_ex.o
        52          0          0          0          0       1131   stm32f4xx_hal_rng.o
       312          0          0          0          0       2792   stm32f4xx_hal_rtc.o
       900          8          0          0          0       4737   stm32f4xx_hal_spi.o
      1450         46          0          0          0      13511   stm32f4xx_hal_tim.o
       180          0          0          0          0       2308   stm32f4xx_hal_tim_ex.o
      1882         34          0          0          0      12413   stm32f4xx_hal_uart.o
       184         42          0          0          0      23913   stm32f4xx_it.o
      2762        110          0          0          0      24014   stm32f4xx_ll_usb.o
         0          0          0          0          0        436   stream_buffer.o
       100         18         24          4          0       1275   system_stm32f4xx.o
      2878        244          0         60        240      31953   tasks.o
        24          6          0          4          0       1336   test_task.o
      2100        164          0          0        384       6955   tim.o
      1016         96          0         20        272      27775   timers.o
      1016         94          0          0        672     589787   usart.o
        76         16          0          0        668       5352   usb_device.o
      1414        228        512         26        880      15895   usb_task.o
       836         16          0        271          0      14082   usbd_cdc.o
       250         22          0         16       4096      11528   usbd_cdc_if.o
       990         18          0          0       1032      16264   usbd_conf.o
       736          0          0          0          0      13361   usbd_core.o
      1648         30          0          1          0      12104   usbd_ctlreq.o
       386        122          0         78        512       6849   usbd_desc.o
       132          0          0          0          0       4672   usbd_ioreq.o
       386         14          0          0          0       7577   user_lib.o
       300         62          0          8          0       1712   voltage_task.o

    ----------------------------------------------------------------------
     97756       5866       2580       2276      64156    4639855   Object Totals
         0          0         32          0          0          0   (incl. Generated)
        94          0          3         19          4          0   (incl. Padding)

    ----------------------------------------------------------------------

      Code (inc. data)   RO Data    RW Data    ZI Data      Debug   Library Member Name

      1032         42          0         16          0       4148   ahrs.o
         0          0       2052          0          0       4636   arm_common_tables.o
       120         12          0          0          0      16970   arm_cos_f32.o
       264          0          0          0          0       1482   arm_mat_add_f32.o
         8          0          0          0          0        843   arm_mat_init_f32.o
      1328          4          0          0          0       2718   arm_mat_inverse_f32.o
       316          4          0          0          0       1627   arm_mat_mult_f32.o
       264          0          0          0          0       1482   arm_mat_sub_f32.o
       276          0          0          0          0       1516   arm_mat_trans_f32.o
       116         12          0          0          0        658   arm_sin_f32.o
        90          0          0          0          0          0   __dczerorl2.o
         8          0          0          0          0         68   __main.o
         0          0          0          0          0          0   __rtentry.o
        12          0          0          0          0          0   __rtentry2.o
         6          0          0          0          0          0   __rtentry4.o
        52          8          0          0          0          0   __scatter.o
        28          0          0          0          0          0   __scatter_zi.o
        48          4          0          0          0         84   _fptrap.o
        22          0          0          0          0        100   _rserrno.o
        22          0          0          0          0         80   abort.o
        16          0          0          0          0         68   aeabi_memset.o
       128         42          0          0          0         76   assert.o
        20          0          0          0          0         76   assert_puts.o
        48         34          0          0          0         76   defsig_abrt_inner.o
        14          0          0          0          0         80   defsig_abrt_outer.o
        10          0          0          0          0         68   defsig_exit.o
       172        110          0          0          0         76   defsig_fpe_inner.o
        14          0          0          0          0         80   defsig_fpe_outer.o
        50          0          0          0          0         88   defsig_general.o
        80         58          0          0          0         76   defsig_rtmem_inner.o
        14          0          0          0          0         80   defsig_rtmem_outer.o
        18          0          0          0          0         80   exit.o
        94          0          0          0          0         80   h1_alloc.o
        52          0          0          0          0         68   h1_extend.o
        78          0          0          0          0         80   h1_free.o
        14          0          0          0          0         84   h1_init.o
         6          0          0          0          0        152   heapauxi.o
         4          0          0          0          0        136   hguard.o
         0          0          0          0          0          0   indicate_semi.o
       138          0          0          0          0        168   init_alloc.o
         2          0          0          0          0          0   libinit.o
        14          0          0          0          0          0   libinit2.o
         2          0          0          0          0          0   libshutdown.o
         2          0          0          0          0          0   libshutdown2.o
         8          4          0          0         96         68   libspace.o
       238          0          0          0          0        100   lludivv7m.o
         0          0          0          0          0          0   maybetermalloc1.o
         8          4          0          0          0         68   rt_errno_addr_intlibspace.o
         8          4          0          0          0         68   rt_heap_descriptor_intlibspace.o
        68          0          0          0          0         68   rt_memclr.o
        78          0          0          0          0         80   rt_memclr_w.o
       138          0          0          0          0         68   rt_memcpy_v6.o
       100          0          0          0          0         80   rt_memcpy_w.o
       132          0          0          0          0         68   rt_memmove_v6.o
       122          0          0          0          0         80   rt_memmove_w.o
         2          0          0          0          0          0   rtexit.o
        10          0          0          0          0          0   rtexit2.o
       128          0          0          0          0         68   strcmpv7m.o
        62          0          0          0          0         76   strlen.o
        86          0          0          0          0         76   strncpy.o
        12          4          0          0          0         68   sys_exit.o
        74          0          0          0          0         80   sys_stackheap_outer.o
        14          0          0          0          0         76   sys_wrch.o
         2          0          0          0          0         68   use_no_semi.o
        24          0          0          0          0        164   basic.o
       708         16          0          0          0        140   d2f_clz.o
      1336         32          0          0          0        532   daddsub_clz.o
        24          0          0          0          0        116   dcmpi.o
       892        152          0          0          0        292   ddiv_clz.o
       116          8          0          0          0        140   deqf.o
       200         16          0          0          0        184   dfix.o
       110          0          0          0          0        348   dflt_clz.o
       120          8          0          0          0        140   dleqf.o
       448         16          0          0          0        164   dmul_clz.o
       258          4          0          0          0        156   dnaninf.o
       112          0          0          0          0        160   drenorm_clz.o
        12          0          0          0          0        116   dretinf.o
        98          0          0          0          0        128   drleqf.o
       520         56          0          0          0        180   dsqrt_umaalclz.o
       378          0          0          0          0        168   dunder_clz.o
       492         36          0          0          0        148   except.o
       122          8          0          0          0        132   f2d.o
       242          4          0          0          0        144   fnaninf.o
        10          0          0          0          0        116   fpinit.o
        10          0          0          0          0        116   fretinf.o
       316          0          0          0          0        132   funder_clz.o
       178          0          0          0          0        116   retnan.o
       126          0          0          0          0        148   trapv.o
         0          0          0          0          0          0   usenofp.o
       300         42          0          0          0        176   asinf.o
       744        106        152          0          0        352   atan.o
       512         64          0          0          0        208   atan2.o
       684         90          0          0          0        208   atan2f.o
       352         56          0          0          0        172   atanf.o
       200         20          0          0          0        164   cos.o
       368         46         48          0          0        200   cos_i.o
       336         56          0          0          0        136   cosf.o
       104         16          0          0          0        496   dunder.o
        44          0          0          0          0        248   fabs.o
        48          0          0          0          0        124   fpclassify.o
        38          0          0          0          0        116   fpclassifyf.o
        44         12          0          0          0        464   funder.o
       248          0          0          0          0        152   poly.o
         0          0          8          0          0          0   qnan.o
      1080        142        200          0          0        188   rred.o
       340         24         32          0          0        160   rredf.o
       200         20          0          0          0        164   sin.o
       304         24         40          0          0        208   sin_i.o
       400         56          0          0          0        212   sinf.o
       122          0          0          0          0        148   sqrt_full.o
       120          0          0          0          0        272   sqrtf_full.o
       380         58          0          0          0        200   tanf.o

    ----------------------------------------------------------------------
     20140       1538       2536         16         96      48312   Library Totals
        28          4          4          0          0          0   (incl. Padding)

    ----------------------------------------------------------------------

      Code (inc. data)   RO Data    RW Data    ZI Data      Debug   Library Name

      1032         42          0         16          0       4148   AHRS.lib
      2692         32       2052          0          0      31932   arm_cortexM4lf_math.lib
      2568        272          0          0         96       3284   c_w.l
      6852        356          0          0          0       4180   g_wm.l
      6968        832        480          0          0       4768   m_wm.l

    ----------------------------------------------------------------------
     20140       1538       2536         16         96      48312   Library Totals

    ----------------------------------------------------------------------

==============================================================================


      Code (inc. data)   RO Data    RW Data    ZI Data      Debug   

    117896       7404       5116       2292      64252    4617743   Grand Totals
    117896       7404       5116        448      64252    4617743   ELF Image Totals (compressed)
    117896       7404       5116        448          0          0   ROM Totals

==============================================================================

    Total RO  Size (Code + RO Data)               123012 ( 120.13kB)
    Total RW  Size (RW Data + ZI Data)             66544 (  64.98kB)
    Total ROM Size (Code + RO Data + RW Data)     123460 ( 120.57kB)

==============================================================================

