<!doctype html public "-//w3c//dtd html 4.0 transitional//en">
<html><head>
<title>Static Call Graph - [loopctrldemo2\loopctrldemo2.axf]</title></head>
<body><HR>
<H1>Static Call Graph for image loopctrldemo2\loopctrldemo2.axf</H1><HR>
<BR><P>#&#060CALLGRAPH&#062# ARM Linker, 5060960: Last Updated: Sat Oct 18 17:07:54 2025
<BR><P>
<H3>Maximum Stack Usage =        312 bytes + Unknown(Functions without stacksize, Cycles, Untraceable Function Pointers)</H3><H3>
Call chain for Maximum Stack Depth:</H3>
__rt_entry_main &rArr; main &rArr; MX_HRTIM1_Init &rArr; HAL_HRTIM_MspPostInit &rArr; HAL_GPIO_Init
<P>
<H3>
Functions with no stack information
</H3><UL>
 <LI><a href="#[88]">__user_initial_stackheap</a>
</UL>
</UL>
<P>
<H3>
Mutually Recursive functions
</H3> <LI><a href="#[3d]">ADC3_IRQHandler</a>&nbsp;&nbsp;&nbsp;&rArr;&nbsp;&nbsp;&nbsp;<a href="#[3d]">ADC3_IRQHandler</a><BR>
 <LI><a href="#[8]">BusFault_Handler</a>&nbsp;&nbsp;&nbsp;&rArr;&nbsp;&nbsp;&nbsp;<a href="#[8]">BusFault_Handler</a><BR>
 <LI><a href="#[6]">HardFault_Handler</a>&nbsp;&nbsp;&nbsp;&rArr;&nbsp;&nbsp;&nbsp;<a href="#[6]">HardFault_Handler</a><BR>
 <LI><a href="#[7]">MemManage_Handler</a>&nbsp;&nbsp;&nbsp;&rArr;&nbsp;&nbsp;&nbsp;<a href="#[7]">MemManage_Handler</a><BR>
 <LI><a href="#[5]">NMI_Handler</a>&nbsp;&nbsp;&nbsp;&rArr;&nbsp;&nbsp;&nbsp;<a href="#[5]">NMI_Handler</a><BR>
 <LI><a href="#[9]">UsageFault_Handler</a>&nbsp;&nbsp;&nbsp;&rArr;&nbsp;&nbsp;&nbsp;<a href="#[9]">UsageFault_Handler</a><BR>
</UL>
<P>
<H3>
Function Pointers
</H3><UL>
 <LI><a href="#[20]">ADC1_2_IRQHandler</a> from stm32g4xx_it.o(i.ADC1_2_IRQHandler) referenced from startup_stm32g474xx.o(RESET)
 <LI><a href="#[3d]">ADC3_IRQHandler</a> from startup_stm32g474xx.o(.text) referenced from startup_stm32g474xx.o(RESET)
 <LI><a href="#[4b]">ADC4_IRQHandler</a> from startup_stm32g474xx.o(.text) referenced from startup_stm32g474xx.o(RESET)
 <LI><a href="#[4c]">ADC5_IRQHandler</a> from startup_stm32g474xx.o(.text) referenced from startup_stm32g474xx.o(RESET)
 <LI><a href="#[8]">BusFault_Handler</a> from stm32g4xx_it.o(i.BusFault_Handler) referenced from startup_stm32g474xx.o(RESET)
 <LI><a href="#[4e]">COMP1_2_3_IRQHandler</a> from startup_stm32g474xx.o(.text) referenced from startup_stm32g474xx.o(RESET)
 <LI><a href="#[4f]">COMP4_5_6_IRQHandler</a> from startup_stm32g474xx.o(.text) referenced from startup_stm32g474xx.o(RESET)
 <LI><a href="#[50]">COMP7_IRQHandler</a> from startup_stm32g474xx.o(.text) referenced from startup_stm32g474xx.o(RESET)
 <LI><a href="#[71]">CORDIC_IRQHandler</a> from startup_stm32g474xx.o(.text) referenced from startup_stm32g474xx.o(RESET)
 <LI><a href="#[59]">CRS_IRQHandler</a> from startup_stm32g474xx.o(.text) referenced from startup_stm32g474xx.o(RESET)
 <LI><a href="#[19]">DMA1_Channel1_IRQHandler</a> from startup_stm32g474xx.o(.text) referenced from startup_stm32g474xx.o(RESET)
 <LI><a href="#[1a]">DMA1_Channel2_IRQHandler</a> from startup_stm32g474xx.o(.text) referenced from startup_stm32g474xx.o(RESET)
 <LI><a href="#[1b]">DMA1_Channel3_IRQHandler</a> from startup_stm32g474xx.o(.text) referenced from startup_stm32g474xx.o(RESET)
 <LI><a href="#[1c]">DMA1_Channel4_IRQHandler</a> from startup_stm32g474xx.o(.text) referenced from startup_stm32g474xx.o(RESET)
 <LI><a href="#[1d]">DMA1_Channel5_IRQHandler</a> from startup_stm32g474xx.o(.text) referenced from startup_stm32g474xx.o(RESET)
 <LI><a href="#[1e]">DMA1_Channel6_IRQHandler</a> from startup_stm32g474xx.o(.text) referenced from startup_stm32g474xx.o(RESET)
 <LI><a href="#[1f]">DMA1_Channel7_IRQHandler</a> from startup_stm32g474xx.o(.text) referenced from startup_stm32g474xx.o(RESET)
 <LI><a href="#[6d]">DMA1_Channel8_IRQHandler</a> from startup_stm32g474xx.o(.text) referenced from startup_stm32g474xx.o(RESET)
 <LI><a href="#[46]">DMA2_Channel1_IRQHandler</a> from startup_stm32g474xx.o(.text) referenced from startup_stm32g474xx.o(RESET)
 <LI><a href="#[47]">DMA2_Channel2_IRQHandler</a> from startup_stm32g474xx.o(.text) referenced from startup_stm32g474xx.o(RESET)
 <LI><a href="#[48]">DMA2_Channel3_IRQHandler</a> from startup_stm32g474xx.o(.text) referenced from startup_stm32g474xx.o(RESET)
 <LI><a href="#[49]">DMA2_Channel4_IRQHandler</a> from startup_stm32g474xx.o(.text) referenced from startup_stm32g474xx.o(RESET)
 <LI><a href="#[4a]">DMA2_Channel5_IRQHandler</a> from startup_stm32g474xx.o(.text) referenced from startup_stm32g474xx.o(RESET)
 <LI><a href="#[6e]">DMA2_Channel6_IRQHandler</a> from startup_stm32g474xx.o(.text) referenced from startup_stm32g474xx.o(RESET)
 <LI><a href="#[6f]">DMA2_Channel7_IRQHandler</a> from startup_stm32g474xx.o(.text) referenced from startup_stm32g474xx.o(RESET)
 <LI><a href="#[70]">DMA2_Channel8_IRQHandler</a> from startup_stm32g474xx.o(.text) referenced from startup_stm32g474xx.o(RESET)
 <LI><a href="#[6b]">DMAMUX_OVR_IRQHandler</a> from startup_stm32g474xx.o(.text) referenced from startup_stm32g474xx.o(RESET)
 <LI><a href="#[b]">DebugMon_Handler</a> from stm32g4xx_it.o(i.DebugMon_Handler) referenced from startup_stm32g474xx.o(RESET)
 <LI><a href="#[14]">EXTI0_IRQHandler</a> from startup_stm32g474xx.o(.text) referenced from startup_stm32g474xx.o(RESET)
 <LI><a href="#[36]">EXTI15_10_IRQHandler</a> from startup_stm32g474xx.o(.text) referenced from startup_stm32g474xx.o(RESET)
 <LI><a href="#[15]">EXTI1_IRQHandler</a> from startup_stm32g474xx.o(.text) referenced from startup_stm32g474xx.o(RESET)
 <LI><a href="#[16]">EXTI2_IRQHandler</a> from startup_stm32g474xx.o(.text) referenced from startup_stm32g474xx.o(RESET)
 <LI><a href="#[17]">EXTI3_IRQHandler</a> from startup_stm32g474xx.o(.text) referenced from startup_stm32g474xx.o(RESET)
 <LI><a href="#[18]">EXTI4_IRQHandler</a> from startup_stm32g474xx.o(.text) referenced from startup_stm32g474xx.o(RESET)
 <LI><a href="#[25]">EXTI9_5_IRQHandler</a> from startup_stm32g474xx.o(.text) referenced from startup_stm32g474xx.o(RESET)
 <LI><a href="#[23]">FDCAN1_IT0_IRQHandler</a> from startup_stm32g474xx.o(.text) referenced from startup_stm32g474xx.o(RESET)
 <LI><a href="#[24]">FDCAN1_IT1_IRQHandler</a> from startup_stm32g474xx.o(.text) referenced from startup_stm32g474xx.o(RESET)
 <LI><a href="#[63]">FDCAN2_IT0_IRQHandler</a> from stm32g4xx_it.o(i.FDCAN2_IT0_IRQHandler) referenced from startup_stm32g474xx.o(RESET)
 <LI><a href="#[64]">FDCAN2_IT1_IRQHandler</a> from stm32g4xx_it.o(i.FDCAN2_IT1_IRQHandler) referenced from startup_stm32g474xx.o(RESET)
 <LI><a href="#[65]">FDCAN3_IT0_IRQHandler</a> from startup_stm32g474xx.o(.text) referenced from startup_stm32g474xx.o(RESET)
 <LI><a href="#[66]">FDCAN3_IT1_IRQHandler</a> from startup_stm32g474xx.o(.text) referenced from startup_stm32g474xx.o(RESET)
 <LI><a href="#[12]">FLASH_IRQHandler</a> from startup_stm32g474xx.o(.text) referenced from startup_stm32g474xx.o(RESET)
 <LI><a href="#[72]">FMAC_IRQHandler</a> from startup_stm32g474xx.o(.text) referenced from startup_stm32g474xx.o(RESET)
 <LI><a href="#[3e]">FMC_IRQHandler</a> from startup_stm32g474xx.o(.text) referenced from startup_stm32g474xx.o(RESET)
 <LI><a href="#[5f]">FPU_IRQHandler</a> from startup_stm32g474xx.o(.text) referenced from startup_stm32g474xx.o(RESET)
 <LI><a href="#[57]">HRTIM1_FLT_IRQHandler</a> from startup_stm32g474xx.o(.text) referenced from startup_stm32g474xx.o(RESET)
 <LI><a href="#[51]">HRTIM1_Master_IRQHandler</a> from startup_stm32g474xx.o(.text) referenced from startup_stm32g474xx.o(RESET)
 <LI><a href="#[52]">HRTIM1_TIMA_IRQHandler</a> from startup_stm32g474xx.o(.text) referenced from startup_stm32g474xx.o(RESET)
 <LI><a href="#[53]">HRTIM1_TIMB_IRQHandler</a> from stm32g4xx_it.o(i.HRTIM1_TIMB_IRQHandler) referenced from startup_stm32g474xx.o(RESET)
 <LI><a href="#[54]">HRTIM1_TIMC_IRQHandler</a> from startup_stm32g474xx.o(.text) referenced from startup_stm32g474xx.o(RESET)
 <LI><a href="#[55]">HRTIM1_TIMD_IRQHandler</a> from startup_stm32g474xx.o(.text) referenced from startup_stm32g474xx.o(RESET)
 <LI><a href="#[56]">HRTIM1_TIME_IRQHandler</a> from startup_stm32g474xx.o(.text) referenced from startup_stm32g474xx.o(RESET)
 <LI><a href="#[58]">HRTIM1_TIMF_IRQHandler</a> from startup_stm32g474xx.o(.text) referenced from startup_stm32g474xx.o(RESET)
 <LI><a href="#[6]">HardFault_Handler</a> from stm32g4xx_it.o(i.HardFault_Handler) referenced from startup_stm32g474xx.o(RESET)
 <LI><a href="#[2e]">I2C1_ER_IRQHandler</a> from startup_stm32g474xx.o(.text) referenced from startup_stm32g474xx.o(RESET)
 <LI><a href="#[2d]">I2C1_EV_IRQHandler</a> from startup_stm32g474xx.o(.text) referenced from startup_stm32g474xx.o(RESET)
 <LI><a href="#[30]">I2C2_ER_IRQHandler</a> from startup_stm32g474xx.o(.text) referenced from startup_stm32g474xx.o(RESET)
 <LI><a href="#[2f]">I2C2_EV_IRQHandler</a> from startup_stm32g474xx.o(.text) referenced from startup_stm32g474xx.o(RESET)
 <LI><a href="#[6a]">I2C3_ER_IRQHandler</a> from startup_stm32g474xx.o(.text) referenced from startup_stm32g474xx.o(RESET)
 <LI><a href="#[69]">I2C3_EV_IRQHandler</a> from startup_stm32g474xx.o(.text) referenced from startup_stm32g474xx.o(RESET)
 <LI><a href="#[61]">I2C4_ER_IRQHandler</a> from startup_stm32g474xx.o(.text) referenced from startup_stm32g474xx.o(RESET)
 <LI><a href="#[60]">I2C4_EV_IRQHandler</a> from startup_stm32g474xx.o(.text) referenced from startup_stm32g474xx.o(RESET)
 <LI><a href="#[3f]">LPTIM1_IRQHandler</a> from startup_stm32g474xx.o(.text) referenced from startup_stm32g474xx.o(RESET)
 <LI><a href="#[68]">LPUART1_IRQHandler</a> from startup_stm32g474xx.o(.text) referenced from startup_stm32g474xx.o(RESET)
 <LI><a href="#[7]">MemManage_Handler</a> from stm32g4xx_it.o(i.MemManage_Handler) referenced from startup_stm32g474xx.o(RESET)
 <LI><a href="#[5]">NMI_Handler</a> from stm32g4xx_it.o(i.NMI_Handler) referenced from startup_stm32g474xx.o(RESET)
 <LI><a href="#[f]">PVD_PVM_IRQHandler</a> from startup_stm32g474xx.o(.text) referenced from startup_stm32g474xx.o(RESET)
 <LI><a href="#[c]">PendSV_Handler</a> from stm32g4xx_it.o(i.PendSV_Handler) referenced from startup_stm32g474xx.o(RESET)
 <LI><a href="#[6c]">QUADSPI_IRQHandler</a> from startup_stm32g474xx.o(.text) referenced from startup_stm32g474xx.o(RESET)
 <LI><a href="#[13]">RCC_IRQHandler</a> from startup_stm32g474xx.o(.text) referenced from startup_stm32g474xx.o(RESET)
 <LI><a href="#[67]">RNG_IRQHandler</a> from startup_stm32g474xx.o(.text) referenced from startup_stm32g474xx.o(RESET)
 <LI><a href="#[37]">RTC_Alarm_IRQHandler</a> from startup_stm32g474xx.o(.text) referenced from startup_stm32g474xx.o(RESET)
 <LI><a href="#[10]">RTC_TAMP_LSECSS_IRQHandler</a> from startup_stm32g474xx.o(.text) referenced from startup_stm32g474xx.o(RESET)
 <LI><a href="#[11]">RTC_WKUP_IRQHandler</a> from startup_stm32g474xx.o(.text) referenced from startup_stm32g474xx.o(RESET)
 <LI><a href="#[4]">Reset_Handler</a> from startup_stm32g474xx.o(.text) referenced from startup_stm32g474xx.o(RESET)
 <LI><a href="#[5a]">SAI1_IRQHandler</a> from startup_stm32g474xx.o(.text) referenced from startup_stm32g474xx.o(RESET)
 <LI><a href="#[31]">SPI1_IRQHandler</a> from startup_stm32g474xx.o(.text) referenced from startup_stm32g474xx.o(RESET)
 <LI><a href="#[32]">SPI2_IRQHandler</a> from startup_stm32g474xx.o(.text) referenced from startup_stm32g474xx.o(RESET)
 <LI><a href="#[41]">SPI3_IRQHandler</a> from startup_stm32g474xx.o(.text) referenced from startup_stm32g474xx.o(RESET)
 <LI><a href="#[62]">SPI4_IRQHandler</a> from startup_stm32g474xx.o(.text) referenced from startup_stm32g474xx.o(RESET)
 <LI><a href="#[a]">SVC_Handler</a> from stm32g4xx_it.o(i.SVC_Handler) referenced from startup_stm32g474xx.o(RESET)
 <LI><a href="#[d]">SysTick_Handler</a> from stm32g4xx_it.o(i.SysTick_Handler) referenced from startup_stm32g474xx.o(RESET)
 <LI><a href="#[73]">SystemInit</a> from system_stm32g4xx.o(i.SystemInit) referenced from startup_stm32g474xx.o(.text)
 <LI><a href="#[26]">TIM1_BRK_TIM15_IRQHandler</a> from stm32g4xx_it.o(i.TIM1_BRK_TIM15_IRQHandler) referenced from startup_stm32g474xx.o(RESET)
 <LI><a href="#[29]">TIM1_CC_IRQHandler</a> from stm32g4xx_it.o(i.TIM1_CC_IRQHandler) referenced from startup_stm32g474xx.o(RESET)
 <LI><a href="#[28]">TIM1_TRG_COM_TIM17_IRQHandler</a> from stm32g4xx_it.o(i.TIM1_TRG_COM_TIM17_IRQHandler) referenced from startup_stm32g474xx.o(RESET)
 <LI><a href="#[27]">TIM1_UP_TIM16_IRQHandler</a> from stm32g4xx_it.o(i.TIM1_UP_TIM16_IRQHandler) referenced from startup_stm32g474xx.o(RESET)
 <LI><a href="#[5b]">TIM20_BRK_IRQHandler</a> from startup_stm32g474xx.o(.text) referenced from startup_stm32g474xx.o(RESET)
 <LI><a href="#[5e]">TIM20_CC_IRQHandler</a> from startup_stm32g474xx.o(.text) referenced from startup_stm32g474xx.o(RESET)
 <LI><a href="#[5d]">TIM20_TRG_COM_IRQHandler</a> from startup_stm32g474xx.o(.text) referenced from startup_stm32g474xx.o(RESET)
 <LI><a href="#[5c]">TIM20_UP_IRQHandler</a> from startup_stm32g474xx.o(.text) referenced from startup_stm32g474xx.o(RESET)
 <LI><a href="#[2a]">TIM2_IRQHandler</a> from startup_stm32g474xx.o(.text) referenced from startup_stm32g474xx.o(RESET)
 <LI><a href="#[2b]">TIM3_IRQHandler</a> from startup_stm32g474xx.o(.text) referenced from startup_stm32g474xx.o(RESET)
 <LI><a href="#[2c]">TIM4_IRQHandler</a> from startup_stm32g474xx.o(.text) referenced from startup_stm32g474xx.o(RESET)
 <LI><a href="#[40]">TIM5_IRQHandler</a> from startup_stm32g474xx.o(.text) referenced from startup_stm32g474xx.o(RESET)
 <LI><a href="#[44]">TIM6_DAC_IRQHandler</a> from stm32g4xx_it.o(i.TIM6_DAC_IRQHandler) referenced from startup_stm32g474xx.o(RESET)
 <LI><a href="#[45]">TIM7_DAC_IRQHandler</a> from startup_stm32g474xx.o(.text) referenced from startup_stm32g474xx.o(RESET)
 <LI><a href="#[39]">TIM8_BRK_IRQHandler</a> from startup_stm32g474xx.o(.text) referenced from startup_stm32g474xx.o(RESET)
 <LI><a href="#[3c]">TIM8_CC_IRQHandler</a> from startup_stm32g474xx.o(.text) referenced from startup_stm32g474xx.o(RESET)
 <LI><a href="#[3b]">TIM8_TRG_COM_IRQHandler</a> from startup_stm32g474xx.o(.text) referenced from startup_stm32g474xx.o(RESET)
 <LI><a href="#[3a]">TIM8_UP_IRQHandler</a> from startup_stm32g474xx.o(.text) referenced from startup_stm32g474xx.o(RESET)
 <LI><a href="#[42]">UART4_IRQHandler</a> from startup_stm32g474xx.o(.text) referenced from startup_stm32g474xx.o(RESET)
 <LI><a href="#[43]">UART5_IRQHandler</a> from startup_stm32g474xx.o(.text) referenced from startup_stm32g474xx.o(RESET)
 <LI><a href="#[4d]">UCPD1_IRQHandler</a> from startup_stm32g474xx.o(.text) referenced from startup_stm32g474xx.o(RESET)
 <LI><a href="#[33]">USART1_IRQHandler</a> from startup_stm32g474xx.o(.text) referenced from startup_stm32g474xx.o(RESET)
 <LI><a href="#[34]">USART2_IRQHandler</a> from startup_stm32g474xx.o(.text) referenced from startup_stm32g474xx.o(RESET)
 <LI><a href="#[35]">USART3_IRQHandler</a> from startup_stm32g474xx.o(.text) referenced from startup_stm32g474xx.o(RESET)
 <LI><a href="#[38]">USBWakeUp_IRQHandler</a> from startup_stm32g474xx.o(.text) referenced from startup_stm32g474xx.o(RESET)
 <LI><a href="#[21]">USB_HP_IRQHandler</a> from startup_stm32g474xx.o(.text) referenced from startup_stm32g474xx.o(RESET)
 <LI><a href="#[22]">USB_LP_IRQHandler</a> from startup_stm32g474xx.o(.text) referenced from startup_stm32g474xx.o(RESET)
 <LI><a href="#[9]">UsageFault_Handler</a> from stm32g4xx_it.o(i.UsageFault_Handler) referenced from startup_stm32g474xx.o(RESET)
 <LI><a href="#[e]">WWDG_IRQHandler</a> from startup_stm32g474xx.o(.text) referenced from startup_stm32g474xx.o(RESET)
 <LI><a href="#[75]">__main</a> from __main.o(!!!main) referenced from startup_stm32g474xx.o(.text)
</UL>
<P>
<H3>
Global Symbols
</H3>
<P><STRONG><a name="[75]"></a>__main</STRONG> (Thumb, 8 bytes, Stack size 0 bytes, __main.o(!!!main))
<BR><BR>[Calls]<UL><LI><a href="#[76]">&gt;&gt;</a>&nbsp;&nbsp;&nbsp;__scatterload
<LI><a href="#[77]">&gt;&gt;</a>&nbsp;&nbsp;&nbsp;__rt_entry
</UL>

<P><STRONG><a name="[76]"></a>__scatterload</STRONG> (Thumb, 0 bytes, Stack size unknown bytes, __scatter.o(!!!scatter))
<BR><BR>[Called By]<UL><LI><a href="#[75]">&gt;&gt;</a>&nbsp;&nbsp;&nbsp;__main
</UL>

<P><STRONG><a name="[78]"></a>__scatterload_rt2</STRONG> (Thumb, 44 bytes, Stack size unknown bytes, __scatter.o(!!!scatter), UNUSED)
<BR><BR>[Calls]<UL><LI><a href="#[77]">&gt;&gt;</a>&nbsp;&nbsp;&nbsp;__rt_entry
</UL>

<P><STRONG><a name="[13a]"></a>__scatterload_rt2_thumb_only</STRONG> (Thumb, 0 bytes, Stack size unknown bytes, __scatter.o(!!!scatter), UNUSED)

<P><STRONG><a name="[13b]"></a>__scatterload_null</STRONG> (Thumb, 0 bytes, Stack size unknown bytes, __scatter.o(!!!scatter), UNUSED)

<P><STRONG><a name="[79]"></a>__scatterload_copy</STRONG> (Thumb, 26 bytes, Stack size unknown bytes, __scatter_copy.o(!!handler_copy), UNUSED)
<BR><BR>[Calls]<UL><LI><a href="#[79]">&gt;&gt;</a>&nbsp;&nbsp;&nbsp;__scatterload_copy
</UL>
<BR>[Called By]<UL><LI><a href="#[79]">&gt;&gt;</a>&nbsp;&nbsp;&nbsp;__scatterload_copy
</UL>

<P><STRONG><a name="[13c]"></a>__scatterload_zeroinit</STRONG> (Thumb, 28 bytes, Stack size unknown bytes, __scatter_zi.o(!!handler_zi), UNUSED)

<P><STRONG><a name="[7f]"></a>__rt_lib_init</STRONG> (Thumb, 0 bytes, Stack size unknown bytes, libinit.o(.ARM.Collect$$libinit$$00000000))
<BR><BR>[Called By]<UL><LI><a href="#[7e]">&gt;&gt;</a>&nbsp;&nbsp;&nbsp;__rt_entry_li
</UL>

<P><STRONG><a name="[7a]"></a>__rt_lib_init_fp_1</STRONG> (Thumb, 0 bytes, Stack size unknown bytes, libinit2.o(.ARM.Collect$$libinit$$00000001))
<BR><BR>[Calls]<UL><LI><a href="#[7b]">&gt;&gt;</a>&nbsp;&nbsp;&nbsp;_fp_init
</UL>

<P><STRONG><a name="[13d]"></a>__rt_lib_init_alloca_1</STRONG> (Thumb, 0 bytes, Stack size unknown bytes, libinit2.o(.ARM.Collect$$libinit$$0000002E))

<P><STRONG><a name="[13e]"></a>__rt_lib_init_argv_1</STRONG> (Thumb, 0 bytes, Stack size unknown bytes, libinit2.o(.ARM.Collect$$libinit$$0000002C))

<P><STRONG><a name="[13f]"></a>__rt_lib_init_atexit_1</STRONG> (Thumb, 0 bytes, Stack size unknown bytes, libinit2.o(.ARM.Collect$$libinit$$0000001B))

<P><STRONG><a name="[140]"></a>__rt_lib_init_clock_1</STRONG> (Thumb, 0 bytes, Stack size unknown bytes, libinit2.o(.ARM.Collect$$libinit$$00000021))

<P><STRONG><a name="[141]"></a>__rt_lib_init_cpp_1</STRONG> (Thumb, 0 bytes, Stack size unknown bytes, libinit2.o(.ARM.Collect$$libinit$$00000032))

<P><STRONG><a name="[142]"></a>__rt_lib_init_exceptions_1</STRONG> (Thumb, 0 bytes, Stack size unknown bytes, libinit2.o(.ARM.Collect$$libinit$$00000030))

<P><STRONG><a name="[143]"></a>__rt_lib_init_fp_trap_1</STRONG> (Thumb, 0 bytes, Stack size unknown bytes, libinit2.o(.ARM.Collect$$libinit$$0000001F))

<P><STRONG><a name="[144]"></a>__rt_lib_init_getenv_1</STRONG> (Thumb, 0 bytes, Stack size unknown bytes, libinit2.o(.ARM.Collect$$libinit$$00000023))

<P><STRONG><a name="[145]"></a>__rt_lib_init_heap_1</STRONG> (Thumb, 0 bytes, Stack size unknown bytes, libinit2.o(.ARM.Collect$$libinit$$0000000A))

<P><STRONG><a name="[146]"></a>__rt_lib_init_lc_collate_1</STRONG> (Thumb, 0 bytes, Stack size unknown bytes, libinit2.o(.ARM.Collect$$libinit$$00000011))

<P><STRONG><a name="[147]"></a>__rt_lib_init_lc_ctype_1</STRONG> (Thumb, 0 bytes, Stack size unknown bytes, libinit2.o(.ARM.Collect$$libinit$$00000013))

<P><STRONG><a name="[148]"></a>__rt_lib_init_lc_monetary_1</STRONG> (Thumb, 0 bytes, Stack size unknown bytes, libinit2.o(.ARM.Collect$$libinit$$00000015))

<P><STRONG><a name="[149]"></a>__rt_lib_init_lc_numeric_1</STRONG> (Thumb, 0 bytes, Stack size unknown bytes, libinit2.o(.ARM.Collect$$libinit$$00000017))

<P><STRONG><a name="[14a]"></a>__rt_lib_init_lc_time_1</STRONG> (Thumb, 0 bytes, Stack size unknown bytes, libinit2.o(.ARM.Collect$$libinit$$00000019))

<P><STRONG><a name="[14b]"></a>__rt_lib_init_preinit_1</STRONG> (Thumb, 0 bytes, Stack size unknown bytes, libinit2.o(.ARM.Collect$$libinit$$00000004))

<P><STRONG><a name="[14c]"></a>__rt_lib_init_rand_1</STRONG> (Thumb, 0 bytes, Stack size unknown bytes, libinit2.o(.ARM.Collect$$libinit$$0000000E))

<P><STRONG><a name="[14d]"></a>__rt_lib_init_return</STRONG> (Thumb, 0 bytes, Stack size unknown bytes, libinit2.o(.ARM.Collect$$libinit$$00000033))

<P><STRONG><a name="[14e]"></a>__rt_lib_init_signal_1</STRONG> (Thumb, 0 bytes, Stack size unknown bytes, libinit2.o(.ARM.Collect$$libinit$$0000001D))

<P><STRONG><a name="[14f]"></a>__rt_lib_init_stdio_1</STRONG> (Thumb, 0 bytes, Stack size unknown bytes, libinit2.o(.ARM.Collect$$libinit$$00000025))

<P><STRONG><a name="[150]"></a>__rt_lib_init_user_alloc_1</STRONG> (Thumb, 0 bytes, Stack size unknown bytes, libinit2.o(.ARM.Collect$$libinit$$0000000C))

<P><STRONG><a name="[84]"></a>__rt_lib_shutdown</STRONG> (Thumb, 0 bytes, Stack size unknown bytes, libshutdown.o(.ARM.Collect$$libshutdown$$00000000))
<BR><BR>[Called By]<UL><LI><a href="#[83]">&gt;&gt;</a>&nbsp;&nbsp;&nbsp;__rt_exit_ls
</UL>

<P><STRONG><a name="[151]"></a>__rt_lib_shutdown_cpp_1</STRONG> (Thumb, 0 bytes, Stack size unknown bytes, libshutdown2.o(.ARM.Collect$$libshutdown$$00000004))

<P><STRONG><a name="[152]"></a>__rt_lib_shutdown_fini_1</STRONG> (Thumb, 0 bytes, Stack size unknown bytes, libshutdown2.o(.ARM.Collect$$libshutdown$$00000002))

<P><STRONG><a name="[153]"></a>__rt_lib_shutdown_fp_trap_1</STRONG> (Thumb, 0 bytes, Stack size unknown bytes, libshutdown2.o(.ARM.Collect$$libshutdown$$00000009))

<P><STRONG><a name="[154]"></a>__rt_lib_shutdown_heap_1</STRONG> (Thumb, 0 bytes, Stack size unknown bytes, libshutdown2.o(.ARM.Collect$$libshutdown$$00000011))

<P><STRONG><a name="[155]"></a>__rt_lib_shutdown_return</STRONG> (Thumb, 0 bytes, Stack size unknown bytes, libshutdown2.o(.ARM.Collect$$libshutdown$$00000012))

<P><STRONG><a name="[156]"></a>__rt_lib_shutdown_signal_1</STRONG> (Thumb, 0 bytes, Stack size unknown bytes, libshutdown2.o(.ARM.Collect$$libshutdown$$0000000C))

<P><STRONG><a name="[157]"></a>__rt_lib_shutdown_stdio_1</STRONG> (Thumb, 0 bytes, Stack size unknown bytes, libshutdown2.o(.ARM.Collect$$libshutdown$$00000006))

<P><STRONG><a name="[158]"></a>__rt_lib_shutdown_user_alloc_1</STRONG> (Thumb, 0 bytes, Stack size unknown bytes, libshutdown2.o(.ARM.Collect$$libshutdown$$0000000E))

<P><STRONG><a name="[77]"></a>__rt_entry</STRONG> (Thumb, 0 bytes, Stack size unknown bytes, __rtentry.o(.ARM.Collect$$rtentry$$00000000))
<BR><BR>[Called By]<UL><LI><a href="#[78]">&gt;&gt;</a>&nbsp;&nbsp;&nbsp;__scatterload_rt2
<LI><a href="#[75]">&gt;&gt;</a>&nbsp;&nbsp;&nbsp;__main
</UL>

<P><STRONG><a name="[159]"></a>__rt_entry_presh_1</STRONG> (Thumb, 0 bytes, Stack size unknown bytes, __rtentry2.o(.ARM.Collect$$rtentry$$00000002))

<P><STRONG><a name="[7c]"></a>__rt_entry_sh</STRONG> (Thumb, 0 bytes, Stack size unknown bytes, __rtentry4.o(.ARM.Collect$$rtentry$$00000004))
<BR><BR>[Stack]<UL><LI>Max Depth = 8 + Unknown Stack Size
<LI>Call Chain = __rt_entry_sh &rArr; __user_setup_stackheap
</UL>
<BR>[Calls]<UL><LI><a href="#[7d]">&gt;&gt;</a>&nbsp;&nbsp;&nbsp;__user_setup_stackheap
</UL>

<P><STRONG><a name="[7e]"></a>__rt_entry_li</STRONG> (Thumb, 0 bytes, Stack size unknown bytes, __rtentry2.o(.ARM.Collect$$rtentry$$0000000A))
<BR><BR>[Calls]<UL><LI><a href="#[7f]">&gt;&gt;</a>&nbsp;&nbsp;&nbsp;__rt_lib_init
</UL>

<P><STRONG><a name="[15a]"></a>__rt_entry_postsh_1</STRONG> (Thumb, 0 bytes, Stack size unknown bytes, __rtentry2.o(.ARM.Collect$$rtentry$$00000009))

<P><STRONG><a name="[80]"></a>__rt_entry_main</STRONG> (Thumb, 0 bytes, Stack size unknown bytes, __rtentry2.o(.ARM.Collect$$rtentry$$0000000D))
<BR><BR>[Stack]<UL><LI>Max Depth = 312 + Unknown Stack Size
<LI>Call Chain = __rt_entry_main &rArr; main &rArr; MX_HRTIM1_Init &rArr; HAL_HRTIM_MspPostInit &rArr; HAL_GPIO_Init
</UL>
<BR>[Calls]<UL><LI><a href="#[81]">&gt;&gt;</a>&nbsp;&nbsp;&nbsp;main
<LI><a href="#[82]">&gt;&gt;</a>&nbsp;&nbsp;&nbsp;exit
</UL>

<P><STRONG><a name="[15b]"></a>__rt_entry_postli_1</STRONG> (Thumb, 0 bytes, Stack size unknown bytes, __rtentry2.o(.ARM.Collect$$rtentry$$0000000C))

<P><STRONG><a name="[89]"></a>__rt_exit</STRONG> (Thumb, 0 bytes, Stack size unknown bytes, rtexit.o(.ARM.Collect$$rtexit$$00000000))
<BR><BR>[Called By]<UL><LI><a href="#[82]">&gt;&gt;</a>&nbsp;&nbsp;&nbsp;exit
</UL>

<P><STRONG><a name="[83]"></a>__rt_exit_ls</STRONG> (Thumb, 0 bytes, Stack size unknown bytes, rtexit2.o(.ARM.Collect$$rtexit$$00000003))
<BR><BR>[Calls]<UL><LI><a href="#[84]">&gt;&gt;</a>&nbsp;&nbsp;&nbsp;__rt_lib_shutdown
</UL>

<P><STRONG><a name="[15c]"></a>__rt_exit_prels_1</STRONG> (Thumb, 0 bytes, Stack size unknown bytes, rtexit2.o(.ARM.Collect$$rtexit$$00000002))

<P><STRONG><a name="[85]"></a>__rt_exit_exit</STRONG> (Thumb, 0 bytes, Stack size unknown bytes, rtexit2.o(.ARM.Collect$$rtexit$$00000004))
<BR><BR>[Calls]<UL><LI><a href="#[86]">&gt;&gt;</a>&nbsp;&nbsp;&nbsp;_sys_exit
</UL>

<P><STRONG><a name="[4]"></a>Reset_Handler</STRONG> (Thumb, 8 bytes, Stack size 0 bytes, startup_stm32g474xx.o(.text))
<BR>[Address Reference Count : 1]<UL><LI> startup_stm32g474xx.o(RESET)
</UL>
<P><STRONG><a name="[3d]"></a>ADC3_IRQHandler</STRONG> (Thumb, 0 bytes, Stack size 0 bytes, startup_stm32g474xx.o(.text))
<BR><BR>[Calls]<UL><LI><a href="#[3d]">&gt;&gt;</a>&nbsp;&nbsp;&nbsp;ADC3_IRQHandler
</UL>
<BR>[Called By]<UL><LI><a href="#[3d]">&gt;&gt;</a>&nbsp;&nbsp;&nbsp;ADC3_IRQHandler
</UL>
<BR>[Address Reference Count : 1]<UL><LI> startup_stm32g474xx.o(RESET)
</UL>
<P><STRONG><a name="[4b]"></a>ADC4_IRQHandler</STRONG> (Thumb, 0 bytes, Stack size 0 bytes, startup_stm32g474xx.o(.text))
<BR>[Address Reference Count : 1]<UL><LI> startup_stm32g474xx.o(RESET)
</UL>
<P><STRONG><a name="[4c]"></a>ADC5_IRQHandler</STRONG> (Thumb, 0 bytes, Stack size 0 bytes, startup_stm32g474xx.o(.text))
<BR>[Address Reference Count : 1]<UL><LI> startup_stm32g474xx.o(RESET)
</UL>
<P><STRONG><a name="[4e]"></a>COMP1_2_3_IRQHandler</STRONG> (Thumb, 0 bytes, Stack size 0 bytes, startup_stm32g474xx.o(.text))
<BR>[Address Reference Count : 1]<UL><LI> startup_stm32g474xx.o(RESET)
</UL>
<P><STRONG><a name="[4f]"></a>COMP4_5_6_IRQHandler</STRONG> (Thumb, 0 bytes, Stack size 0 bytes, startup_stm32g474xx.o(.text))
<BR>[Address Reference Count : 1]<UL><LI> startup_stm32g474xx.o(RESET)
</UL>
<P><STRONG><a name="[50]"></a>COMP7_IRQHandler</STRONG> (Thumb, 0 bytes, Stack size 0 bytes, startup_stm32g474xx.o(.text))
<BR>[Address Reference Count : 1]<UL><LI> startup_stm32g474xx.o(RESET)
</UL>
<P><STRONG><a name="[71]"></a>CORDIC_IRQHandler</STRONG> (Thumb, 0 bytes, Stack size 0 bytes, startup_stm32g474xx.o(.text))
<BR>[Address Reference Count : 1]<UL><LI> startup_stm32g474xx.o(RESET)
</UL>
<P><STRONG><a name="[59]"></a>CRS_IRQHandler</STRONG> (Thumb, 0 bytes, Stack size 0 bytes, startup_stm32g474xx.o(.text))
<BR>[Address Reference Count : 1]<UL><LI> startup_stm32g474xx.o(RESET)
</UL>
<P><STRONG><a name="[19]"></a>DMA1_Channel1_IRQHandler</STRONG> (Thumb, 0 bytes, Stack size 0 bytes, startup_stm32g474xx.o(.text))
<BR>[Address Reference Count : 1]<UL><LI> startup_stm32g474xx.o(RESET)
</UL>
<P><STRONG><a name="[1a]"></a>DMA1_Channel2_IRQHandler</STRONG> (Thumb, 0 bytes, Stack size 0 bytes, startup_stm32g474xx.o(.text))
<BR>[Address Reference Count : 1]<UL><LI> startup_stm32g474xx.o(RESET)
</UL>
<P><STRONG><a name="[1b]"></a>DMA1_Channel3_IRQHandler</STRONG> (Thumb, 0 bytes, Stack size 0 bytes, startup_stm32g474xx.o(.text))
<BR>[Address Reference Count : 1]<UL><LI> startup_stm32g474xx.o(RESET)
</UL>
<P><STRONG><a name="[1c]"></a>DMA1_Channel4_IRQHandler</STRONG> (Thumb, 0 bytes, Stack size 0 bytes, startup_stm32g474xx.o(.text))
<BR>[Address Reference Count : 1]<UL><LI> startup_stm32g474xx.o(RESET)
</UL>
<P><STRONG><a name="[1d]"></a>DMA1_Channel5_IRQHandler</STRONG> (Thumb, 0 bytes, Stack size 0 bytes, startup_stm32g474xx.o(.text))
<BR>[Address Reference Count : 1]<UL><LI> startup_stm32g474xx.o(RESET)
</UL>
<P><STRONG><a name="[1e]"></a>DMA1_Channel6_IRQHandler</STRONG> (Thumb, 0 bytes, Stack size 0 bytes, startup_stm32g474xx.o(.text))
<BR>[Address Reference Count : 1]<UL><LI> startup_stm32g474xx.o(RESET)
</UL>
<P><STRONG><a name="[1f]"></a>DMA1_Channel7_IRQHandler</STRONG> (Thumb, 0 bytes, Stack size 0 bytes, startup_stm32g474xx.o(.text))
<BR>[Address Reference Count : 1]<UL><LI> startup_stm32g474xx.o(RESET)
</UL>
<P><STRONG><a name="[6d]"></a>DMA1_Channel8_IRQHandler</STRONG> (Thumb, 0 bytes, Stack size 0 bytes, startup_stm32g474xx.o(.text))
<BR>[Address Reference Count : 1]<UL><LI> startup_stm32g474xx.o(RESET)
</UL>
<P><STRONG><a name="[46]"></a>DMA2_Channel1_IRQHandler</STRONG> (Thumb, 0 bytes, Stack size 0 bytes, startup_stm32g474xx.o(.text))
<BR>[Address Reference Count : 1]<UL><LI> startup_stm32g474xx.o(RESET)
</UL>
<P><STRONG><a name="[47]"></a>DMA2_Channel2_IRQHandler</STRONG> (Thumb, 0 bytes, Stack size 0 bytes, startup_stm32g474xx.o(.text))
<BR>[Address Reference Count : 1]<UL><LI> startup_stm32g474xx.o(RESET)
</UL>
<P><STRONG><a name="[48]"></a>DMA2_Channel3_IRQHandler</STRONG> (Thumb, 0 bytes, Stack size 0 bytes, startup_stm32g474xx.o(.text))
<BR>[Address Reference Count : 1]<UL><LI> startup_stm32g474xx.o(RESET)
</UL>
<P><STRONG><a name="[49]"></a>DMA2_Channel4_IRQHandler</STRONG> (Thumb, 0 bytes, Stack size 0 bytes, startup_stm32g474xx.o(.text))
<BR>[Address Reference Count : 1]<UL><LI> startup_stm32g474xx.o(RESET)
</UL>
<P><STRONG><a name="[4a]"></a>DMA2_Channel5_IRQHandler</STRONG> (Thumb, 0 bytes, Stack size 0 bytes, startup_stm32g474xx.o(.text))
<BR>[Address Reference Count : 1]<UL><LI> startup_stm32g474xx.o(RESET)
</UL>
<P><STRONG><a name="[6e]"></a>DMA2_Channel6_IRQHandler</STRONG> (Thumb, 0 bytes, Stack size 0 bytes, startup_stm32g474xx.o(.text))
<BR>[Address Reference Count : 1]<UL><LI> startup_stm32g474xx.o(RESET)
</UL>
<P><STRONG><a name="[6f]"></a>DMA2_Channel7_IRQHandler</STRONG> (Thumb, 0 bytes, Stack size 0 bytes, startup_stm32g474xx.o(.text))
<BR>[Address Reference Count : 1]<UL><LI> startup_stm32g474xx.o(RESET)
</UL>
<P><STRONG><a name="[70]"></a>DMA2_Channel8_IRQHandler</STRONG> (Thumb, 0 bytes, Stack size 0 bytes, startup_stm32g474xx.o(.text))
<BR>[Address Reference Count : 1]<UL><LI> startup_stm32g474xx.o(RESET)
</UL>
<P><STRONG><a name="[6b]"></a>DMAMUX_OVR_IRQHandler</STRONG> (Thumb, 0 bytes, Stack size 0 bytes, startup_stm32g474xx.o(.text))
<BR>[Address Reference Count : 1]<UL><LI> startup_stm32g474xx.o(RESET)
</UL>
<P><STRONG><a name="[14]"></a>EXTI0_IRQHandler</STRONG> (Thumb, 0 bytes, Stack size 0 bytes, startup_stm32g474xx.o(.text))
<BR>[Address Reference Count : 1]<UL><LI> startup_stm32g474xx.o(RESET)
</UL>
<P><STRONG><a name="[36]"></a>EXTI15_10_IRQHandler</STRONG> (Thumb, 0 bytes, Stack size 0 bytes, startup_stm32g474xx.o(.text))
<BR>[Address Reference Count : 1]<UL><LI> startup_stm32g474xx.o(RESET)
</UL>
<P><STRONG><a name="[15]"></a>EXTI1_IRQHandler</STRONG> (Thumb, 0 bytes, Stack size 0 bytes, startup_stm32g474xx.o(.text))
<BR>[Address Reference Count : 1]<UL><LI> startup_stm32g474xx.o(RESET)
</UL>
<P><STRONG><a name="[16]"></a>EXTI2_IRQHandler</STRONG> (Thumb, 0 bytes, Stack size 0 bytes, startup_stm32g474xx.o(.text))
<BR>[Address Reference Count : 1]<UL><LI> startup_stm32g474xx.o(RESET)
</UL>
<P><STRONG><a name="[17]"></a>EXTI3_IRQHandler</STRONG> (Thumb, 0 bytes, Stack size 0 bytes, startup_stm32g474xx.o(.text))
<BR>[Address Reference Count : 1]<UL><LI> startup_stm32g474xx.o(RESET)
</UL>
<P><STRONG><a name="[18]"></a>EXTI4_IRQHandler</STRONG> (Thumb, 0 bytes, Stack size 0 bytes, startup_stm32g474xx.o(.text))
<BR>[Address Reference Count : 1]<UL><LI> startup_stm32g474xx.o(RESET)
</UL>
<P><STRONG><a name="[25]"></a>EXTI9_5_IRQHandler</STRONG> (Thumb, 0 bytes, Stack size 0 bytes, startup_stm32g474xx.o(.text))
<BR>[Address Reference Count : 1]<UL><LI> startup_stm32g474xx.o(RESET)
</UL>
<P><STRONG><a name="[23]"></a>FDCAN1_IT0_IRQHandler</STRONG> (Thumb, 0 bytes, Stack size 0 bytes, startup_stm32g474xx.o(.text))
<BR>[Address Reference Count : 1]<UL><LI> startup_stm32g474xx.o(RESET)
</UL>
<P><STRONG><a name="[24]"></a>FDCAN1_IT1_IRQHandler</STRONG> (Thumb, 0 bytes, Stack size 0 bytes, startup_stm32g474xx.o(.text))
<BR>[Address Reference Count : 1]<UL><LI> startup_stm32g474xx.o(RESET)
</UL>
<P><STRONG><a name="[65]"></a>FDCAN3_IT0_IRQHandler</STRONG> (Thumb, 0 bytes, Stack size 0 bytes, startup_stm32g474xx.o(.text))
<BR>[Address Reference Count : 1]<UL><LI> startup_stm32g474xx.o(RESET)
</UL>
<P><STRONG><a name="[66]"></a>FDCAN3_IT1_IRQHandler</STRONG> (Thumb, 0 bytes, Stack size 0 bytes, startup_stm32g474xx.o(.text))
<BR>[Address Reference Count : 1]<UL><LI> startup_stm32g474xx.o(RESET)
</UL>
<P><STRONG><a name="[12]"></a>FLASH_IRQHandler</STRONG> (Thumb, 0 bytes, Stack size 0 bytes, startup_stm32g474xx.o(.text))
<BR>[Address Reference Count : 1]<UL><LI> startup_stm32g474xx.o(RESET)
</UL>
<P><STRONG><a name="[72]"></a>FMAC_IRQHandler</STRONG> (Thumb, 0 bytes, Stack size 0 bytes, startup_stm32g474xx.o(.text))
<BR>[Address Reference Count : 1]<UL><LI> startup_stm32g474xx.o(RESET)
</UL>
<P><STRONG><a name="[3e]"></a>FMC_IRQHandler</STRONG> (Thumb, 0 bytes, Stack size 0 bytes, startup_stm32g474xx.o(.text))
<BR>[Address Reference Count : 1]<UL><LI> startup_stm32g474xx.o(RESET)
</UL>
<P><STRONG><a name="[5f]"></a>FPU_IRQHandler</STRONG> (Thumb, 0 bytes, Stack size 0 bytes, startup_stm32g474xx.o(.text))
<BR>[Address Reference Count : 1]<UL><LI> startup_stm32g474xx.o(RESET)
</UL>
<P><STRONG><a name="[57]"></a>HRTIM1_FLT_IRQHandler</STRONG> (Thumb, 0 bytes, Stack size 0 bytes, startup_stm32g474xx.o(.text))
<BR>[Address Reference Count : 1]<UL><LI> startup_stm32g474xx.o(RESET)
</UL>
<P><STRONG><a name="[51]"></a>HRTIM1_Master_IRQHandler</STRONG> (Thumb, 0 bytes, Stack size 0 bytes, startup_stm32g474xx.o(.text))
<BR>[Address Reference Count : 1]<UL><LI> startup_stm32g474xx.o(RESET)
</UL>
<P><STRONG><a name="[52]"></a>HRTIM1_TIMA_IRQHandler</STRONG> (Thumb, 0 bytes, Stack size 0 bytes, startup_stm32g474xx.o(.text))
<BR>[Address Reference Count : 1]<UL><LI> startup_stm32g474xx.o(RESET)
</UL>
<P><STRONG><a name="[54]"></a>HRTIM1_TIMC_IRQHandler</STRONG> (Thumb, 0 bytes, Stack size 0 bytes, startup_stm32g474xx.o(.text))
<BR>[Address Reference Count : 1]<UL><LI> startup_stm32g474xx.o(RESET)
</UL>
<P><STRONG><a name="[55]"></a>HRTIM1_TIMD_IRQHandler</STRONG> (Thumb, 0 bytes, Stack size 0 bytes, startup_stm32g474xx.o(.text))
<BR>[Address Reference Count : 1]<UL><LI> startup_stm32g474xx.o(RESET)
</UL>
<P><STRONG><a name="[56]"></a>HRTIM1_TIME_IRQHandler</STRONG> (Thumb, 0 bytes, Stack size 0 bytes, startup_stm32g474xx.o(.text))
<BR>[Address Reference Count : 1]<UL><LI> startup_stm32g474xx.o(RESET)
</UL>
<P><STRONG><a name="[58]"></a>HRTIM1_TIMF_IRQHandler</STRONG> (Thumb, 0 bytes, Stack size 0 bytes, startup_stm32g474xx.o(.text))
<BR>[Address Reference Count : 1]<UL><LI> startup_stm32g474xx.o(RESET)
</UL>
<P><STRONG><a name="[2e]"></a>I2C1_ER_IRQHandler</STRONG> (Thumb, 0 bytes, Stack size 0 bytes, startup_stm32g474xx.o(.text))
<BR>[Address Reference Count : 1]<UL><LI> startup_stm32g474xx.o(RESET)
</UL>
<P><STRONG><a name="[2d]"></a>I2C1_EV_IRQHandler</STRONG> (Thumb, 0 bytes, Stack size 0 bytes, startup_stm32g474xx.o(.text))
<BR>[Address Reference Count : 1]<UL><LI> startup_stm32g474xx.o(RESET)
</UL>
<P><STRONG><a name="[30]"></a>I2C2_ER_IRQHandler</STRONG> (Thumb, 0 bytes, Stack size 0 bytes, startup_stm32g474xx.o(.text))
<BR>[Address Reference Count : 1]<UL><LI> startup_stm32g474xx.o(RESET)
</UL>
<P><STRONG><a name="[2f]"></a>I2C2_EV_IRQHandler</STRONG> (Thumb, 0 bytes, Stack size 0 bytes, startup_stm32g474xx.o(.text))
<BR>[Address Reference Count : 1]<UL><LI> startup_stm32g474xx.o(RESET)
</UL>
<P><STRONG><a name="[6a]"></a>I2C3_ER_IRQHandler</STRONG> (Thumb, 0 bytes, Stack size 0 bytes, startup_stm32g474xx.o(.text))
<BR>[Address Reference Count : 1]<UL><LI> startup_stm32g474xx.o(RESET)
</UL>
<P><STRONG><a name="[69]"></a>I2C3_EV_IRQHandler</STRONG> (Thumb, 0 bytes, Stack size 0 bytes, startup_stm32g474xx.o(.text))
<BR>[Address Reference Count : 1]<UL><LI> startup_stm32g474xx.o(RESET)
</UL>
<P><STRONG><a name="[61]"></a>I2C4_ER_IRQHandler</STRONG> (Thumb, 0 bytes, Stack size 0 bytes, startup_stm32g474xx.o(.text))
<BR>[Address Reference Count : 1]<UL><LI> startup_stm32g474xx.o(RESET)
</UL>
<P><STRONG><a name="[60]"></a>I2C4_EV_IRQHandler</STRONG> (Thumb, 0 bytes, Stack size 0 bytes, startup_stm32g474xx.o(.text))
<BR>[Address Reference Count : 1]<UL><LI> startup_stm32g474xx.o(RESET)
</UL>
<P><STRONG><a name="[3f]"></a>LPTIM1_IRQHandler</STRONG> (Thumb, 0 bytes, Stack size 0 bytes, startup_stm32g474xx.o(.text))
<BR>[Address Reference Count : 1]<UL><LI> startup_stm32g474xx.o(RESET)
</UL>
<P><STRONG><a name="[68]"></a>LPUART1_IRQHandler</STRONG> (Thumb, 0 bytes, Stack size 0 bytes, startup_stm32g474xx.o(.text))
<BR>[Address Reference Count : 1]<UL><LI> startup_stm32g474xx.o(RESET)
</UL>
<P><STRONG><a name="[f]"></a>PVD_PVM_IRQHandler</STRONG> (Thumb, 0 bytes, Stack size 0 bytes, startup_stm32g474xx.o(.text))
<BR>[Address Reference Count : 1]<UL><LI> startup_stm32g474xx.o(RESET)
</UL>
<P><STRONG><a name="[6c]"></a>QUADSPI_IRQHandler</STRONG> (Thumb, 0 bytes, Stack size 0 bytes, startup_stm32g474xx.o(.text))
<BR>[Address Reference Count : 1]<UL><LI> startup_stm32g474xx.o(RESET)
</UL>
<P><STRONG><a name="[13]"></a>RCC_IRQHandler</STRONG> (Thumb, 0 bytes, Stack size 0 bytes, startup_stm32g474xx.o(.text))
<BR>[Address Reference Count : 1]<UL><LI> startup_stm32g474xx.o(RESET)
</UL>
<P><STRONG><a name="[67]"></a>RNG_IRQHandler</STRONG> (Thumb, 0 bytes, Stack size 0 bytes, startup_stm32g474xx.o(.text))
<BR>[Address Reference Count : 1]<UL><LI> startup_stm32g474xx.o(RESET)
</UL>
<P><STRONG><a name="[37]"></a>RTC_Alarm_IRQHandler</STRONG> (Thumb, 0 bytes, Stack size 0 bytes, startup_stm32g474xx.o(.text))
<BR>[Address Reference Count : 1]<UL><LI> startup_stm32g474xx.o(RESET)
</UL>
<P><STRONG><a name="[10]"></a>RTC_TAMP_LSECSS_IRQHandler</STRONG> (Thumb, 0 bytes, Stack size 0 bytes, startup_stm32g474xx.o(.text))
<BR>[Address Reference Count : 1]<UL><LI> startup_stm32g474xx.o(RESET)
</UL>
<P><STRONG><a name="[11]"></a>RTC_WKUP_IRQHandler</STRONG> (Thumb, 0 bytes, Stack size 0 bytes, startup_stm32g474xx.o(.text))
<BR>[Address Reference Count : 1]<UL><LI> startup_stm32g474xx.o(RESET)
</UL>
<P><STRONG><a name="[5a]"></a>SAI1_IRQHandler</STRONG> (Thumb, 0 bytes, Stack size 0 bytes, startup_stm32g474xx.o(.text))
<BR>[Address Reference Count : 1]<UL><LI> startup_stm32g474xx.o(RESET)
</UL>
<P><STRONG><a name="[31]"></a>SPI1_IRQHandler</STRONG> (Thumb, 0 bytes, Stack size 0 bytes, startup_stm32g474xx.o(.text))
<BR>[Address Reference Count : 1]<UL><LI> startup_stm32g474xx.o(RESET)
</UL>
<P><STRONG><a name="[32]"></a>SPI2_IRQHandler</STRONG> (Thumb, 0 bytes, Stack size 0 bytes, startup_stm32g474xx.o(.text))
<BR>[Address Reference Count : 1]<UL><LI> startup_stm32g474xx.o(RESET)
</UL>
<P><STRONG><a name="[41]"></a>SPI3_IRQHandler</STRONG> (Thumb, 0 bytes, Stack size 0 bytes, startup_stm32g474xx.o(.text))
<BR>[Address Reference Count : 1]<UL><LI> startup_stm32g474xx.o(RESET)
</UL>
<P><STRONG><a name="[62]"></a>SPI4_IRQHandler</STRONG> (Thumb, 0 bytes, Stack size 0 bytes, startup_stm32g474xx.o(.text))
<BR>[Address Reference Count : 1]<UL><LI> startup_stm32g474xx.o(RESET)
</UL>
<P><STRONG><a name="[5b]"></a>TIM20_BRK_IRQHandler</STRONG> (Thumb, 0 bytes, Stack size 0 bytes, startup_stm32g474xx.o(.text))
<BR>[Address Reference Count : 1]<UL><LI> startup_stm32g474xx.o(RESET)
</UL>
<P><STRONG><a name="[5e]"></a>TIM20_CC_IRQHandler</STRONG> (Thumb, 0 bytes, Stack size 0 bytes, startup_stm32g474xx.o(.text))
<BR>[Address Reference Count : 1]<UL><LI> startup_stm32g474xx.o(RESET)
</UL>
<P><STRONG><a name="[5d]"></a>TIM20_TRG_COM_IRQHandler</STRONG> (Thumb, 0 bytes, Stack size 0 bytes, startup_stm32g474xx.o(.text))
<BR>[Address Reference Count : 1]<UL><LI> startup_stm32g474xx.o(RESET)
</UL>
<P><STRONG><a name="[5c]"></a>TIM20_UP_IRQHandler</STRONG> (Thumb, 0 bytes, Stack size 0 bytes, startup_stm32g474xx.o(.text))
<BR>[Address Reference Count : 1]<UL><LI> startup_stm32g474xx.o(RESET)
</UL>
<P><STRONG><a name="[2a]"></a>TIM2_IRQHandler</STRONG> (Thumb, 0 bytes, Stack size 0 bytes, startup_stm32g474xx.o(.text))
<BR>[Address Reference Count : 1]<UL><LI> startup_stm32g474xx.o(RESET)
</UL>
<P><STRONG><a name="[2b]"></a>TIM3_IRQHandler</STRONG> (Thumb, 0 bytes, Stack size 0 bytes, startup_stm32g474xx.o(.text))
<BR>[Address Reference Count : 1]<UL><LI> startup_stm32g474xx.o(RESET)
</UL>
<P><STRONG><a name="[2c]"></a>TIM4_IRQHandler</STRONG> (Thumb, 0 bytes, Stack size 0 bytes, startup_stm32g474xx.o(.text))
<BR>[Address Reference Count : 1]<UL><LI> startup_stm32g474xx.o(RESET)
</UL>
<P><STRONG><a name="[40]"></a>TIM5_IRQHandler</STRONG> (Thumb, 0 bytes, Stack size 0 bytes, startup_stm32g474xx.o(.text))
<BR>[Address Reference Count : 1]<UL><LI> startup_stm32g474xx.o(RESET)
</UL>
<P><STRONG><a name="[45]"></a>TIM7_DAC_IRQHandler</STRONG> (Thumb, 0 bytes, Stack size 0 bytes, startup_stm32g474xx.o(.text))
<BR>[Address Reference Count : 1]<UL><LI> startup_stm32g474xx.o(RESET)
</UL>
<P><STRONG><a name="[39]"></a>TIM8_BRK_IRQHandler</STRONG> (Thumb, 0 bytes, Stack size 0 bytes, startup_stm32g474xx.o(.text))
<BR>[Address Reference Count : 1]<UL><LI> startup_stm32g474xx.o(RESET)
</UL>
<P><STRONG><a name="[3c]"></a>TIM8_CC_IRQHandler</STRONG> (Thumb, 0 bytes, Stack size 0 bytes, startup_stm32g474xx.o(.text))
<BR>[Address Reference Count : 1]<UL><LI> startup_stm32g474xx.o(RESET)
</UL>
<P><STRONG><a name="[3b]"></a>TIM8_TRG_COM_IRQHandler</STRONG> (Thumb, 0 bytes, Stack size 0 bytes, startup_stm32g474xx.o(.text))
<BR>[Address Reference Count : 1]<UL><LI> startup_stm32g474xx.o(RESET)
</UL>
<P><STRONG><a name="[3a]"></a>TIM8_UP_IRQHandler</STRONG> (Thumb, 0 bytes, Stack size 0 bytes, startup_stm32g474xx.o(.text))
<BR>[Address Reference Count : 1]<UL><LI> startup_stm32g474xx.o(RESET)
</UL>
<P><STRONG><a name="[42]"></a>UART4_IRQHandler</STRONG> (Thumb, 0 bytes, Stack size 0 bytes, startup_stm32g474xx.o(.text))
<BR>[Address Reference Count : 1]<UL><LI> startup_stm32g474xx.o(RESET)
</UL>
<P><STRONG><a name="[43]"></a>UART5_IRQHandler</STRONG> (Thumb, 0 bytes, Stack size 0 bytes, startup_stm32g474xx.o(.text))
<BR>[Address Reference Count : 1]<UL><LI> startup_stm32g474xx.o(RESET)
</UL>
<P><STRONG><a name="[4d]"></a>UCPD1_IRQHandler</STRONG> (Thumb, 0 bytes, Stack size 0 bytes, startup_stm32g474xx.o(.text))
<BR>[Address Reference Count : 1]<UL><LI> startup_stm32g474xx.o(RESET)
</UL>
<P><STRONG><a name="[33]"></a>USART1_IRQHandler</STRONG> (Thumb, 0 bytes, Stack size 0 bytes, startup_stm32g474xx.o(.text))
<BR>[Address Reference Count : 1]<UL><LI> startup_stm32g474xx.o(RESET)
</UL>
<P><STRONG><a name="[34]"></a>USART2_IRQHandler</STRONG> (Thumb, 0 bytes, Stack size 0 bytes, startup_stm32g474xx.o(.text))
<BR>[Address Reference Count : 1]<UL><LI> startup_stm32g474xx.o(RESET)
</UL>
<P><STRONG><a name="[35]"></a>USART3_IRQHandler</STRONG> (Thumb, 0 bytes, Stack size 0 bytes, startup_stm32g474xx.o(.text))
<BR>[Address Reference Count : 1]<UL><LI> startup_stm32g474xx.o(RESET)
</UL>
<P><STRONG><a name="[38]"></a>USBWakeUp_IRQHandler</STRONG> (Thumb, 0 bytes, Stack size 0 bytes, startup_stm32g474xx.o(.text))
<BR>[Address Reference Count : 1]<UL><LI> startup_stm32g474xx.o(RESET)
</UL>
<P><STRONG><a name="[21]"></a>USB_HP_IRQHandler</STRONG> (Thumb, 0 bytes, Stack size 0 bytes, startup_stm32g474xx.o(.text))
<BR>[Address Reference Count : 1]<UL><LI> startup_stm32g474xx.o(RESET)
</UL>
<P><STRONG><a name="[22]"></a>USB_LP_IRQHandler</STRONG> (Thumb, 0 bytes, Stack size 0 bytes, startup_stm32g474xx.o(.text))
<BR>[Address Reference Count : 1]<UL><LI> startup_stm32g474xx.o(RESET)
</UL>
<P><STRONG><a name="[e]"></a>WWDG_IRQHandler</STRONG> (Thumb, 0 bytes, Stack size 0 bytes, startup_stm32g474xx.o(.text))
<BR>[Address Reference Count : 1]<UL><LI> startup_stm32g474xx.o(RESET)
</UL>
<P><STRONG><a name="[88]"></a>__user_initial_stackheap</STRONG> (Thumb, 0 bytes, Stack size unknown bytes, startup_stm32g474xx.o(.text))
<BR><BR>[Called By]<UL><LI><a href="#[7d]">&gt;&gt;</a>&nbsp;&nbsp;&nbsp;__user_setup_stackheap
</UL>

<P><STRONG><a name="[ba]"></a>__aeabi_memclr4</STRONG> (Thumb, 0 bytes, Stack size 4 bytes, rt_memclr_w.o(.text))
<BR><BR>[Stack]<UL><LI>Max Depth = 4<LI>Call Chain = __aeabi_memclr4
</UL>
<BR>[Called By]<UL><LI><a href="#[103]">&gt;&gt;</a>&nbsp;&nbsp;&nbsp;HAL_TIM_MspPostInit
<LI><a href="#[d8]">&gt;&gt;</a>&nbsp;&nbsp;&nbsp;HAL_HRTIM_MspPostInit
<LI><a href="#[d0]">&gt;&gt;</a>&nbsp;&nbsp;&nbsp;HAL_FDCAN_MspInit
<LI><a href="#[b9]">&gt;&gt;</a>&nbsp;&nbsp;&nbsp;HAL_ADC_MspInit
<LI><a href="#[130]">&gt;&gt;</a>&nbsp;&nbsp;&nbsp;MX_TIM15_Init
<LI><a href="#[129]">&gt;&gt;</a>&nbsp;&nbsp;&nbsp;MX_HRTIM1_Init
<LI><a href="#[128]">&gt;&gt;</a>&nbsp;&nbsp;&nbsp;MX_GPIO_Init
<LI><a href="#[126]">&gt;&gt;</a>&nbsp;&nbsp;&nbsp;MX_ADC1_Init
<LI><a href="#[137]">&gt;&gt;</a>&nbsp;&nbsp;&nbsp;SystemClock_Config
</UL>

<P><STRONG><a name="[15d]"></a>__aeabi_memclr8</STRONG> (Thumb, 0 bytes, Stack size 4 bytes, rt_memclr_w.o(.text), UNUSED)

<P><STRONG><a name="[15e]"></a>__rt_memclr_w</STRONG> (Thumb, 78 bytes, Stack size 4 bytes, rt_memclr_w.o(.text), UNUSED)

<P><STRONG><a name="[15f]"></a>_memset_w</STRONG> (Thumb, 0 bytes, Stack size unknown bytes, rt_memclr_w.o(.text), UNUSED)

<P><STRONG><a name="[160]"></a>__use_two_region_memory</STRONG> (Thumb, 2 bytes, Stack size 0 bytes, heapauxi.o(.text), UNUSED)

<P><STRONG><a name="[161]"></a>__rt_heap_escrow$2region</STRONG> (Thumb, 2 bytes, Stack size 0 bytes, heapauxi.o(.text), UNUSED)

<P><STRONG><a name="[162]"></a>__rt_heap_expand$2region</STRONG> (Thumb, 2 bytes, Stack size 0 bytes, heapauxi.o(.text), UNUSED)

<P><STRONG><a name="[163]"></a>__user_libspace</STRONG> (Thumb, 8 bytes, Stack size 0 bytes, libspace.o(.text), UNUSED)

<P><STRONG><a name="[87]"></a>__user_perproc_libspace</STRONG> (Thumb, 0 bytes, Stack size 0 bytes, libspace.o(.text))
<BR><BR>[Called By]<UL><LI><a href="#[7d]">&gt;&gt;</a>&nbsp;&nbsp;&nbsp;__user_setup_stackheap
</UL>

<P><STRONG><a name="[164]"></a>__user_perthread_libspace</STRONG> (Thumb, 0 bytes, Stack size 0 bytes, libspace.o(.text), UNUSED)

<P><STRONG><a name="[7d]"></a>__user_setup_stackheap</STRONG> (Thumb, 74 bytes, Stack size 8 bytes, sys_stackheap_outer.o(.text))
<BR><BR>[Stack]<UL><LI>Max Depth = 8 + Unknown Stack Size
<LI>Call Chain = __user_setup_stackheap
</UL>
<BR>[Calls]<UL><LI><a href="#[88]">&gt;&gt;</a>&nbsp;&nbsp;&nbsp;__user_initial_stackheap
<LI><a href="#[87]">&gt;&gt;</a>&nbsp;&nbsp;&nbsp;__user_perproc_libspace
</UL>
<BR>[Called By]<UL><LI><a href="#[7c]">&gt;&gt;</a>&nbsp;&nbsp;&nbsp;__rt_entry_sh
</UL>

<P><STRONG><a name="[82]"></a>exit</STRONG> (Thumb, 18 bytes, Stack size 8 bytes, exit.o(.text))
<BR><BR>[Stack]<UL><LI>Max Depth = 8 + Unknown Stack Size
<LI>Call Chain = exit
</UL>
<BR>[Calls]<UL><LI><a href="#[89]">&gt;&gt;</a>&nbsp;&nbsp;&nbsp;__rt_exit
</UL>
<BR>[Called By]<UL><LI><a href="#[80]">&gt;&gt;</a>&nbsp;&nbsp;&nbsp;__rt_entry_main
</UL>

<P><STRONG><a name="[86]"></a>_sys_exit</STRONG> (Thumb, 8 bytes, Stack size 0 bytes, sys_exit.o(.text))
<BR><BR>[Called By]<UL><LI><a href="#[85]">&gt;&gt;</a>&nbsp;&nbsp;&nbsp;__rt_exit_exit
</UL>

<P><STRONG><a name="[165]"></a>__I$use$semihosting</STRONG> (Thumb, 0 bytes, Stack size 0 bytes, use_no_semi.o(.text), UNUSED)

<P><STRONG><a name="[166]"></a>__use_no_semihosting_swi</STRONG> (Thumb, 2 bytes, Stack size 0 bytes, use_no_semi.o(.text), UNUSED)

<P><STRONG><a name="[167]"></a>__semihosting_library_function</STRONG> (Thumb, 0 bytes, Stack size unknown bytes, indicate_semi.o(.text), UNUSED)

<P><STRONG><a name="[20]"></a>ADC1_2_IRQHandler</STRONG> (Thumb, 6 bytes, Stack size 0 bytes, stm32g4xx_it.o(i.ADC1_2_IRQHandler))
<BR><BR>[Stack]<UL><LI>Max Depth = 88<LI>Call Chain = ADC1_2_IRQHandler &rArr; HAL_ADC_IRQHandler &rArr; HAL_ADCEx_InjectedConvCpltCallback
</UL>
<BR>[Calls]<UL><LI><a href="#[8a]">&gt;&gt;</a>&nbsp;&nbsp;&nbsp;HAL_ADC_IRQHandler
</UL>
<BR>[Address Reference Count : 1]<UL><LI> startup_stm32g474xx.o(RESET)
</UL>
<P><STRONG><a name="[8b]"></a>ADC_Disable</STRONG> (Thumb, 106 bytes, Stack size 16 bytes, stm32g4xx_hal_adc.o(i.ADC_Disable))
<BR><BR>[Stack]<UL><LI>Max Depth = 16<LI>Call Chain = ADC_Disable
</UL>
<BR>[Calls]<UL><LI><a href="#[8d]">&gt;&gt;</a>&nbsp;&nbsp;&nbsp;HAL_GetTick
<LI><a href="#[8c]">&gt;&gt;</a>&nbsp;&nbsp;&nbsp;LL_ADC_IsEnabled
</UL>
<BR>[Called By]<UL><LI><a href="#[9c]">&gt;&gt;</a>&nbsp;&nbsp;&nbsp;HAL_ADCEx_Calibration_Start
</UL>

<P><STRONG><a name="[8e]"></a>ADC_Enable</STRONG> (Thumb, 110 bytes, Stack size 16 bytes, stm32g4xx_hal_adc.o(i.ADC_Enable))
<BR><BR>[Stack]<UL><LI>Max Depth = 16<LI>Call Chain = ADC_Enable
</UL>
<BR>[Calls]<UL><LI><a href="#[8d]">&gt;&gt;</a>&nbsp;&nbsp;&nbsp;HAL_GetTick
<LI><a href="#[8c]">&gt;&gt;</a>&nbsp;&nbsp;&nbsp;LL_ADC_IsEnabled
</UL>
<BR>[Called By]<UL><LI><a href="#[9d]">&gt;&gt;</a>&nbsp;&nbsp;&nbsp;HAL_ADCEx_InjectedStart
</UL>

<P><STRONG><a name="[8]"></a>BusFault_Handler</STRONG> (Thumb, 2 bytes, Stack size 0 bytes, stm32g4xx_it.o(i.BusFault_Handler))
<BR><BR>[Calls]<UL><LI><a href="#[8]">&gt;&gt;</a>&nbsp;&nbsp;&nbsp;BusFault_Handler
</UL>
<BR>[Called By]<UL><LI><a href="#[8]">&gt;&gt;</a>&nbsp;&nbsp;&nbsp;BusFault_Handler
</UL>
<BR>[Address Reference Count : 1]<UL><LI> startup_stm32g474xx.o(RESET)
</UL>
<P><STRONG><a name="[8f]"></a>CAN_Init</STRONG> (Thumb, 90 bytes, Stack size 32 bytes, dcdc.o(i.CAN_Init))
<BR><BR>[Stack]<UL><LI>Max Depth = 44<LI>Call Chain = CAN_Init &rArr; HAL_FDCAN_ActivateNotification
</UL>
<BR>[Calls]<UL><LI><a href="#[92]">&gt;&gt;</a>&nbsp;&nbsp;&nbsp;HAL_FDCAN_Start
<LI><a href="#[90]">&gt;&gt;</a>&nbsp;&nbsp;&nbsp;HAL_FDCAN_ConfigFilter
<LI><a href="#[91]">&gt;&gt;</a>&nbsp;&nbsp;&nbsp;HAL_FDCAN_ActivateNotification
</UL>
<BR>[Called By]<UL><LI><a href="#[95]">&gt;&gt;</a>&nbsp;&nbsp;&nbsp;Cap_Init
</UL>

<P><STRONG><a name="[93]"></a>CAN_Transmit</STRONG> (Thumb, 106 bytes, Stack size 8 bytes, dcdc.o(i.CAN_Transmit))
<BR><BR>[Stack]<UL><LI>Max Depth = 44<LI>Call Chain = CAN_Transmit &rArr; HAL_FDCAN_AddMessageToTxFifoQ &rArr; FDCAN_CopyMessageToRAM
</UL>
<BR>[Calls]<UL><LI><a href="#[94]">&gt;&gt;</a>&nbsp;&nbsp;&nbsp;HAL_FDCAN_AddMessageToTxFifoQ
</UL>
<BR>[Called By]<UL><LI><a href="#[fa]">&gt;&gt;</a>&nbsp;&nbsp;&nbsp;HAL_TIM_PeriodElapsedCallback
</UL>

<P><STRONG><a name="[95]"></a>Cap_Init</STRONG> (Thumb, 258 bytes, Stack size 24 bytes, dcdc.o(i.Cap_Init))
<BR><BR>[Stack]<UL><LI>Max Depth = 68<LI>Call Chain = Cap_Init &rArr; CAN_Init &rArr; HAL_FDCAN_ActivateNotification
</UL>
<BR>[Calls]<UL><LI><a href="#[98]">&gt;&gt;</a>&nbsp;&nbsp;&nbsp;PID_SetDeadzone
<LI><a href="#[97]">&gt;&gt;</a>&nbsp;&nbsp;&nbsp;PID_Init
<LI><a href="#[9e]">&gt;&gt;</a>&nbsp;&nbsp;&nbsp;HAL_TIM_PWM_Start
<LI><a href="#[99]">&gt;&gt;</a>&nbsp;&nbsp;&nbsp;HAL_TIM_Base_Start_IT
<LI><a href="#[9f]">&gt;&gt;</a>&nbsp;&nbsp;&nbsp;HAL_TIMEx_PWMN_Start
<LI><a href="#[9a]">&gt;&gt;</a>&nbsp;&nbsp;&nbsp;HAL_HRTIM_WaveformOutputStart
<LI><a href="#[9b]">&gt;&gt;</a>&nbsp;&nbsp;&nbsp;HAL_HRTIM_WaveformCountStart
<LI><a href="#[96]">&gt;&gt;</a>&nbsp;&nbsp;&nbsp;HAL_Delay
<LI><a href="#[9d]">&gt;&gt;</a>&nbsp;&nbsp;&nbsp;HAL_ADCEx_InjectedStart
<LI><a href="#[9c]">&gt;&gt;</a>&nbsp;&nbsp;&nbsp;HAL_ADCEx_Calibration_Start
<LI><a href="#[8f]">&gt;&gt;</a>&nbsp;&nbsp;&nbsp;CAN_Init
</UL>
<BR>[Called By]<UL><LI><a href="#[81]">&gt;&gt;</a>&nbsp;&nbsp;&nbsp;main
</UL>

<P><STRONG><a name="[a0]"></a>DCDC_CALLBACK</STRONG> (Thumb, 642 bytes, Stack size 32 bytes, dcdc.o(i.DCDC_CALLBACK))
<BR><BR>[Stack]<UL><LI>Max Depth = 32<LI>Call Chain = DCDC_CALLBACK
</UL>
<BR>[Calls]<UL><LI><a href="#[a1]">&gt;&gt;</a>&nbsp;&nbsp;&nbsp;PID_SingleCalc
<LI><a href="#[a2]">&gt;&gt;</a>&nbsp;&nbsp;&nbsp;PID_Clear
<LI><a href="#[a3]">&gt;&gt;</a>&nbsp;&nbsp;&nbsp;HAL_GPIO_WritePin
</UL>
<BR>[Called By]<UL><LI><a href="#[fa]">&gt;&gt;</a>&nbsp;&nbsp;&nbsp;HAL_TIM_PeriodElapsedCallback
</UL>

<P><STRONG><a name="[b]"></a>DebugMon_Handler</STRONG> (Thumb, 2 bytes, Stack size 0 bytes, stm32g4xx_it.o(i.DebugMon_Handler))
<BR>[Address Reference Count : 1]<UL><LI> startup_stm32g474xx.o(RESET)
</UL>
<P><STRONG><a name="[bc]"></a>Error_Handler</STRONG> (Thumb, 4 bytes, Stack size 0 bytes, main.o(i.Error_Handler))
<BR><BR>[Called By]<UL><LI><a href="#[d0]">&gt;&gt;</a>&nbsp;&nbsp;&nbsp;HAL_FDCAN_MspInit
<LI><a href="#[b9]">&gt;&gt;</a>&nbsp;&nbsp;&nbsp;HAL_ADC_MspInit
<LI><a href="#[135]">&gt;&gt;</a>&nbsp;&nbsp;&nbsp;MX_TIM6_Init
<LI><a href="#[134]">&gt;&gt;</a>&nbsp;&nbsp;&nbsp;MX_TIM1_Init
<LI><a href="#[130]">&gt;&gt;</a>&nbsp;&nbsp;&nbsp;MX_TIM15_Init
<LI><a href="#[129]">&gt;&gt;</a>&nbsp;&nbsp;&nbsp;MX_HRTIM1_Init
<LI><a href="#[127]">&gt;&gt;</a>&nbsp;&nbsp;&nbsp;MX_FDCAN2_Init
<LI><a href="#[126]">&gt;&gt;</a>&nbsp;&nbsp;&nbsp;MX_ADC1_Init
</UL>

<P><STRONG><a name="[63]"></a>FDCAN2_IT0_IRQHandler</STRONG> (Thumb, 6 bytes, Stack size 0 bytes, stm32g4xx_it.o(i.FDCAN2_IT0_IRQHandler))
<BR><BR>[Stack]<UL><LI>Max Depth = 60<LI>Call Chain = FDCAN2_IT0_IRQHandler &rArr; HAL_FDCAN_IRQHandler &rArr; HAL_FDCAN_RxFifo0Callback &rArr; HAL_FDCAN_GetRxMessage
</UL>
<BR>[Calls]<UL><LI><a href="#[a4]">&gt;&gt;</a>&nbsp;&nbsp;&nbsp;HAL_FDCAN_IRQHandler
</UL>
<BR>[Address Reference Count : 1]<UL><LI> startup_stm32g474xx.o(RESET)
</UL>
<P><STRONG><a name="[64]"></a>FDCAN2_IT1_IRQHandler</STRONG> (Thumb, 6 bytes, Stack size 0 bytes, stm32g4xx_it.o(i.FDCAN2_IT1_IRQHandler))
<BR><BR>[Stack]<UL><LI>Max Depth = 60<LI>Call Chain = FDCAN2_IT1_IRQHandler &rArr; HAL_FDCAN_IRQHandler &rArr; HAL_FDCAN_RxFifo0Callback &rArr; HAL_FDCAN_GetRxMessage
</UL>
<BR>[Calls]<UL><LI><a href="#[a4]">&gt;&gt;</a>&nbsp;&nbsp;&nbsp;HAL_FDCAN_IRQHandler
</UL>
<BR>[Address Reference Count : 1]<UL><LI> startup_stm32g474xx.o(RESET)
</UL>
<P><STRONG><a name="[9c]"></a>HAL_ADCEx_Calibration_Start</STRONG> (Thumb, 138 bytes, Stack size 24 bytes, stm32g4xx_hal_adc_ex.o(i.HAL_ADCEx_Calibration_Start))
<BR><BR>[Stack]<UL><LI>Max Depth = 40<LI>Call Chain = HAL_ADCEx_Calibration_Start &rArr; ADC_Disable
</UL>
<BR>[Calls]<UL><LI><a href="#[8b]">&gt;&gt;</a>&nbsp;&nbsp;&nbsp;ADC_Disable
</UL>
<BR>[Called By]<UL><LI><a href="#[95]">&gt;&gt;</a>&nbsp;&nbsp;&nbsp;Cap_Init
</UL>

<P><STRONG><a name="[ae]"></a>HAL_ADCEx_EndOfSamplingCallback</STRONG> (Thumb, 2 bytes, Stack size 0 bytes, stm32g4xx_hal_adc_ex.o(i.HAL_ADCEx_EndOfSamplingCallback))
<BR><BR>[Called By]<UL><LI><a href="#[8a]">&gt;&gt;</a>&nbsp;&nbsp;&nbsp;HAL_ADC_IRQHandler
</UL>

<P><STRONG><a name="[a5]"></a>HAL_ADCEx_InjectedConfigChannel</STRONG> (Thumb, 1300 bytes, Stack size 40 bytes, stm32g4xx_hal_adc_ex.o(i.HAL_ADCEx_InjectedConfigChannel))
<BR><BR>[Stack]<UL><LI>Max Depth = 48<LI>Call Chain = HAL_ADCEx_InjectedConfigChannel &rArr; LL_ADC_SetChannelSamplingTime
</UL>
<BR>[Calls]<UL><LI><a href="#[aa]">&gt;&gt;</a>&nbsp;&nbsp;&nbsp;LL_ADC_SetOffsetState
<LI><a href="#[a8]">&gt;&gt;</a>&nbsp;&nbsp;&nbsp;LL_ADC_SetChannelSamplingTime
<LI><a href="#[a7]">&gt;&gt;</a>&nbsp;&nbsp;&nbsp;LL_ADC_REG_IsConversionOngoing
<LI><a href="#[ab]">&gt;&gt;</a>&nbsp;&nbsp;&nbsp;LL_ADC_IsEnabled
<LI><a href="#[a6]">&gt;&gt;</a>&nbsp;&nbsp;&nbsp;LL_ADC_INJ_IsConversionOngoing
<LI><a href="#[a9]">&gt;&gt;</a>&nbsp;&nbsp;&nbsp;LL_ADC_GetOffsetChannel
</UL>
<BR>[Called By]<UL><LI><a href="#[126]">&gt;&gt;</a>&nbsp;&nbsp;&nbsp;MX_ADC1_Init
</UL>

<P><STRONG><a name="[ac]"></a>HAL_ADCEx_InjectedConvCpltCallback</STRONG> (Thumb, 638 bytes, Stack size 48 bytes, dcdc.o(i.HAL_ADCEx_InjectedConvCpltCallback))
<BR><BR>[Stack]<UL><LI>Max Depth = 48<LI>Call Chain = HAL_ADCEx_InjectedConvCpltCallback
</UL>
<BR>[Calls]<UL><LI><a href="#[a3]">&gt;&gt;</a>&nbsp;&nbsp;&nbsp;HAL_GPIO_WritePin
</UL>
<BR>[Called By]<UL><LI><a href="#[8a]">&gt;&gt;</a>&nbsp;&nbsp;&nbsp;HAL_ADC_IRQHandler
</UL>

<P><STRONG><a name="[b7]"></a>HAL_ADCEx_InjectedQueueOverflowCallback</STRONG> (Thumb, 2 bytes, Stack size 0 bytes, stm32g4xx_hal_adc_ex.o(i.HAL_ADCEx_InjectedQueueOverflowCallback))
<BR><BR>[Called By]<UL><LI><a href="#[8a]">&gt;&gt;</a>&nbsp;&nbsp;&nbsp;HAL_ADC_IRQHandler
</UL>

<P><STRONG><a name="[9d]"></a>HAL_ADCEx_InjectedStart</STRONG> (Thumb, 262 bytes, Stack size 24 bytes, stm32g4xx_hal_adc_ex.o(i.HAL_ADCEx_InjectedStart))
<BR><BR>[Stack]<UL><LI>Max Depth = 40<LI>Call Chain = HAL_ADCEx_InjectedStart &rArr; ADC_Enable
</UL>
<BR>[Calls]<UL><LI><a href="#[a6]">&gt;&gt;</a>&nbsp;&nbsp;&nbsp;LL_ADC_INJ_IsConversionOngoing
<LI><a href="#[8e]">&gt;&gt;</a>&nbsp;&nbsp;&nbsp;ADC_Enable
</UL>
<BR>[Called By]<UL><LI><a href="#[95]">&gt;&gt;</a>&nbsp;&nbsp;&nbsp;Cap_Init
</UL>

<P><STRONG><a name="[b4]"></a>HAL_ADCEx_LevelOutOfWindow2Callback</STRONG> (Thumb, 2 bytes, Stack size 0 bytes, stm32g4xx_hal_adc_ex.o(i.HAL_ADCEx_LevelOutOfWindow2Callback))
<BR><BR>[Called By]<UL><LI><a href="#[8a]">&gt;&gt;</a>&nbsp;&nbsp;&nbsp;HAL_ADC_IRQHandler
</UL>

<P><STRONG><a name="[b5]"></a>HAL_ADCEx_LevelOutOfWindow3Callback</STRONG> (Thumb, 2 bytes, Stack size 0 bytes, stm32g4xx_hal_adc_ex.o(i.HAL_ADCEx_LevelOutOfWindow3Callback))
<BR><BR>[Called By]<UL><LI><a href="#[8a]">&gt;&gt;</a>&nbsp;&nbsp;&nbsp;HAL_ADC_IRQHandler
</UL>

<P><STRONG><a name="[ad]"></a>HAL_ADCEx_MultiModeConfigChannel</STRONG> (Thumb, 312 bytes, Stack size 144 bytes, stm32g4xx_hal_adc_ex.o(i.HAL_ADCEx_MultiModeConfigChannel))
<BR><BR>[Stack]<UL><LI>Max Depth = 144<LI>Call Chain = HAL_ADCEx_MultiModeConfigChannel
</UL>
<BR>[Calls]<UL><LI><a href="#[a7]">&gt;&gt;</a>&nbsp;&nbsp;&nbsp;LL_ADC_REG_IsConversionOngoing
</UL>
<BR>[Called By]<UL><LI><a href="#[126]">&gt;&gt;</a>&nbsp;&nbsp;&nbsp;MX_ADC1_Init
</UL>

<P><STRONG><a name="[b1]"></a>HAL_ADC_ConvCpltCallback</STRONG> (Thumb, 2 bytes, Stack size 0 bytes, stm32g4xx_hal_adc.o(i.HAL_ADC_ConvCpltCallback))
<BR><BR>[Called By]<UL><LI><a href="#[8a]">&gt;&gt;</a>&nbsp;&nbsp;&nbsp;HAL_ADC_IRQHandler
</UL>

<P><STRONG><a name="[b6]"></a>HAL_ADC_ErrorCallback</STRONG> (Thumb, 2 bytes, Stack size 0 bytes, stm32g4xx_hal_adc.o(i.HAL_ADC_ErrorCallback))
<BR><BR>[Called By]<UL><LI><a href="#[8a]">&gt;&gt;</a>&nbsp;&nbsp;&nbsp;HAL_ADC_IRQHandler
</UL>

<P><STRONG><a name="[8a]"></a>HAL_ADC_IRQHandler</STRONG> (Thumb, 674 bytes, Stack size 40 bytes, stm32g4xx_hal_adc.o(i.HAL_ADC_IRQHandler))
<BR><BR>[Stack]<UL><LI>Max Depth = 88<LI>Call Chain = HAL_ADC_IRQHandler &rArr; HAL_ADCEx_InjectedConvCpltCallback
</UL>
<BR>[Calls]<UL><LI><a href="#[ac]">&gt;&gt;</a>&nbsp;&nbsp;&nbsp;HAL_ADCEx_InjectedConvCpltCallback
<LI><a href="#[b3]">&gt;&gt;</a>&nbsp;&nbsp;&nbsp;HAL_ADC_LevelOutOfWindowCallback
<LI><a href="#[b6]">&gt;&gt;</a>&nbsp;&nbsp;&nbsp;HAL_ADC_ErrorCallback
<LI><a href="#[b1]">&gt;&gt;</a>&nbsp;&nbsp;&nbsp;HAL_ADC_ConvCpltCallback
<LI><a href="#[b5]">&gt;&gt;</a>&nbsp;&nbsp;&nbsp;HAL_ADCEx_LevelOutOfWindow3Callback
<LI><a href="#[b4]">&gt;&gt;</a>&nbsp;&nbsp;&nbsp;HAL_ADCEx_LevelOutOfWindow2Callback
<LI><a href="#[b7]">&gt;&gt;</a>&nbsp;&nbsp;&nbsp;HAL_ADCEx_InjectedQueueOverflowCallback
<LI><a href="#[ae]">&gt;&gt;</a>&nbsp;&nbsp;&nbsp;HAL_ADCEx_EndOfSamplingCallback
<LI><a href="#[af]">&gt;&gt;</a>&nbsp;&nbsp;&nbsp;LL_ADC_REG_IsTriggerSourceSWStart
<LI><a href="#[b0]">&gt;&gt;</a>&nbsp;&nbsp;&nbsp;LL_ADC_REG_IsConversionOngoing
<LI><a href="#[b2]">&gt;&gt;</a>&nbsp;&nbsp;&nbsp;LL_ADC_INJ_IsConversionOngoing
</UL>
<BR>[Called By]<UL><LI><a href="#[20]">&gt;&gt;</a>&nbsp;&nbsp;&nbsp;ADC1_2_IRQHandler
</UL>

<P><STRONG><a name="[b8]"></a>HAL_ADC_Init</STRONG> (Thumb, 518 bytes, Stack size 24 bytes, stm32g4xx_hal_adc.o(i.HAL_ADC_Init))
<BR><BR>[Stack]<UL><LI>Max Depth = 192<LI>Call Chain = HAL_ADC_Init &rArr; HAL_ADC_MspInit &rArr; HAL_RCCEx_PeriphCLKConfig
</UL>
<BR>[Calls]<UL><LI><a href="#[b9]">&gt;&gt;</a>&nbsp;&nbsp;&nbsp;HAL_ADC_MspInit
<LI><a href="#[b0]">&gt;&gt;</a>&nbsp;&nbsp;&nbsp;LL_ADC_REG_IsConversionOngoing
<LI><a href="#[8c]">&gt;&gt;</a>&nbsp;&nbsp;&nbsp;LL_ADC_IsEnabled
<LI><a href="#[b2]">&gt;&gt;</a>&nbsp;&nbsp;&nbsp;LL_ADC_INJ_IsConversionOngoing
</UL>
<BR>[Called By]<UL><LI><a href="#[126]">&gt;&gt;</a>&nbsp;&nbsp;&nbsp;MX_ADC1_Init
</UL>

<P><STRONG><a name="[b3]"></a>HAL_ADC_LevelOutOfWindowCallback</STRONG> (Thumb, 2 bytes, Stack size 0 bytes, stm32g4xx_hal_adc.o(i.HAL_ADC_LevelOutOfWindowCallback))
<BR><BR>[Called By]<UL><LI><a href="#[8a]">&gt;&gt;</a>&nbsp;&nbsp;&nbsp;HAL_ADC_IRQHandler
</UL>

<P><STRONG><a name="[b9]"></a>HAL_ADC_MspInit</STRONG> (Thumb, 176 bytes, Stack size 128 bytes, adc.o(i.HAL_ADC_MspInit))
<BR><BR>[Stack]<UL><LI>Max Depth = 168<LI>Call Chain = HAL_ADC_MspInit &rArr; HAL_RCCEx_PeriphCLKConfig
</UL>
<BR>[Calls]<UL><LI><a href="#[bb]">&gt;&gt;</a>&nbsp;&nbsp;&nbsp;HAL_RCCEx_PeriphCLKConfig
<LI><a href="#[bf]">&gt;&gt;</a>&nbsp;&nbsp;&nbsp;HAL_NVIC_SetPriority
<LI><a href="#[c0]">&gt;&gt;</a>&nbsp;&nbsp;&nbsp;HAL_NVIC_EnableIRQ
<LI><a href="#[be]">&gt;&gt;</a>&nbsp;&nbsp;&nbsp;HAL_DMA_Init
<LI><a href="#[bd]">&gt;&gt;</a>&nbsp;&nbsp;&nbsp;HAL_GPIO_Init
<LI><a href="#[bc]">&gt;&gt;</a>&nbsp;&nbsp;&nbsp;Error_Handler
<LI><a href="#[ba]">&gt;&gt;</a>&nbsp;&nbsp;&nbsp;__aeabi_memclr4
</UL>
<BR>[Called By]<UL><LI><a href="#[b8]">&gt;&gt;</a>&nbsp;&nbsp;&nbsp;HAL_ADC_Init
</UL>

<P><STRONG><a name="[be]"></a>HAL_DMA_Init</STRONG> (Thumb, 178 bytes, Stack size 16 bytes, stm32g4xx_hal_dma.o(i.HAL_DMA_Init))
<BR><BR>[Stack]<UL><LI>Max Depth = 16<LI>Call Chain = HAL_DMA_Init
</UL>
<BR>[Calls]<UL><LI><a href="#[c2]">&gt;&gt;</a>&nbsp;&nbsp;&nbsp;DMA_CalcDMAMUXRequestGenBaseAndMask
<LI><a href="#[c1]">&gt;&gt;</a>&nbsp;&nbsp;&nbsp;DMA_CalcDMAMUXChannelBaseAndMask
</UL>
<BR>[Called By]<UL><LI><a href="#[b9]">&gt;&gt;</a>&nbsp;&nbsp;&nbsp;HAL_ADC_MspInit
</UL>

<P><STRONG><a name="[96]"></a>HAL_Delay</STRONG> (Thumb, 32 bytes, Stack size 16 bytes, stm32g4xx_hal.o(i.HAL_Delay))
<BR><BR>[Stack]<UL><LI>Max Depth = 16<LI>Call Chain = HAL_Delay
</UL>
<BR>[Calls]<UL><LI><a href="#[8d]">&gt;&gt;</a>&nbsp;&nbsp;&nbsp;HAL_GetTick
</UL>
<BR>[Called By]<UL><LI><a href="#[95]">&gt;&gt;</a>&nbsp;&nbsp;&nbsp;Cap_Init
</UL>

<P><STRONG><a name="[91]"></a>HAL_FDCAN_ActivateNotification</STRONG> (Thumb, 224 bytes, Stack size 12 bytes, stm32g4xx_hal_fdcan.o(i.HAL_FDCAN_ActivateNotification))
<BR><BR>[Stack]<UL><LI>Max Depth = 12<LI>Call Chain = HAL_FDCAN_ActivateNotification
</UL>
<BR>[Called By]<UL><LI><a href="#[8f]">&gt;&gt;</a>&nbsp;&nbsp;&nbsp;CAN_Init
</UL>

<P><STRONG><a name="[94]"></a>HAL_FDCAN_AddMessageToTxFifoQ</STRONG> (Thumb, 74 bytes, Stack size 16 bytes, stm32g4xx_hal_fdcan.o(i.HAL_FDCAN_AddMessageToTxFifoQ))
<BR><BR>[Stack]<UL><LI>Max Depth = 36<LI>Call Chain = HAL_FDCAN_AddMessageToTxFifoQ &rArr; FDCAN_CopyMessageToRAM
</UL>
<BR>[Calls]<UL><LI><a href="#[c3]">&gt;&gt;</a>&nbsp;&nbsp;&nbsp;FDCAN_CopyMessageToRAM
</UL>
<BR>[Called By]<UL><LI><a href="#[93]">&gt;&gt;</a>&nbsp;&nbsp;&nbsp;CAN_Transmit
</UL>

<P><STRONG><a name="[90]"></a>HAL_FDCAN_ConfigFilter</STRONG> (Thumb, 92 bytes, Stack size 8 bytes, stm32g4xx_hal_fdcan.o(i.HAL_FDCAN_ConfigFilter))
<BR><BR>[Stack]<UL><LI>Max Depth = 8<LI>Call Chain = HAL_FDCAN_ConfigFilter
</UL>
<BR>[Called By]<UL><LI><a href="#[8f]">&gt;&gt;</a>&nbsp;&nbsp;&nbsp;CAN_Init
</UL>

<P><STRONG><a name="[ce]"></a>HAL_FDCAN_ErrorCallback</STRONG> (Thumb, 2 bytes, Stack size 0 bytes, stm32g4xx_hal_fdcan.o(i.HAL_FDCAN_ErrorCallback))
<BR><BR>[Called By]<UL><LI><a href="#[a4]">&gt;&gt;</a>&nbsp;&nbsp;&nbsp;HAL_FDCAN_IRQHandler
</UL>

<P><STRONG><a name="[cd]"></a>HAL_FDCAN_ErrorStatusCallback</STRONG> (Thumb, 2 bytes, Stack size 0 bytes, stm32g4xx_hal_fdcan.o(i.HAL_FDCAN_ErrorStatusCallback))
<BR><BR>[Called By]<UL><LI><a href="#[a4]">&gt;&gt;</a>&nbsp;&nbsp;&nbsp;HAL_FDCAN_IRQHandler
</UL>

<P><STRONG><a name="[d1]"></a>HAL_FDCAN_GetRxMessage</STRONG> (Thumb, 230 bytes, Stack size 20 bytes, stm32g4xx_hal_fdcan.o(i.HAL_FDCAN_GetRxMessage))
<BR><BR>[Stack]<UL><LI>Max Depth = 20<LI>Call Chain = HAL_FDCAN_GetRxMessage
</UL>
<BR>[Called By]<UL><LI><a href="#[c7]">&gt;&gt;</a>&nbsp;&nbsp;&nbsp;HAL_FDCAN_RxFifo0Callback
</UL>

<P><STRONG><a name="[c4]"></a>HAL_FDCAN_HighPriorityMessageCallback</STRONG> (Thumb, 2 bytes, Stack size 0 bytes, stm32g4xx_hal_fdcan.o(i.HAL_FDCAN_HighPriorityMessageCallback))
<BR><BR>[Called By]<UL><LI><a href="#[a4]">&gt;&gt;</a>&nbsp;&nbsp;&nbsp;HAL_FDCAN_IRQHandler
</UL>

<P><STRONG><a name="[a4]"></a>HAL_FDCAN_IRQHandler</STRONG> (Thumb, 352 bytes, Stack size 32 bytes, stm32g4xx_hal_fdcan.o(i.HAL_FDCAN_IRQHandler))
<BR><BR>[Stack]<UL><LI>Max Depth = 60<LI>Call Chain = HAL_FDCAN_IRQHandler &rArr; HAL_FDCAN_RxFifo0Callback &rArr; HAL_FDCAN_GetRxMessage
</UL>
<BR>[Calls]<UL><LI><a href="#[c7]">&gt;&gt;</a>&nbsp;&nbsp;&nbsp;HAL_FDCAN_RxFifo0Callback
<LI><a href="#[c9]">&gt;&gt;</a>&nbsp;&nbsp;&nbsp;HAL_FDCAN_TxFifoEmptyCallback
<LI><a href="#[c6]">&gt;&gt;</a>&nbsp;&nbsp;&nbsp;HAL_FDCAN_TxEventFifoCallback
<LI><a href="#[ca]">&gt;&gt;</a>&nbsp;&nbsp;&nbsp;HAL_FDCAN_TxBufferCompleteCallback
<LI><a href="#[c5]">&gt;&gt;</a>&nbsp;&nbsp;&nbsp;HAL_FDCAN_TxBufferAbortCallback
<LI><a href="#[cb]">&gt;&gt;</a>&nbsp;&nbsp;&nbsp;HAL_FDCAN_TimestampWraparoundCallback
<LI><a href="#[cc]">&gt;&gt;</a>&nbsp;&nbsp;&nbsp;HAL_FDCAN_TimeoutOccurredCallback
<LI><a href="#[c8]">&gt;&gt;</a>&nbsp;&nbsp;&nbsp;HAL_FDCAN_RxFifo1Callback
<LI><a href="#[c4]">&gt;&gt;</a>&nbsp;&nbsp;&nbsp;HAL_FDCAN_HighPriorityMessageCallback
<LI><a href="#[cd]">&gt;&gt;</a>&nbsp;&nbsp;&nbsp;HAL_FDCAN_ErrorStatusCallback
<LI><a href="#[ce]">&gt;&gt;</a>&nbsp;&nbsp;&nbsp;HAL_FDCAN_ErrorCallback
</UL>
<BR>[Called By]<UL><LI><a href="#[64]">&gt;&gt;</a>&nbsp;&nbsp;&nbsp;FDCAN2_IT1_IRQHandler
<LI><a href="#[63]">&gt;&gt;</a>&nbsp;&nbsp;&nbsp;FDCAN2_IT0_IRQHandler
</UL>

<P><STRONG><a name="[cf]"></a>HAL_FDCAN_Init</STRONG> (Thumb, 510 bytes, Stack size 24 bytes, stm32g4xx_hal_fdcan.o(i.HAL_FDCAN_Init))
<BR><BR>[Stack]<UL><LI>Max Depth = 184<LI>Call Chain = HAL_FDCAN_Init &rArr; HAL_FDCAN_MspInit &rArr; HAL_RCCEx_PeriphCLKConfig
</UL>
<BR>[Calls]<UL><LI><a href="#[d0]">&gt;&gt;</a>&nbsp;&nbsp;&nbsp;HAL_FDCAN_MspInit
<LI><a href="#[8d]">&gt;&gt;</a>&nbsp;&nbsp;&nbsp;HAL_GetTick
</UL>
<BR>[Called By]<UL><LI><a href="#[127]">&gt;&gt;</a>&nbsp;&nbsp;&nbsp;MX_FDCAN2_Init
</UL>

<P><STRONG><a name="[d0]"></a>HAL_FDCAN_MspInit</STRONG> (Thumb, 148 bytes, Stack size 120 bytes, fdcan.o(i.HAL_FDCAN_MspInit))
<BR><BR>[Stack]<UL><LI>Max Depth = 160<LI>Call Chain = HAL_FDCAN_MspInit &rArr; HAL_RCCEx_PeriphCLKConfig
</UL>
<BR>[Calls]<UL><LI><a href="#[bb]">&gt;&gt;</a>&nbsp;&nbsp;&nbsp;HAL_RCCEx_PeriphCLKConfig
<LI><a href="#[bf]">&gt;&gt;</a>&nbsp;&nbsp;&nbsp;HAL_NVIC_SetPriority
<LI><a href="#[c0]">&gt;&gt;</a>&nbsp;&nbsp;&nbsp;HAL_NVIC_EnableIRQ
<LI><a href="#[bd]">&gt;&gt;</a>&nbsp;&nbsp;&nbsp;HAL_GPIO_Init
<LI><a href="#[bc]">&gt;&gt;</a>&nbsp;&nbsp;&nbsp;Error_Handler
<LI><a href="#[ba]">&gt;&gt;</a>&nbsp;&nbsp;&nbsp;__aeabi_memclr4
</UL>
<BR>[Called By]<UL><LI><a href="#[cf]">&gt;&gt;</a>&nbsp;&nbsp;&nbsp;HAL_FDCAN_Init
</UL>

<P><STRONG><a name="[c7]"></a>HAL_FDCAN_RxFifo0Callback</STRONG> (Thumb, 72 bytes, Stack size 8 bytes, dcdc.o(i.HAL_FDCAN_RxFifo0Callback))
<BR><BR>[Stack]<UL><LI>Max Depth = 28<LI>Call Chain = HAL_FDCAN_RxFifo0Callback &rArr; HAL_FDCAN_GetRxMessage
</UL>
<BR>[Calls]<UL><LI><a href="#[d1]">&gt;&gt;</a>&nbsp;&nbsp;&nbsp;HAL_FDCAN_GetRxMessage
</UL>
<BR>[Called By]<UL><LI><a href="#[a4]">&gt;&gt;</a>&nbsp;&nbsp;&nbsp;HAL_FDCAN_IRQHandler
</UL>

<P><STRONG><a name="[c8]"></a>HAL_FDCAN_RxFifo1Callback</STRONG> (Thumb, 2 bytes, Stack size 0 bytes, stm32g4xx_hal_fdcan.o(i.HAL_FDCAN_RxFifo1Callback))
<BR><BR>[Called By]<UL><LI><a href="#[a4]">&gt;&gt;</a>&nbsp;&nbsp;&nbsp;HAL_FDCAN_IRQHandler
</UL>

<P><STRONG><a name="[92]"></a>HAL_FDCAN_Start</STRONG> (Thumb, 44 bytes, Stack size 0 bytes, stm32g4xx_hal_fdcan.o(i.HAL_FDCAN_Start))
<BR><BR>[Called By]<UL><LI><a href="#[8f]">&gt;&gt;</a>&nbsp;&nbsp;&nbsp;CAN_Init
</UL>

<P><STRONG><a name="[cc]"></a>HAL_FDCAN_TimeoutOccurredCallback</STRONG> (Thumb, 2 bytes, Stack size 0 bytes, stm32g4xx_hal_fdcan.o(i.HAL_FDCAN_TimeoutOccurredCallback))
<BR><BR>[Called By]<UL><LI><a href="#[a4]">&gt;&gt;</a>&nbsp;&nbsp;&nbsp;HAL_FDCAN_IRQHandler
</UL>

<P><STRONG><a name="[cb]"></a>HAL_FDCAN_TimestampWraparoundCallback</STRONG> (Thumb, 2 bytes, Stack size 0 bytes, stm32g4xx_hal_fdcan.o(i.HAL_FDCAN_TimestampWraparoundCallback))
<BR><BR>[Called By]<UL><LI><a href="#[a4]">&gt;&gt;</a>&nbsp;&nbsp;&nbsp;HAL_FDCAN_IRQHandler
</UL>

<P><STRONG><a name="[c5]"></a>HAL_FDCAN_TxBufferAbortCallback</STRONG> (Thumb, 2 bytes, Stack size 0 bytes, stm32g4xx_hal_fdcan.o(i.HAL_FDCAN_TxBufferAbortCallback))
<BR><BR>[Called By]<UL><LI><a href="#[a4]">&gt;&gt;</a>&nbsp;&nbsp;&nbsp;HAL_FDCAN_IRQHandler
</UL>

<P><STRONG><a name="[ca]"></a>HAL_FDCAN_TxBufferCompleteCallback</STRONG> (Thumb, 2 bytes, Stack size 0 bytes, stm32g4xx_hal_fdcan.o(i.HAL_FDCAN_TxBufferCompleteCallback))
<BR><BR>[Called By]<UL><LI><a href="#[a4]">&gt;&gt;</a>&nbsp;&nbsp;&nbsp;HAL_FDCAN_IRQHandler
</UL>

<P><STRONG><a name="[c6]"></a>HAL_FDCAN_TxEventFifoCallback</STRONG> (Thumb, 2 bytes, Stack size 0 bytes, stm32g4xx_hal_fdcan.o(i.HAL_FDCAN_TxEventFifoCallback))
<BR><BR>[Called By]<UL><LI><a href="#[a4]">&gt;&gt;</a>&nbsp;&nbsp;&nbsp;HAL_FDCAN_IRQHandler
</UL>

<P><STRONG><a name="[c9]"></a>HAL_FDCAN_TxFifoEmptyCallback</STRONG> (Thumb, 2 bytes, Stack size 0 bytes, stm32g4xx_hal_fdcan.o(i.HAL_FDCAN_TxFifoEmptyCallback))
<BR><BR>[Called By]<UL><LI><a href="#[a4]">&gt;&gt;</a>&nbsp;&nbsp;&nbsp;HAL_FDCAN_IRQHandler
</UL>

<P><STRONG><a name="[bd]"></a>HAL_GPIO_Init</STRONG> (Thumb, 400 bytes, Stack size 40 bytes, stm32g4xx_hal_gpio.o(i.HAL_GPIO_Init))
<BR><BR>[Stack]<UL><LI>Max Depth = 40<LI>Call Chain = HAL_GPIO_Init
</UL>
<BR>[Called By]<UL><LI><a href="#[103]">&gt;&gt;</a>&nbsp;&nbsp;&nbsp;HAL_TIM_MspPostInit
<LI><a href="#[d8]">&gt;&gt;</a>&nbsp;&nbsp;&nbsp;HAL_HRTIM_MspPostInit
<LI><a href="#[d0]">&gt;&gt;</a>&nbsp;&nbsp;&nbsp;HAL_FDCAN_MspInit
<LI><a href="#[b9]">&gt;&gt;</a>&nbsp;&nbsp;&nbsp;HAL_ADC_MspInit
<LI><a href="#[128]">&gt;&gt;</a>&nbsp;&nbsp;&nbsp;MX_GPIO_Init
</UL>

<P><STRONG><a name="[a3]"></a>HAL_GPIO_WritePin</STRONG> (Thumb, 10 bytes, Stack size 0 bytes, stm32g4xx_hal_gpio.o(i.HAL_GPIO_WritePin))
<BR><BR>[Called By]<UL><LI><a href="#[128]">&gt;&gt;</a>&nbsp;&nbsp;&nbsp;MX_GPIO_Init
<LI><a href="#[ac]">&gt;&gt;</a>&nbsp;&nbsp;&nbsp;HAL_ADCEx_InjectedConvCpltCallback
<LI><a href="#[a0]">&gt;&gt;</a>&nbsp;&nbsp;&nbsp;DCDC_CALLBACK
</UL>

<P><STRONG><a name="[8d]"></a>HAL_GetTick</STRONG> (Thumb, 6 bytes, Stack size 0 bytes, stm32g4xx_hal.o(i.HAL_GetTick))
<BR><BR>[Called By]<UL><LI><a href="#[d9]">&gt;&gt;</a>&nbsp;&nbsp;&nbsp;HAL_HRTIM_PollForDLLCalibration
<LI><a href="#[cf]">&gt;&gt;</a>&nbsp;&nbsp;&nbsp;HAL_FDCAN_Init
<LI><a href="#[bb]">&gt;&gt;</a>&nbsp;&nbsp;&nbsp;HAL_RCCEx_PeriphCLKConfig
<LI><a href="#[ec]">&gt;&gt;</a>&nbsp;&nbsp;&nbsp;HAL_RCC_OscConfig
<LI><a href="#[ea]">&gt;&gt;</a>&nbsp;&nbsp;&nbsp;HAL_RCC_ClockConfig
<LI><a href="#[96]">&gt;&gt;</a>&nbsp;&nbsp;&nbsp;HAL_Delay
<LI><a href="#[8e]">&gt;&gt;</a>&nbsp;&nbsp;&nbsp;ADC_Enable
<LI><a href="#[8b]">&gt;&gt;</a>&nbsp;&nbsp;&nbsp;ADC_Disable
</UL>

<P><STRONG><a name="[12c]"></a>HAL_HRTIM_ADCPostScalerConfig</STRONG> (Thumb, 250 bytes, Stack size 12 bytes, stm32g4xx_hal_hrtim.o(i.HAL_HRTIM_ADCPostScalerConfig))
<BR><BR>[Stack]<UL><LI>Max Depth = 12<LI>Call Chain = HAL_HRTIM_ADCPostScalerConfig
</UL>
<BR>[Called By]<UL><LI><a href="#[129]">&gt;&gt;</a>&nbsp;&nbsp;&nbsp;MX_HRTIM1_Init
</UL>

<P><STRONG><a name="[12b]"></a>HAL_HRTIM_ADCTriggerConfig</STRONG> (Thumb, 544 bytes, Stack size 20 bytes, stm32g4xx_hal_hrtim.o(i.HAL_HRTIM_ADCTriggerConfig))
<BR><BR>[Stack]<UL><LI>Max Depth = 20<LI>Call Chain = HAL_HRTIM_ADCTriggerConfig
</UL>
<BR>[Called By]<UL><LI><a href="#[129]">&gt;&gt;</a>&nbsp;&nbsp;&nbsp;MX_HRTIM1_Init
</UL>

<P><STRONG><a name="[116]"></a>HAL_HRTIM_BurstModePeriodCallback</STRONG> (Thumb, 2 bytes, Stack size 0 bytes, stm32g4xx_hal_hrtim.o(i.HAL_HRTIM_BurstModePeriodCallback))
<BR><BR>[Called By]<UL><LI><a href="#[d5]">&gt;&gt;</a>&nbsp;&nbsp;&nbsp;HRTIM_Master_ISR
</UL>

<P><STRONG><a name="[11e]"></a>HAL_HRTIM_Capture1EventCallback</STRONG> (Thumb, 2 bytes, Stack size 0 bytes, stm32g4xx_hal_hrtim.o(i.HAL_HRTIM_Capture1EventCallback))
<BR><BR>[Called By]<UL><LI><a href="#[d3]">&gt;&gt;</a>&nbsp;&nbsp;&nbsp;HRTIM_Timer_ISR
</UL>

<P><STRONG><a name="[11f]"></a>HAL_HRTIM_Capture2EventCallback</STRONG> (Thumb, 2 bytes, Stack size 0 bytes, stm32g4xx_hal_hrtim.o(i.HAL_HRTIM_Capture2EventCallback))
<BR><BR>[Called By]<UL><LI><a href="#[d3]">&gt;&gt;</a>&nbsp;&nbsp;&nbsp;HRTIM_Timer_ISR
</UL>

<P><STRONG><a name="[117]"></a>HAL_HRTIM_Compare1EventCallback</STRONG> (Thumb, 2 bytes, Stack size 0 bytes, stm32g4xx_hal_hrtim.o(i.HAL_HRTIM_Compare1EventCallback))
<BR><BR>[Called By]<UL><LI><a href="#[d3]">&gt;&gt;</a>&nbsp;&nbsp;&nbsp;HRTIM_Timer_ISR
<LI><a href="#[d5]">&gt;&gt;</a>&nbsp;&nbsp;&nbsp;HRTIM_Master_ISR
</UL>

<P><STRONG><a name="[118]"></a>HAL_HRTIM_Compare2EventCallback</STRONG> (Thumb, 2 bytes, Stack size 0 bytes, stm32g4xx_hal_hrtim.o(i.HAL_HRTIM_Compare2EventCallback))
<BR><BR>[Called By]<UL><LI><a href="#[d3]">&gt;&gt;</a>&nbsp;&nbsp;&nbsp;HRTIM_Timer_ISR
<LI><a href="#[d5]">&gt;&gt;</a>&nbsp;&nbsp;&nbsp;HRTIM_Master_ISR
</UL>

<P><STRONG><a name="[119]"></a>HAL_HRTIM_Compare3EventCallback</STRONG> (Thumb, 2 bytes, Stack size 0 bytes, stm32g4xx_hal_hrtim.o(i.HAL_HRTIM_Compare3EventCallback))
<BR><BR>[Called By]<UL><LI><a href="#[d3]">&gt;&gt;</a>&nbsp;&nbsp;&nbsp;HRTIM_Timer_ISR
<LI><a href="#[d5]">&gt;&gt;</a>&nbsp;&nbsp;&nbsp;HRTIM_Master_ISR
</UL>

<P><STRONG><a name="[11a]"></a>HAL_HRTIM_Compare4EventCallback</STRONG> (Thumb, 2 bytes, Stack size 0 bytes, stm32g4xx_hal_hrtim.o(i.HAL_HRTIM_Compare4EventCallback))
<BR><BR>[Called By]<UL><LI><a href="#[d3]">&gt;&gt;</a>&nbsp;&nbsp;&nbsp;HRTIM_Timer_ISR
<LI><a href="#[d5]">&gt;&gt;</a>&nbsp;&nbsp;&nbsp;HRTIM_Master_ISR
</UL>

<P><STRONG><a name="[124]"></a>HAL_HRTIM_CounterResetCallback</STRONG> (Thumb, 2 bytes, Stack size 0 bytes, stm32g4xx_hal_hrtim.o(i.HAL_HRTIM_CounterResetCallback))
<BR><BR>[Called By]<UL><LI><a href="#[d3]">&gt;&gt;</a>&nbsp;&nbsp;&nbsp;HRTIM_Timer_ISR
</UL>

<P><STRONG><a name="[115]"></a>HAL_HRTIM_DLLCalibrationReadyCallback</STRONG> (Thumb, 2 bytes, Stack size 0 bytes, stm32g4xx_hal_hrtim.o(i.HAL_HRTIM_DLLCalibrationReadyCallback))
<BR><BR>[Called By]<UL><LI><a href="#[d5]">&gt;&gt;</a>&nbsp;&nbsp;&nbsp;HRTIM_Master_ISR
</UL>

<P><STRONG><a name="[12a]"></a>HAL_HRTIM_DLLCalibrationStart</STRONG> (Thumb, 98 bytes, Stack size 8 bytes, stm32g4xx_hal_hrtim.o(i.HAL_HRTIM_DLLCalibrationStart))
<BR><BR>[Stack]<UL><LI>Max Depth = 8<LI>Call Chain = HAL_HRTIM_DLLCalibrationStart
</UL>
<BR>[Called By]<UL><LI><a href="#[129]">&gt;&gt;</a>&nbsp;&nbsp;&nbsp;MX_HRTIM1_Init
</UL>

<P><STRONG><a name="[12f]"></a>HAL_HRTIM_DeadTimeConfig</STRONG> (Thumb, 136 bytes, Stack size 16 bytes, stm32g4xx_hal_hrtim.o(i.HAL_HRTIM_DeadTimeConfig))
<BR><BR>[Stack]<UL><LI>Max Depth = 16<LI>Call Chain = HAL_HRTIM_DeadTimeConfig
</UL>
<BR>[Called By]<UL><LI><a href="#[129]">&gt;&gt;</a>&nbsp;&nbsp;&nbsp;MX_HRTIM1_Init
</UL>

<P><STRONG><a name="[125]"></a>HAL_HRTIM_DelayedProtectionCallback</STRONG> (Thumb, 2 bytes, Stack size 0 bytes, stm32g4xx_hal_hrtim.o(i.HAL_HRTIM_DelayedProtectionCallback))
<BR><BR>[Called By]<UL><LI><a href="#[d3]">&gt;&gt;</a>&nbsp;&nbsp;&nbsp;HRTIM_Timer_ISR
</UL>

<P><STRONG><a name="[10e]"></a>HAL_HRTIM_Fault1Callback</STRONG> (Thumb, 2 bytes, Stack size 0 bytes, stm32g4xx_hal_hrtim.o(i.HAL_HRTIM_Fault1Callback))
<BR><BR>[Called By]<UL><LI><a href="#[d4]">&gt;&gt;</a>&nbsp;&nbsp;&nbsp;HRTIM_HRTIM_ISR
</UL>

<P><STRONG><a name="[10f]"></a>HAL_HRTIM_Fault2Callback</STRONG> (Thumb, 2 bytes, Stack size 0 bytes, stm32g4xx_hal_hrtim.o(i.HAL_HRTIM_Fault2Callback))
<BR><BR>[Called By]<UL><LI><a href="#[d4]">&gt;&gt;</a>&nbsp;&nbsp;&nbsp;HRTIM_HRTIM_ISR
</UL>

<P><STRONG><a name="[110]"></a>HAL_HRTIM_Fault3Callback</STRONG> (Thumb, 2 bytes, Stack size 0 bytes, stm32g4xx_hal_hrtim.o(i.HAL_HRTIM_Fault3Callback))
<BR><BR>[Called By]<UL><LI><a href="#[d4]">&gt;&gt;</a>&nbsp;&nbsp;&nbsp;HRTIM_HRTIM_ISR
</UL>

<P><STRONG><a name="[111]"></a>HAL_HRTIM_Fault4Callback</STRONG> (Thumb, 2 bytes, Stack size 0 bytes, stm32g4xx_hal_hrtim.o(i.HAL_HRTIM_Fault4Callback))
<BR><BR>[Called By]<UL><LI><a href="#[d4]">&gt;&gt;</a>&nbsp;&nbsp;&nbsp;HRTIM_HRTIM_ISR
</UL>

<P><STRONG><a name="[112]"></a>HAL_HRTIM_Fault5Callback</STRONG> (Thumb, 2 bytes, Stack size 0 bytes, stm32g4xx_hal_hrtim.o(i.HAL_HRTIM_Fault5Callback))
<BR><BR>[Called By]<UL><LI><a href="#[d4]">&gt;&gt;</a>&nbsp;&nbsp;&nbsp;HRTIM_HRTIM_ISR
</UL>

<P><STRONG><a name="[113]"></a>HAL_HRTIM_Fault6Callback</STRONG> (Thumb, 2 bytes, Stack size 0 bytes, stm32g4xx_hal_hrtim.o(i.HAL_HRTIM_Fault6Callback))
<BR><BR>[Called By]<UL><LI><a href="#[d4]">&gt;&gt;</a>&nbsp;&nbsp;&nbsp;HRTIM_HRTIM_ISR
</UL>

<P><STRONG><a name="[d2]"></a>HAL_HRTIM_IRQHandler</STRONG> (Thumb, 20 bytes, Stack size 0 bytes, stm32g4xx_hal_hrtim.o(i.HAL_HRTIM_IRQHandler))
<BR><BR>[Stack]<UL><LI>Max Depth = 32<LI>Call Chain = HAL_HRTIM_IRQHandler &rArr; HRTIM_Master_ISR
</UL>
<BR>[Calls]<UL><LI><a href="#[d3]">&gt;&gt;</a>&nbsp;&nbsp;&nbsp;HRTIM_Timer_ISR
<LI><a href="#[d5]">&gt;&gt;</a>&nbsp;&nbsp;&nbsp;HRTIM_Master_ISR
<LI><a href="#[d4]">&gt;&gt;</a>&nbsp;&nbsp;&nbsp;HRTIM_HRTIM_ISR
</UL>
<BR>[Called By]<UL><LI><a href="#[53]">&gt;&gt;</a>&nbsp;&nbsp;&nbsp;HRTIM1_TIMB_IRQHandler
</UL>

<P><STRONG><a name="[d6]"></a>HAL_HRTIM_Init</STRONG> (Thumb, 182 bytes, Stack size 16 bytes, stm32g4xx_hal_hrtim.o(i.HAL_HRTIM_Init))
<BR><BR>[Stack]<UL><LI>Max Depth = 40<LI>Call Chain = HAL_HRTIM_Init &rArr; HAL_HRTIM_MspInit &rArr; HAL_NVIC_SetPriority
</UL>
<BR>[Calls]<UL><LI><a href="#[d7]">&gt;&gt;</a>&nbsp;&nbsp;&nbsp;HAL_HRTIM_MspInit
</UL>
<BR>[Called By]<UL><LI><a href="#[129]">&gt;&gt;</a>&nbsp;&nbsp;&nbsp;MX_HRTIM1_Init
</UL>

<P><STRONG><a name="[d7]"></a>HAL_HRTIM_MspInit</STRONG> (Thumb, 50 bytes, Stack size 8 bytes, hrtim.o(i.HAL_HRTIM_MspInit))
<BR><BR>[Stack]<UL><LI>Max Depth = 24<LI>Call Chain = HAL_HRTIM_MspInit &rArr; HAL_NVIC_SetPriority
</UL>
<BR>[Calls]<UL><LI><a href="#[bf]">&gt;&gt;</a>&nbsp;&nbsp;&nbsp;HAL_NVIC_SetPriority
<LI><a href="#[c0]">&gt;&gt;</a>&nbsp;&nbsp;&nbsp;HAL_NVIC_EnableIRQ
</UL>
<BR>[Called By]<UL><LI><a href="#[d6]">&gt;&gt;</a>&nbsp;&nbsp;&nbsp;HAL_HRTIM_Init
</UL>

<P><STRONG><a name="[d8]"></a>HAL_HRTIM_MspPostInit</STRONG> (Thumb, 76 bytes, Stack size 32 bytes, hrtim.o(i.HAL_HRTIM_MspPostInit))
<BR><BR>[Stack]<UL><LI>Max Depth = 72<LI>Call Chain = HAL_HRTIM_MspPostInit &rArr; HAL_GPIO_Init
</UL>
<BR>[Calls]<UL><LI><a href="#[bd]">&gt;&gt;</a>&nbsp;&nbsp;&nbsp;HAL_GPIO_Init
<LI><a href="#[ba]">&gt;&gt;</a>&nbsp;&nbsp;&nbsp;__aeabi_memclr4
</UL>
<BR>[Called By]<UL><LI><a href="#[129]">&gt;&gt;</a>&nbsp;&nbsp;&nbsp;MX_HRTIM1_Init
</UL>

<P><STRONG><a name="[121]"></a>HAL_HRTIM_Output1ResetCallback</STRONG> (Thumb, 2 bytes, Stack size 0 bytes, stm32g4xx_hal_hrtim.o(i.HAL_HRTIM_Output1ResetCallback))
<BR><BR>[Called By]<UL><LI><a href="#[d3]">&gt;&gt;</a>&nbsp;&nbsp;&nbsp;HRTIM_Timer_ISR
</UL>

<P><STRONG><a name="[120]"></a>HAL_HRTIM_Output1SetCallback</STRONG> (Thumb, 2 bytes, Stack size 0 bytes, stm32g4xx_hal_hrtim.o(i.HAL_HRTIM_Output1SetCallback))
<BR><BR>[Called By]<UL><LI><a href="#[d3]">&gt;&gt;</a>&nbsp;&nbsp;&nbsp;HRTIM_Timer_ISR
</UL>

<P><STRONG><a name="[123]"></a>HAL_HRTIM_Output2ResetCallback</STRONG> (Thumb, 2 bytes, Stack size 0 bytes, stm32g4xx_hal_hrtim.o(i.HAL_HRTIM_Output2ResetCallback))
<BR><BR>[Called By]<UL><LI><a href="#[d3]">&gt;&gt;</a>&nbsp;&nbsp;&nbsp;HRTIM_Timer_ISR
</UL>

<P><STRONG><a name="[122]"></a>HAL_HRTIM_Output2SetCallback</STRONG> (Thumb, 2 bytes, Stack size 0 bytes, stm32g4xx_hal_hrtim.o(i.HAL_HRTIM_Output2SetCallback))
<BR><BR>[Called By]<UL><LI><a href="#[d3]">&gt;&gt;</a>&nbsp;&nbsp;&nbsp;HRTIM_Timer_ISR
</UL>

[...]
<BR><BR>[Called By]<UL><LI><a href="#[95]">&gt;&gt;</a>&nbsp;&nbsp;&nbsp;Cap_Init
</UL>

<P><STRONG><a name="[a1]"></a>PID_SingleCalc</STRONG> (Thumb, 232 bytes, Stack size 0 bytes, pid.o(i.PID_SingleCalc))
<BR><BR>[Called By]<UL><LI><a href="#[a0]">&gt;&gt;</a>&nbsp;&nbsp;&nbsp;DCDC_CALLBACK
</UL>

<P><STRONG><a name="[c]"></a>PendSV_Handler</STRONG> (Thumb, 2 bytes, Stack size 0 bytes, stm32g4xx_it.o(i.PendSV_Handler))
<BR>[Address Reference Count : 1]<UL><LI> startup_stm32g474xx.o(RESET)
</UL>
<P><STRONG><a name="[a]"></a>SVC_Handler</STRONG> (Thumb, 2 bytes, Stack size 0 bytes, stm32g4xx_it.o(i.SVC_Handler))
<BR>[Address Reference Count : 1]<UL><LI> startup_stm32g474xx.o(RESET)
</UL>
<P><STRONG><a name="[d]"></a>SysTick_Handler</STRONG> (Thumb, 4 bytes, Stack size 0 bytes, stm32g4xx_it.o(i.SysTick_Handler))
<BR><BR>[Calls]<UL><LI><a href="#[136]">&gt;&gt;</a>&nbsp;&nbsp;&nbsp;HAL_IncTick
</UL>
<BR>[Address Reference Count : 1]<UL><LI> startup_stm32g474xx.o(RESET)
</UL>
<P><STRONG><a name="[137]"></a>SystemClock_Config</STRONG> (Thumb, 102 bytes, Stack size 88 bytes, main.o(i.SystemClock_Config))
<BR><BR>[Stack]<UL><LI>Max Depth = 152<LI>Call Chain = SystemClock_Config &rArr; HAL_RCC_OscConfig &rArr; HAL_InitTick &rArr; HAL_NVIC_SetPriority
</UL>
<BR>[Calls]<UL><LI><a href="#[ec]">&gt;&gt;</a>&nbsp;&nbsp;&nbsp;HAL_RCC_OscConfig
<LI><a href="#[ea]">&gt;&gt;</a>&nbsp;&nbsp;&nbsp;HAL_RCC_ClockConfig
<LI><a href="#[138]">&gt;&gt;</a>&nbsp;&nbsp;&nbsp;HAL_PWREx_ControlVoltageScaling
<LI><a href="#[ba]">&gt;&gt;</a>&nbsp;&nbsp;&nbsp;__aeabi_memclr4
</UL>
<BR>[Called By]<UL><LI><a href="#[81]">&gt;&gt;</a>&nbsp;&nbsp;&nbsp;main
</UL>

<P><STRONG><a name="[73]"></a>SystemInit</STRONG> (Thumb, 12 bytes, Stack size 0 bytes, system_stm32g4xx.o(i.SystemInit))
<BR>[Address Reference Count : 1]<UL><LI> startup_stm32g474xx.o(.text)
</UL>
<P><STRONG><a name="[26]"></a>TIM1_BRK_TIM15_IRQHandler</STRONG> (Thumb, 18 bytes, Stack size 8 bytes, stm32g4xx_it.o(i.TIM1_BRK_TIM15_IRQHandler))
<BR><BR>[Stack]<UL><LI>Max Depth = 76<LI>Call Chain = TIM1_BRK_TIM15_IRQHandler &rArr; HAL_TIM_IRQHandler &rArr; HAL_TIM_PeriodElapsedCallback &rArr; CAN_Transmit &rArr; HAL_FDCAN_AddMessageToTxFifoQ &rArr; FDCAN_CopyMessageToRAM
</UL>
<BR>[Calls]<UL><LI><a href="#[f6]">&gt;&gt;</a>&nbsp;&nbsp;&nbsp;HAL_TIM_IRQHandler
</UL>
<BR>[Address Reference Count : 1]<UL><LI> startup_stm32g474xx.o(RESET)
</UL>
<P><STRONG><a name="[29]"></a>TIM1_CC_IRQHandler</STRONG> (Thumb, 6 bytes, Stack size 0 bytes, stm32g4xx_it.o(i.TIM1_CC_IRQHandler))
<BR><BR>[Stack]<UL><LI>Max Depth = 68<LI>Call Chain = TIM1_CC_IRQHandler &rArr; HAL_TIM_IRQHandler &rArr; HAL_TIM_PeriodElapsedCallback &rArr; CAN_Transmit &rArr; HAL_FDCAN_AddMessageToTxFifoQ &rArr; FDCAN_CopyMessageToRAM
</UL>
<BR>[Calls]<UL><LI><a href="#[f6]">&gt;&gt;</a>&nbsp;&nbsp;&nbsp;HAL_TIM_IRQHandler
</UL>
<BR>[Address Reference Count : 1]<UL><LI> startup_stm32g474xx.o(RESET)
</UL>
<P><STRONG><a name="[28]"></a>TIM1_TRG_COM_TIM17_IRQHandler</STRONG> (Thumb, 6 bytes, Stack size 0 bytes, stm32g4xx_it.o(i.TIM1_TRG_COM_TIM17_IRQHandler))
<BR><BR>[Stack]<UL><LI>Max Depth = 68<LI>Call Chain = TIM1_TRG_COM_TIM17_IRQHandler &rArr; HAL_TIM_IRQHandler &rArr; HAL_TIM_PeriodElapsedCallback &rArr; CAN_Transmit &rArr; HAL_FDCAN_AddMessageToTxFifoQ &rArr; FDCAN_CopyMessageToRAM
</UL>
<BR>[Calls]<UL><LI><a href="#[f6]">&gt;&gt;</a>&nbsp;&nbsp;&nbsp;HAL_TIM_IRQHandler
</UL>
<BR>[Address Reference Count : 1]<UL><LI> startup_stm32g474xx.o(RESET)
</UL>
<P><STRONG><a name="[27]"></a>TIM1_UP_TIM16_IRQHandler</STRONG> (Thumb, 6 bytes, Stack size 0 bytes, stm32g4xx_it.o(i.TIM1_UP_TIM16_IRQHandler))
<BR><BR>[Stack]<UL><LI>Max Depth = 68<LI>Call Chain = TIM1_UP_TIM16_IRQHandler &rArr; HAL_TIM_IRQHandler &rArr; HAL_TIM_PeriodElapsedCallback &rArr; CAN_Transmit &rArr; HAL_FDCAN_AddMessageToTxFifoQ &rArr; FDCAN_CopyMessageToRAM
</UL>
<BR>[Calls]<UL><LI><a href="#[f6]">&gt;&gt;</a>&nbsp;&nbsp;&nbsp;HAL_TIM_IRQHandler
</UL>
<BR>[Address Reference Count : 1]<UL><LI> startup_stm32g474xx.o(RESET)
</UL>
<P><STRONG><a name="[44]"></a>TIM6_DAC_IRQHandler</STRONG> (Thumb, 6 bytes, Stack size 0 bytes, stm32g4xx_it.o(i.TIM6_DAC_IRQHandler))
<BR><BR>[Stack]<UL><LI>Max Depth = 68<LI>Call Chain = TIM6_DAC_IRQHandler &rArr; HAL_TIM_IRQHandler &rArr; HAL_TIM_PeriodElapsedCallback &rArr; CAN_Transmit &rArr; HAL_FDCAN_AddMessageToTxFifoQ &rArr; FDCAN_CopyMessageToRAM
</UL>
<BR>[Calls]<UL><LI><a href="#[f6]">&gt;&gt;</a>&nbsp;&nbsp;&nbsp;HAL_TIM_IRQHandler
</UL>
<BR>[Address Reference Count : 1]<UL><LI> startup_stm32g474xx.o(RESET)
</UL>
<P><STRONG><a name="[f0]"></a>TIM_Base_SetConfig</STRONG> (Thumb, 176 bytes, Stack size 36 bytes, stm32g4xx_hal_tim.o(i.TIM_Base_SetConfig))
<BR><BR>[Stack]<UL><LI>Max Depth = 36<LI>Call Chain = TIM_Base_SetConfig
</UL>
<BR>[Called By]<UL><LI><a href="#[10b]">&gt;&gt;</a>&nbsp;&nbsp;&nbsp;HAL_TIM_PWM_Init
<LI><a href="#[ee]">&gt;&gt;</a>&nbsp;&nbsp;&nbsp;HAL_TIM_Base_Init
</UL>

<P><STRONG><a name="[10d]"></a>TIM_CCxChannelCmd</STRONG> (Thumb, 26 bytes, Stack size 8 bytes, stm32g4xx_hal_tim.o(i.TIM_CCxChannelCmd))
<BR><BR>[Stack]<UL><LI>Max Depth = 8<LI>Call Chain = TIM_CCxChannelCmd
</UL>
<BR>[Called By]<UL><LI><a href="#[9e]">&gt;&gt;</a>&nbsp;&nbsp;&nbsp;HAL_TIM_PWM_Start
</UL>

<P><STRONG><a name="[f2]"></a>TIM_ETR_SetConfig</STRONG> (Thumb, 20 bytes, Stack size 8 bytes, stm32g4xx_hal_tim.o(i.TIM_ETR_SetConfig))
<BR><BR>[Stack]<UL><LI>Max Depth = 8<LI>Call Chain = TIM_ETR_SetConfig
</UL>
<BR>[Called By]<UL><LI><a href="#[f1]">&gt;&gt;</a>&nbsp;&nbsp;&nbsp;HAL_TIM_ConfigClockSource
</UL>

<P><STRONG><a name="[106]"></a>TIM_OC2_SetConfig</STRONG> (Thumb, 132 bytes, Stack size 20 bytes, stm32g4xx_hal_tim.o(i.TIM_OC2_SetConfig))
<BR><BR>[Stack]<UL><LI>Max Depth = 20<LI>Call Chain = TIM_OC2_SetConfig
</UL>
<BR>[Called By]<UL><LI><a href="#[104]">&gt;&gt;</a>&nbsp;&nbsp;&nbsp;HAL_TIM_PWM_ConfigChannel
</UL>

<P><STRONG><a name="[9]"></a>UsageFault_Handler</STRONG> (Thumb, 2 bytes, Stack size 0 bytes, stm32g4xx_it.o(i.UsageFault_Handler))
<BR><BR>[Calls]<UL><LI><a href="#[9]">&gt;&gt;</a>&nbsp;&nbsp;&nbsp;UsageFault_Handler
</UL>
<BR>[Called By]<UL><LI><a href="#[9]">&gt;&gt;</a>&nbsp;&nbsp;&nbsp;UsageFault_Handler
</UL>
<BR>[Address Reference Count : 1]<UL><LI> startup_stm32g474xx.o(RESET)
</UL>
<P><STRONG><a name="[81]"></a>main</STRONG> (Thumb, 46 bytes, Stack size 0 bytes, main.o(i.main))
<BR><BR>[Stack]<UL><LI>Max Depth = 312<LI>Call Chain = main &rArr; MX_HRTIM1_Init &rArr; HAL_HRTIM_MspPostInit &rArr; HAL_GPIO_Init
</UL>
<BR>[Calls]<UL><LI><a href="#[135]">&gt;&gt;</a>&nbsp;&nbsp;&nbsp;MX_TIM6_Init
<LI><a href="#[134]">&gt;&gt;</a>&nbsp;&nbsp;&nbsp;MX_TIM1_Init
<LI><a href="#[130]">&gt;&gt;</a>&nbsp;&nbsp;&nbsp;MX_TIM15_Init
<LI><a href="#[129]">&gt;&gt;</a>&nbsp;&nbsp;&nbsp;MX_HRTIM1_Init
<LI><a href="#[128]">&gt;&gt;</a>&nbsp;&nbsp;&nbsp;MX_GPIO_Init
<LI><a href="#[127]">&gt;&gt;</a>&nbsp;&nbsp;&nbsp;MX_FDCAN2_Init
<LI><a href="#[139]">&gt;&gt;</a>&nbsp;&nbsp;&nbsp;MX_DMA_Init
<LI><a href="#[126]">&gt;&gt;</a>&nbsp;&nbsp;&nbsp;MX_ADC1_Init
<LI><a href="#[e1]">&gt;&gt;</a>&nbsp;&nbsp;&nbsp;HAL_Init
<LI><a href="#[137]">&gt;&gt;</a>&nbsp;&nbsp;&nbsp;SystemClock_Config
<LI><a href="#[95]">&gt;&gt;</a>&nbsp;&nbsp;&nbsp;Cap_Init
</UL>
<BR>[Called By]<UL><LI><a href="#[80]">&gt;&gt;</a>&nbsp;&nbsp;&nbsp;__rt_entry_main
</UL>

<P><STRONG><a name="[7b]"></a>_fp_init</STRONG> (Thumb, 10 bytes, Stack size 0 bytes, fpinit.o(x$fpl$fpinit))
<BR><BR>[Called By]<UL><LI><a href="#[7a]">&gt;&gt;</a>&nbsp;&nbsp;&nbsp;__rt_lib_init_fp_1
</UL>

<P><STRONG><a name="[168]"></a>__fplib_config_fpu_vfp</STRONG> (Thumb, 0 bytes, Stack size unknown bytes, fpinit.o(x$fpl$fpinit), UNUSED)

<P><STRONG><a name="[169]"></a>__fplib_config_pureend_doubles</STRONG> (Thumb, 0 bytes, Stack size unknown bytes, fpinit.o(x$fpl$fpinit), UNUSED)
<P>
<H3>
Local Symbols
</H3>
<P><STRONG><a name="[b2]"></a>LL_ADC_INJ_IsConversionOngoing</STRONG> (Thumb, 8 bytes, Stack size 0 bytes, stm32g4xx_hal_adc.o(i.LL_ADC_INJ_IsConversionOngoing))
<BR><BR>[Called By]<UL><LI><a href="#[b8]">&gt;&gt;</a>&nbsp;&nbsp;&nbsp;HAL_ADC_Init
<LI><a href="#[8a]">&gt;&gt;</a>&nbsp;&nbsp;&nbsp;HAL_ADC_IRQHandler
</UL>

<P><STRONG><a name="[8c]"></a>LL_ADC_IsEnabled</STRONG> (Thumb, 8 bytes, Stack size 0 bytes, stm32g4xx_hal_adc.o(i.LL_ADC_IsEnabled))
<BR><BR>[Called By]<UL><LI><a href="#[b8]">&gt;&gt;</a>&nbsp;&nbsp;&nbsp;HAL_ADC_Init
<LI><a href="#[8e]">&gt;&gt;</a>&nbsp;&nbsp;&nbsp;ADC_Enable
<LI><a href="#[8b]">&gt;&gt;</a>&nbsp;&nbsp;&nbsp;ADC_Disable
</UL>

<P><STRONG><a name="[b0]"></a>LL_ADC_REG_IsConversionOngoing</STRONG> (Thumb, 8 bytes, Stack size 0 bytes, stm32g4xx_hal_adc.o(i.LL_ADC_REG_IsConversionOngoing))
<BR><BR>[Called By]<UL><LI><a href="#[b8]">&gt;&gt;</a>&nbsp;&nbsp;&nbsp;HAL_ADC_Init
<LI><a href="#[8a]">&gt;&gt;</a>&nbsp;&nbsp;&nbsp;HAL_ADC_IRQHandler
</UL>

<P><STRONG><a name="[af]"></a>LL_ADC_REG_IsTriggerSourceSWStart</STRONG> (Thumb, 16 bytes, Stack size 0 bytes, stm32g4xx_hal_adc.o(i.LL_ADC_REG_IsTriggerSourceSWStart))
<BR><BR>[Called By]<UL><LI><a href="#[8a]">&gt;&gt;</a>&nbsp;&nbsp;&nbsp;HAL_ADC_IRQHandler
</UL>

<P><STRONG><a name="[a9]"></a>LL_ADC_GetOffsetChannel</STRONG> (Thumb, 12 bytes, Stack size 0 bytes, stm32g4xx_hal_adc_ex.o(i.LL_ADC_GetOffsetChannel))
<BR><BR>[Called By]<UL><LI><a href="#[a5]">&gt;&gt;</a>&nbsp;&nbsp;&nbsp;HAL_ADCEx_InjectedConfigChannel
</UL>

<P><STRONG><a name="[a6]"></a>LL_ADC_INJ_IsConversionOngoing</STRONG> (Thumb, 8 bytes, Stack size 0 bytes, stm32g4xx_hal_adc_ex.o(i.LL_ADC_INJ_IsConversionOngoing))
<BR><BR>[Called By]<UL><LI><a href="#[a5]">&gt;&gt;</a>&nbsp;&nbsp;&nbsp;HAL_ADCEx_InjectedConfigChannel
<LI><a href="#[9d]">&gt;&gt;</a>&nbsp;&nbsp;&nbsp;HAL_ADCEx_InjectedStart
</UL>

<P><STRONG><a name="[ab]"></a>LL_ADC_IsEnabled</STRONG> (Thumb, 8 bytes, Stack size 0 bytes, stm32g4xx_hal_adc_ex.o(i.LL_ADC_IsEnabled))
<BR><BR>[Called By]<UL><LI><a href="#[a5]">&gt;&gt;</a>&nbsp;&nbsp;&nbsp;HAL_ADCEx_InjectedConfigChannel
</UL>

<P><STRONG><a name="[a7]"></a>LL_ADC_REG_IsConversionOngoing</STRONG> (Thumb, 8 bytes, Stack size 0 bytes, stm32g4xx_hal_adc_ex.o(i.LL_ADC_REG_IsConversionOngoing))
<BR><BR>[Called By]<UL><LI><a href="#[ad]">&gt;&gt;</a>&nbsp;&nbsp;&nbsp;HAL_ADCEx_MultiModeConfigChannel
<LI><a href="#[a5]">&gt;&gt;</a>&nbsp;&nbsp;&nbsp;HAL_ADCEx_InjectedConfigChannel
</UL>

<P><STRONG><a name="[a8]"></a>LL_ADC_SetChannelSamplingTime</STRONG> (Thumb, 30 bytes, Stack size 8 bytes, stm32g4xx_hal_adc_ex.o(i.LL_ADC_SetChannelSamplingTime))
<BR><BR>[Stack]<UL><LI>Max Depth = 8<LI>Call Chain = LL_ADC_SetChannelSamplingTime
</UL>
<BR>[Called By]<UL><LI><a href="#[a5]">&gt;&gt;</a>&nbsp;&nbsp;&nbsp;HAL_ADCEx_InjectedConfigChannel
</UL>

<P><STRONG><a name="[aa]"></a>LL_ADC_SetOffsetState</STRONG> (Thumb, 16 bytes, Stack size 0 bytes, stm32g4xx_hal_adc_ex.o(i.LL_ADC_SetOffsetState))
<BR><BR>[Called By]<UL><LI><a href="#[a5]">&gt;&gt;</a>&nbsp;&nbsp;&nbsp;HAL_ADCEx_InjectedConfigChannel
</UL>

<P><STRONG><a name="[c1]"></a>DMA_CalcDMAMUXChannelBaseAndMask</STRONG> (Thumb, 54 bytes, Stack size 0 bytes, stm32g4xx_hal_dma.o(i.DMA_CalcDMAMUXChannelBaseAndMask))
<BR><BR>[Called By]<UL><LI><a href="#[be]">&gt;&gt;</a>&nbsp;&nbsp;&nbsp;HAL_DMA_Init
</UL>

<P><STRONG><a name="[c2]"></a>DMA_CalcDMAMUXRequestGenBaseAndMask</STRONG> (Thumb, 30 bytes, Stack size 0 bytes, stm32g4xx_hal_dma.o(i.DMA_CalcDMAMUXRequestGenBaseAndMask))
<BR><BR>[Called By]<UL><LI><a href="#[be]">&gt;&gt;</a>&nbsp;&nbsp;&nbsp;HAL_DMA_Init
</UL>

<P><STRONG><a name="[e9]"></a>__NVIC_SetPriority</STRONG> (Thumb, 32 bytes, Stack size 0 bytes, stm32g4xx_hal_cortex.o(i.__NVIC_SetPriority))
<BR><BR>[Called By]<UL><LI><a href="#[bf]">&gt;&gt;</a>&nbsp;&nbsp;&nbsp;HAL_NVIC_SetPriority
<LI><a href="#[e5]">&gt;&gt;</a>&nbsp;&nbsp;&nbsp;HAL_SYSTICK_Config
</UL>

<P><STRONG><a name="[c3]"></a>FDCAN_CopyMessageToRAM</STRONG> (Thumb, 108 bytes, Stack size 20 bytes, stm32g4xx_hal_fdcan.o(i.FDCAN_CopyMessageToRAM))
<BR><BR>[Stack]<UL><LI>Max Depth = 20<LI>Call Chain = FDCAN_CopyMessageToRAM
</UL>
<BR>[Called By]<UL><LI><a href="#[94]">&gt;&gt;</a>&nbsp;&nbsp;&nbsp;HAL_FDCAN_AddMessageToTxFifoQ
</UL>

<P><STRONG><a name="[de]"></a>HRTIM_ForceRegistersUpdate</STRONG> (Thumb, 104 bytes, Stack size 0 bytes, stm32g4xx_hal_hrtim.o(i.HRTIM_ForceRegistersUpdate))
<BR><BR>[Called By]<UL><LI><a href="#[e0]">&gt;&gt;</a>&nbsp;&nbsp;&nbsp;HAL_HRTIM_WaveformTimerControl
<LI><a href="#[dc]">&gt;&gt;</a>&nbsp;&nbsp;&nbsp;HAL_HRTIM_WaveformTimerConfig
</UL>

<P><STRONG><a name="[d4]"></a>HRTIM_HRTIM_ISR</STRONG> (Thumb, 168 bytes, Stack size 16 bytes, stm32g4xx_hal_hrtim.o(i.HRTIM_HRTIM_ISR))
<BR><BR>[Stack]<UL><LI>Max Depth = 16<LI>Call Chain = HRTIM_HRTIM_ISR
</UL>
<BR>[Calls]<UL><LI><a href="#[114]">&gt;&gt;</a>&nbsp;&nbsp;&nbsp;HAL_HRTIM_SystemFaultCallback
<LI><a href="#[113]">&gt;&gt;</a>&nbsp;&nbsp;&nbsp;HAL_HRTIM_Fault6Callback
<LI><a href="#[112]">&gt;&gt;</a>&nbsp;&nbsp;&nbsp;HAL_HRTIM_Fault5Callback
<LI><a href="#[111]">&gt;&gt;</a>&nbsp;&nbsp;&nbsp;HAL_HRTIM_Fault4Callback
<LI><a href="#[110]">&gt;&gt;</a>&nbsp;&nbsp;&nbsp;HAL_HRTIM_Fault3Callback
<LI><a href="#[10f]">&gt;&gt;</a>&nbsp;&nbsp;&nbsp;HAL_HRTIM_Fault2Callback
<LI><a href="#[10e]">&gt;&gt;</a>&nbsp;&nbsp;&nbsp;HAL_HRTIM_Fault1Callback
</UL>
<BR>[Called By]<UL><LI><a href="#[d2]">&gt;&gt;</a>&nbsp;&nbsp;&nbsp;HAL_HRTIM_IRQHandler
</UL>

<P><STRONG><a name="[df]"></a>HRTIM_MasterWaveform_Config</STRONG> (Thumb, 144 bytes, Stack size 16 bytes, stm32g4xx_hal_hrtim.o(i.HRTIM_MasterWaveform_Config))
<BR><BR>[Stack]<UL><LI>Max Depth = 16<LI>Call Chain = HRTIM_MasterWaveform_Config
</UL>
<BR>[Called By]<UL><LI><a href="#[dc]">&gt;&gt;</a>&nbsp;&nbsp;&nbsp;HAL_HRTIM_WaveformTimerConfig
</UL>

<P><STRONG><a name="[d5]"></a>HRTIM_Master_ISR</STRONG> (Thumb, 240 bytes, Stack size 32 bytes, stm32g4xx_hal_hrtim.o(i.HRTIM_Master_ISR))
<BR><BR>[Stack]<UL><LI>Max Depth = 32<LI>Call Chain = HRTIM_Master_ISR
</UL>
<BR>[Calls]<UL><LI><a href="#[11c]">&gt;&gt;</a>&nbsp;&nbsp;&nbsp;HAL_HRTIM_SynchronizationEventCallback
<LI><a href="#[11b]">&gt;&gt;</a>&nbsp;&nbsp;&nbsp;HAL_HRTIM_RepetitionEventCallback
<LI><a href="#[11d]">&gt;&gt;</a>&nbsp;&nbsp;&nbsp;HAL_HRTIM_RegistersUpdateCallback
<LI><a href="#[115]">&gt;&gt;</a>&nbsp;&nbsp;&nbsp;HAL_HRTIM_DLLCalibrationReadyCallback
<LI><a href="#[11a]">&gt;&gt;</a>&nbsp;&nbsp;&nbsp;HAL_HRTIM_Compare4EventCallback
<LI><a href="#[119]">&gt;&gt;</a>&nbsp;&nbsp;&nbsp;HAL_HRTIM_Compare3EventCallback
<LI><a href="#[118]">&gt;&gt;</a>&nbsp;&nbsp;&nbsp;HAL_HRTIM_Compare2EventCallback
<LI><a href="#[117]">&gt;&gt;</a>&nbsp;&nbsp;&nbsp;HAL_HRTIM_Compare1EventCallback
<LI><a href="#[116]">&gt;&gt;</a>&nbsp;&nbsp;&nbsp;HAL_HRTIM_BurstModePeriodCallback
</UL>
<BR>[Called By]<UL><LI><a href="#[d2]">&gt;&gt;</a>&nbsp;&nbsp;&nbsp;HAL_HRTIM_IRQHandler
</UL>

<P><STRONG><a name="[db]"></a>HRTIM_OutputConfig</STRONG> (Thumb, 216 bytes, Stack size 20 bytes, stm32g4xx_hal_hrtim.o(i.HRTIM_OutputConfig))
<BR><BR>[Stack]<UL><LI>Max Depth = 20<LI>Call Chain = HRTIM_OutputConfig
</UL>
<BR>[Called By]<UL><LI><a href="#[da]">&gt;&gt;</a>&nbsp;&nbsp;&nbsp;HAL_HRTIM_WaveformOutputConfig
</UL>

<P><STRONG><a name="[d3]"></a>HRTIM_Timer_ISR</STRONG> (Thumb, 358 bytes, Stack size 24 bytes, stm32g4xx_hal_hrtim.o(i.HRTIM_Timer_ISR))
<BR><BR>[Stack]<UL><LI>Max Depth = 24<LI>Call Chain = HRTIM_Timer_ISR
</UL>
<BR>[Calls]<UL><LI><a href="#[11b]">&gt;&gt;</a>&nbsp;&nbsp;&nbsp;HAL_HRTIM_RepetitionEventCallback
<LI><a href="#[11d]">&gt;&gt;</a>&nbsp;&nbsp;&nbsp;HAL_HRTIM_RegistersUpdateCallback
<LI><a href="#[122]">&gt;&gt;</a>&nbsp;&nbsp;&nbsp;HAL_HRTIM_Output2SetCallback
<LI><a href="#[123]">&gt;&gt;</a>&nbsp;&nbsp;&nbsp;HAL_HRTIM_Output2ResetCallback
<LI><a href="#[120]">&gt;&gt;</a>&nbsp;&nbsp;&nbsp;HAL_HRTIM_Output1SetCallback
<LI><a href="#[121]">&gt;&gt;</a>&nbsp;&nbsp;&nbsp;HAL_HRTIM_Output1ResetCallback
<LI><a href="#[125]">&gt;&gt;</a>&nbsp;&nbsp;&nbsp;HAL_HRTIM_DelayedProtectionCallback
<LI><a href="#[124]">&gt;&gt;</a>&nbsp;&nbsp;&nbsp;HAL_HRTIM_CounterResetCallback
<LI><a href="#[11a]">&gt;&gt;</a>&nbsp;&nbsp;&nbsp;HAL_HRTIM_Compare4EventCallback
<LI><a href="#[119]">&gt;&gt;</a>&nbsp;&nbsp;&nbsp;HAL_HRTIM_Compare3EventCallback
<LI><a href="#[118]">&gt;&gt;</a>&nbsp;&nbsp;&nbsp;HAL_HRTIM_Compare2EventCallback
<LI><a href="#[117]">&gt;&gt;</a>&nbsp;&nbsp;&nbsp;HAL_HRTIM_Compare1EventCallback
<LI><a href="#[11f]">&gt;&gt;</a>&nbsp;&nbsp;&nbsp;HAL_HRTIM_Capture2EventCallback
<LI><a href="#[11e]">&gt;&gt;</a>&nbsp;&nbsp;&nbsp;HAL_HRTIM_Capture1EventCallback
</UL>
<BR>[Called By]<UL><LI><a href="#[d2]">&gt;&gt;</a>&nbsp;&nbsp;&nbsp;HAL_HRTIM_IRQHandler
</UL>

<P><STRONG><a name="[dd]"></a>HRTIM_TimingUnitWaveform_Config</STRONG> (Thumb, 426 bytes, Stack size 36 bytes, stm32g4xx_hal_hrtim.o(i.HRTIM_TimingUnitWaveform_Config))
<BR><BR>[Stack]<UL><LI>Max Depth = 36<LI>Call Chain = HRTIM_TimingUnitWaveform_Config
</UL>
<BR>[Called By]<UL><LI><a href="#[dc]">&gt;&gt;</a>&nbsp;&nbsp;&nbsp;HAL_HRTIM_WaveformTimerConfig
</UL>

<P><STRONG><a name="[f5]"></a>TIM_ITRx_SetConfig</STRONG> (Thumb, 16 bytes, Stack size 0 bytes, stm32g4xx_hal_tim.o(i.TIM_ITRx_SetConfig))
<BR><BR>[Called By]<UL><LI><a href="#[f1]">&gt;&gt;</a>&nbsp;&nbsp;&nbsp;HAL_TIM_ConfigClockSource
</UL>

<P><STRONG><a name="[105]"></a>TIM_OC1_SetConfig</STRONG> (Thumb, 144 bytes, Stack size 32 bytes, stm32g4xx_hal_tim.o(i.TIM_OC1_SetConfig))
<BR><BR>[Stack]<UL><LI>Max Depth = 32<LI>Call Chain = TIM_OC1_SetConfig
</UL>
<BR>[Called By]<UL><LI><a href="#[104]">&gt;&gt;</a>&nbsp;&nbsp;&nbsp;HAL_TIM_PWM_ConfigChannel
</UL>

<P><STRONG><a name="[107]"></a>TIM_OC3_SetConfig</STRONG> (Thumb, 130 bytes, Stack size 20 bytes, stm32g4xx_hal_tim.o(i.TIM_OC3_SetConfig))
<BR><BR>[Stack]<UL><LI>Max Depth = 20<LI>Call Chain = TIM_OC3_SetConfig
</UL>
<BR>[Called By]<UL><LI><a href="#[104]">&gt;&gt;</a>&nbsp;&nbsp;&nbsp;HAL_TIM_PWM_ConfigChannel
</UL>

<P><STRONG><a name="[108]"></a>TIM_OC4_SetConfig</STRONG> (Thumb, 132 bytes, Stack size 20 bytes, stm32g4xx_hal_tim.o(i.TIM_OC4_SetConfig))
<BR><BR>[Stack]<UL><LI>Max Depth = 20<LI>Call Chain = TIM_OC4_SetConfig
</UL>
<BR>[Called By]<UL><LI><a href="#[104]">&gt;&gt;</a>&nbsp;&nbsp;&nbsp;HAL_TIM_PWM_ConfigChannel
</UL>

<P><STRONG><a name="[109]"></a>TIM_OC5_SetConfig</STRONG> (Thumb, 92 bytes, Stack size 12 bytes, stm32g4xx_hal_tim.o(i.TIM_OC5_SetConfig))
<BR><BR>[Stack]<UL><LI>Max Depth = 12<LI>Call Chain = TIM_OC5_SetConfig
</UL>
<BR>[Called By]<UL><LI><a href="#[104]">&gt;&gt;</a>&nbsp;&nbsp;&nbsp;HAL_TIM_PWM_ConfigChannel
</UL>

<P><STRONG><a name="[10a]"></a>TIM_OC6_SetConfig</STRONG> (Thumb, 94 bytes, Stack size 12 bytes, stm32g4xx_hal_tim.o(i.TIM_OC6_SetConfig))
<BR><BR>[Stack]<UL><LI>Max Depth = 12<LI>Call Chain = TIM_OC6_SetConfig
</UL>
<BR>[Called By]<UL><LI><a href="#[104]">&gt;&gt;</a>&nbsp;&nbsp;&nbsp;HAL_TIM_PWM_ConfigChannel
</UL>

<P><STRONG><a name="[f3]"></a>TIM_TI1_ConfigInputStage</STRONG> (Thumb, 34 bytes, Stack size 8 bytes, stm32g4xx_hal_tim.o(i.TIM_TI1_ConfigInputStage))
<BR><BR>[Stack]<UL><LI>Max Depth = 8<LI>Call Chain = TIM_TI1_ConfigInputStage
</UL>
<BR>[Called By]<UL><LI><a href="#[f1]">&gt;&gt;</a>&nbsp;&nbsp;&nbsp;HAL_TIM_ConfigClockSource
</UL>

<P><STRONG><a name="[f4]"></a>TIM_TI2_ConfigInputStage</STRONG> (Thumb, 36 bytes, Stack size 8 bytes, stm32g4xx_hal_tim.o(i.TIM_TI2_ConfigInputStage))
<BR><BR>[Stack]<UL><LI>Max Depth = 8<LI>Call Chain = TIM_TI2_ConfigInputStage
</UL>
<BR>[Called By]<UL><LI><a href="#[f1]">&gt;&gt;</a>&nbsp;&nbsp;&nbsp;HAL_TIM_ConfigClockSource
</UL>

<P><STRONG><a name="[ed]"></a>TIM_CCxNChannelCmd</STRONG> (Thumb, 26 bytes, Stack size 8 bytes, stm32g4xx_hal_tim_ex.o(i.TIM_CCxNChannelCmd))
<BR><BR>[Stack]<UL><LI>Max Depth = 8<LI>Call Chain = TIM_CCxNChannelCmd
</UL>
<BR>[Called By]<UL><LI><a href="#[9f]">&gt;&gt;</a>&nbsp;&nbsp;&nbsp;HAL_TIMEx_PWMN_Start
</UL>
<P>
<H3>
Undefined Global Symbols
</H3><HR></body></html>
