Component: ARM Compiler 5.06 update 7 (build 960) Tool: armlink [4d3601]

==============================================================================

Section Cross References

    startup_stm32g474xx.o(STACK) refers (Special) to heapauxi.o(.text) for __use_two_region_memory
    startup_stm32g474xx.o(HEAP) refers (Special) to heapauxi.o(.text) for __use_two_region_memory
    startup_stm32g474xx.o(RESET) refers (Special) to heapauxi.o(.text) for __use_two_region_memory
    startup_stm32g474xx.o(RESET) refers to startup_stm32g474xx.o(STACK) for __initial_sp
    startup_stm32g474xx.o(RESET) refers to startup_stm32g474xx.o(.text) for Reset_Handler
    startup_stm32g474xx.o(RESET) refers to stm32g4xx_it.o(i.NMI_Handler) for NMI_Handler
    startup_stm32g474xx.o(RESET) refers to stm32g4xx_it.o(i.HardFault_Handler) for HardFault_Handler
    startup_stm32g474xx.o(RESET) refers to stm32g4xx_it.o(i.MemManage_Handler) for MemManage_Handler
    startup_stm32g474xx.o(RESET) refers to stm32g4xx_it.o(i.BusFault_Handler) for BusFault_Handler
    startup_stm32g474xx.o(RESET) refers to stm32g4xx_it.o(i.UsageFault_Handler) for UsageFault_Handler
    startup_stm32g474xx.o(RESET) refers to stm32g4xx_it.o(i.SVC_Handler) for SVC_Handler
    startup_stm32g474xx.o(RESET) refers to stm32g4xx_it.o(i.DebugMon_Handler) for DebugMon_Handler
    startup_stm32g474xx.o(RESET) refers to stm32g4xx_it.o(i.PendSV_Handler) for PendSV_Handler
    startup_stm32g474xx.o(RESET) refers to stm32g4xx_it.o(i.SysTick_Handler) for SysTick_Handler
    startup_stm32g474xx.o(RESET) refers to stm32g4xx_it.o(i.ADC1_2_IRQHandler) for ADC1_2_IRQHandler
    startup_stm32g474xx.o(RESET) refers to stm32g4xx_it.o(i.TIM1_BRK_TIM15_IRQHandler) for TIM1_BRK_TIM15_IRQHandler
    startup_stm32g474xx.o(RESET) refers to stm32g4xx_it.o(i.TIM1_UP_TIM16_IRQHandler) for TIM1_UP_TIM16_IRQHandler
    startup_stm32g474xx.o(RESET) refers to stm32g4xx_it.o(i.TIM1_TRG_COM_TIM17_IRQHandler) for TIM1_TRG_COM_TIM17_IRQHandler
    startup_stm32g474xx.o(RESET) refers to stm32g4xx_it.o(i.TIM1_CC_IRQHandler) for TIM1_CC_IRQHandler
    startup_stm32g474xx.o(RESET) refers to stm32g4xx_it.o(i.TIM6_DAC_IRQHandler) for TIM6_DAC_IRQHandler
    startup_stm32g474xx.o(RESET) refers to stm32g4xx_it.o(i.HRTIM1_TIMB_IRQHandler) for HRTIM1_TIMB_IRQHandler
    startup_stm32g474xx.o(RESET) refers to stm32g4xx_it.o(i.FDCAN2_IT0_IRQHandler) for FDCAN2_IT0_IRQHandler
    startup_stm32g474xx.o(RESET) refers to stm32g4xx_it.o(i.FDCAN2_IT1_IRQHandler) for FDCAN2_IT1_IRQHandler
    startup_stm32g474xx.o(.text) refers (Special) to heapauxi.o(.text) for __use_two_region_memory
    startup_stm32g474xx.o(.text) refers to system_stm32g4xx.o(i.SystemInit) for SystemInit
    startup_stm32g474xx.o(.text) refers to __main.o(!!!main) for __main
    startup_stm32g474xx.o(.text) refers to startup_stm32g474xx.o(HEAP) for Heap_Mem
    startup_stm32g474xx.o(.text) refers to startup_stm32g474xx.o(STACK) for Stack_Mem
    dcdc.o(i.CAN_Init) refers to stm32g4xx_hal_fdcan.o(i.HAL_FDCAN_ConfigFilter) for HAL_FDCAN_ConfigFilter
    dcdc.o(i.CAN_Init) refers to stm32g4xx_hal_fdcan.o(i.HAL_FDCAN_ActivateNotification) for HAL_FDCAN_ActivateNotification
    dcdc.o(i.CAN_Init) refers to stm32g4xx_hal_fdcan.o(i.HAL_FDCAN_Start) for HAL_FDCAN_Start
    dcdc.o(i.CAN_Init) refers to dcdc.o(.bss) for .bss
    dcdc.o(i.CAN_Init) refers to fdcan.o(.bss) for hfdcan2
    dcdc.o(i.CAN_Transmit) refers to stm32g4xx_hal_fdcan.o(i.HAL_FDCAN_AddMessageToTxFifoQ) for HAL_FDCAN_AddMessageToTxFifoQ
    dcdc.o(i.CAN_Transmit) refers to dcdc.o(.bss) for .bss
    dcdc.o(i.CAN_Transmit) refers to dcdc.o(.data) for .data
    dcdc.o(i.CAN_Transmit) refers to fdcan.o(.bss) for hfdcan2
    dcdc.o(i.Cap_Init) refers to stm32g4xx_hal.o(i.HAL_Delay) for HAL_Delay
    dcdc.o(i.Cap_Init) refers to pid.o(i.PID_Init) for PID_Init
    dcdc.o(i.Cap_Init) refers to pid.o(i.PID_SetDeadzone) for PID_SetDeadzone
    dcdc.o(i.Cap_Init) refers to stm32g4xx_hal_tim.o(i.HAL_TIM_Base_Start_IT) for HAL_TIM_Base_Start_IT
    dcdc.o(i.Cap_Init) refers to stm32g4xx_hal_hrtim.o(i.HAL_HRTIM_WaveformOutputStart) for HAL_HRTIM_WaveformOutputStart
    dcdc.o(i.Cap_Init) refers to stm32g4xx_hal_hrtim.o(i.HAL_HRTIM_WaveformCountStart) for HAL_HRTIM_WaveformCountStart
    dcdc.o(i.Cap_Init) refers to stm32g4xx_hal_adc_ex.o(i.HAL_ADCEx_Calibration_Start) for HAL_ADCEx_Calibration_Start
    dcdc.o(i.Cap_Init) refers to stm32g4xx_hal_adc_ex.o(i.HAL_ADCEx_InjectedStart) for HAL_ADCEx_InjectedStart
    dcdc.o(i.Cap_Init) refers to stm32g4xx_hal_tim.o(i.HAL_TIM_PWM_Start) for HAL_TIM_PWM_Start
    dcdc.o(i.Cap_Init) refers to stm32g4xx_hal_tim_ex.o(i.HAL_TIMEx_PWMN_Start) for HAL_TIMEx_PWMN_Start
    dcdc.o(i.Cap_Init) refers to dcdc.o(i.CAN_Init) for CAN_Init
    dcdc.o(i.Cap_Init) refers to dcdc.o(.bss) for .bss
    dcdc.o(i.Cap_Init) refers to tim.o(.bss) for htim6
    dcdc.o(i.Cap_Init) refers to hrtim.o(.bss) for hhrtim1
    dcdc.o(i.Cap_Init) refers to adc.o(.bss) for hadc1
[...]
    i.HAL_TIM_IC_CaptureCallback             0x08003ec0   Section        0  stm32g4xx_hal_tim.o(i.HAL_TIM_IC_CaptureCallback)
    i.HAL_TIM_IRQHandler                     0x08003ec2   Section        0  stm32g4xx_hal_tim.o(i.HAL_TIM_IRQHandler)
    i.HAL_TIM_MspPostInit                    0x080040c0   Section        0  tim.o(i.HAL_TIM_MspPostInit)
    i.HAL_TIM_OC_DelayElapsedCallback        0x0800412c   Section        0  stm32g4xx_hal_tim.o(i.HAL_TIM_OC_DelayElapsedCallback)
    i.HAL_TIM_PWM_ConfigChannel              0x0800412e   Section        0  stm32g4xx_hal_tim.o(i.HAL_TIM_PWM_ConfigChannel)
    i.HAL_TIM_PWM_Init                       0x08004252   Section        0  stm32g4xx_hal_tim.o(i.HAL_TIM_PWM_Init)
    i.HAL_TIM_PWM_MspInit                    0x080042b4   Section        0  tim.o(i.HAL_TIM_PWM_MspInit)
    i.HAL_TIM_PWM_PulseFinishedCallback      0x080042f0   Section        0  stm32g4xx_hal_tim.o(i.HAL_TIM_PWM_PulseFinishedCallback)
    i.HAL_TIM_PWM_Start                      0x080042f4   Section        0  stm32g4xx_hal_tim.o(i.HAL_TIM_PWM_Start)
    i.HAL_TIM_PeriodElapsedCallback          0x08004414   Section        0  dcdc.o(i.HAL_TIM_PeriodElapsedCallback)
    i.HAL_TIM_TriggerCallback                0x0800443c   Section        0  stm32g4xx_hal_tim.o(i.HAL_TIM_TriggerCallback)
    i.HRTIM1_TIMB_IRQHandler                 0x08004440   Section        0  stm32g4xx_it.o(i.HRTIM1_TIMB_IRQHandler)
    i.HRTIM_ForceRegistersUpdate             0x0800444c   Section        0  stm32g4xx_hal_hrtim.o(i.HRTIM_ForceRegistersUpdate)
    HRTIM_ForceRegistersUpdate               0x0800444d   Thumb Code   104  stm32g4xx_hal_hrtim.o(i.HRTIM_ForceRegistersUpdate)
    i.HRTIM_HRTIM_ISR                        0x080044b4   Section        0  stm32g4xx_hal_hrtim.o(i.HRTIM_HRTIM_ISR)
    HRTIM_HRTIM_ISR                          0x080044b5   Thumb Code   168  stm32g4xx_hal_hrtim.o(i.HRTIM_HRTIM_ISR)
    i.HRTIM_MasterWaveform_Config            0x0800455c   Section        0  stm32g4xx_hal_hrtim.o(i.HRTIM_MasterWaveform_Config)
    HRTIM_MasterWaveform_Config              0x0800455d   Thumb Code   144  stm32g4xx_hal_hrtim.o(i.HRTIM_MasterWaveform_Config)
    i.HRTIM_Master_ISR                       0x080045ec   Section        0  stm32g4xx_hal_hrtim.o(i.HRTIM_Master_ISR)
    HRTIM_Master_ISR                         0x080045ed   Thumb Code   240  stm32g4xx_hal_hrtim.o(i.HRTIM_Master_ISR)
    i.HRTIM_OutputConfig                     0x080046dc   Section        0  stm32g4xx_hal_hrtim.o(i.HRTIM_OutputConfig)
    HRTIM_OutputConfig                       0x080046dd   Thumb Code   216  stm32g4xx_hal_hrtim.o(i.HRTIM_OutputConfig)
    i.HRTIM_Timer_ISR                        0x080047b4   Section        0  stm32g4xx_hal_hrtim.o(i.HRTIM_Timer_ISR)
    HRTIM_Timer_ISR                          0x080047b5   Thumb Code   358  stm32g4xx_hal_hrtim.o(i.HRTIM_Timer_ISR)
    i.HRTIM_TimingUnitWaveform_Config        0x0800491c   Section        0  stm32g4xx_hal_hrtim.o(i.HRTIM_TimingUnitWaveform_Config)
    HRTIM_TimingUnitWaveform_Config          0x0800491d   Thumb Code   426  stm32g4xx_hal_hrtim.o(i.HRTIM_TimingUnitWaveform_Config)
    i.HardFault_Handler                      0x08004acc   Section        0  stm32g4xx_it.o(i.HardFault_Handler)
    i.LL_ADC_GetOffsetChannel                0x08004ace   Section        0  stm32g4xx_hal_adc_ex.o(i.LL_ADC_GetOffsetChannel)
    LL_ADC_GetOffsetChannel                  0x08004acf   Thumb Code    12  stm32g4xx_hal_adc_ex.o(i.LL_ADC_GetOffsetChannel)
    i.LL_ADC_INJ_IsConversionOngoing         0x08004ada   Section        0  stm32g4xx_hal_adc.o(i.LL_ADC_INJ_IsConversionOngoing)
    LL_ADC_INJ_IsConversionOngoing           0x08004adb   Thumb Code     8  stm32g4xx_hal_adc.o(i.LL_ADC_INJ_IsConversionOngoing)
    i.LL_ADC_INJ_IsConversionOngoing         0x08004ae2   Section        0  stm32g4xx_hal_adc_ex.o(i.LL_ADC_INJ_IsConversionOngoing)
    LL_ADC_INJ_IsConversionOngoing           0x08004ae3   Thumb Code     8  stm32g4xx_hal_adc_ex.o(i.LL_ADC_INJ_IsConversionOngoing)
    i.LL_ADC_IsEnabled                       0x08004aea   Section        0  stm32g4xx_hal_adc.o(i.LL_ADC_IsEnabled)
    LL_ADC_IsEnabled                         0x08004aeb   Thumb Code     8  stm32g4xx_hal_adc.o(i.LL_ADC_IsEnabled)
    i.LL_ADC_IsEnabled                       0x08004af2   Section        0  stm32g4xx_hal_adc_ex.o(i.LL_ADC_IsEnabled)
    LL_ADC_IsEnabled                         0x08004af3   Thumb Code     8  stm32g4xx_hal_adc_ex.o(i.LL_ADC_IsEnabled)
    i.LL_ADC_REG_IsConversionOngoing         0x08004afa   Section        0  stm32g4xx_hal_adc.o(i.LL_ADC_REG_IsConversionOngoing)
    LL_ADC_REG_IsConversionOngoing           0x08004afb   Thumb Code     8  stm32g4xx_hal_adc.o(i.LL_ADC_REG_IsConversionOngoing)
    i.LL_ADC_REG_IsConversionOngoing         0x08004b02   Section        0  stm32g4xx_hal_adc_ex.o(i.LL_ADC_REG_IsConversionOngoing)
    LL_ADC_REG_IsConversionOngoing           0x08004b03   Thumb Code     8  stm32g4xx_hal_adc_ex.o(i.LL_ADC_REG_IsConversionOngoing)
    i.LL_ADC_REG_IsTriggerSourceSWStart      0x08004b0a   Section        0  stm32g4xx_hal_adc.o(i.LL_ADC_REG_IsTriggerSourceSWStart)
    LL_ADC_REG_IsTriggerSourceSWStart        0x08004b0b   Thumb Code    16  stm32g4xx_hal_adc.o(i.LL_ADC_REG_IsTriggerSourceSWStart)
    i.LL_ADC_SetChannelSamplingTime          0x08004b1a   Section        0  stm32g4xx_hal_adc_ex.o(i.LL_ADC_SetChannelSamplingTime)
    LL_ADC_SetChannelSamplingTime            0x08004b1b   Thumb Code    30  stm32g4xx_hal_adc_ex.o(i.LL_ADC_SetChannelSamplingTime)
    i.LL_ADC_SetOffsetState                  0x08004b38   Section        0  stm32g4xx_hal_adc_ex.o(i.LL_ADC_SetOffsetState)
    LL_ADC_SetOffsetState                    0x08004b39   Thumb Code    16  stm32g4xx_hal_adc_ex.o(i.LL_ADC_SetOffsetState)
    i.MX_ADC1_Init                           0x08004b48   Section        0  adc.o(i.MX_ADC1_Init)
    i.MX_DMA_Init                            0x08004c44   Section        0  dma.o(i.MX_DMA_Init)
    i.MX_FDCAN2_Init                         0x08004c70   Section        0  fdcan.o(i.MX_FDCAN2_Init)
    i.MX_GPIO_Init                           0x08004cc0   Section        0  gpio.o(i.MX_GPIO_Init)
    i.MX_HRTIM1_Init                         0x08004d64   Section        0  hrtim.o(i.MX_HRTIM1_Init)
    i.MX_TIM15_Init                          0x08004f50   Section        0  tim.o(i.MX_TIM15_Init)
    i.MX_TIM1_Init                           0x08005000   Section        0  tim.o(i.MX_TIM1_Init)
    i.MX_TIM6_Init                           0x0800506c   Section        0  tim.o(i.MX_TIM6_Init)
    i.MemManage_Handler                      0x080050b4   Section        0  stm32g4xx_it.o(i.MemManage_Handler)
    i.NMI_Handler                            0x080050b6   Section        0  stm32g4xx_it.o(i.NMI_Handler)
    i.PID_Clear                              0x080050b8   Section        0  pid.o(i.PID_Clear)
    i.PID_Init                               0x080050d4   Section        0  pid.o(i.PID_Init)
    i.PID_SetDeadzone                        0x080050f4   Section        0  pid.o(i.PID_SetDeadzone)
    i.PID_SingleCalc                         0x080050fc   Section        0  pid.o(i.PID_SingleCalc)
    i.PendSV_Handler                         0x080051e8   Section        0  stm32g4xx_it.o(i.PendSV_Handler)
    i.SVC_Handler                            0x080051ea   Section        0  stm32g4xx_it.o(i.SVC_Handler)
    i.SysTick_Handler                        0x080051ec   Section        0  stm32g4xx_it.o(i.SysTick_Handler)
    i.SystemClock_Config                     0x080051f0   Section        0  main.o(i.SystemClock_Config)
    i.SystemInit                             0x08005258   Section        0  system_stm32g4xx.o(i.SystemInit)
    i.TIM1_BRK_TIM15_IRQHandler              0x08005268   Section        0  stm32g4xx_it.o(i.TIM1_BRK_TIM15_IRQHandler)
    i.TIM1_CC_IRQHandler                     0x08005284   Section        0  stm32g4xx_it.o(i.TIM1_CC_IRQHandler)
    i.TIM1_TRG_COM_TIM17_IRQHandler          0x08005290   Section        0  stm32g4xx_it.o(i.TIM1_TRG_COM_TIM17_IRQHandler)
    i.TIM1_UP_TIM16_IRQHandler               0x0800529c   Section        0  stm32g4xx_it.o(i.TIM1_UP_TIM16_IRQHandler)
    i.TIM6_DAC_IRQHandler                    0x080052a8   Section        0  stm32g4xx_it.o(i.TIM6_DAC_IRQHandler)
    i.TIM_Base_SetConfig                     0x080052b4   Section        0  stm32g4xx_hal_tim.o(i.TIM_Base_SetConfig)
    i.TIM_CCxChannelCmd                      0x08005388   Section        0  stm32g4xx_hal_tim.o(i.TIM_CCxChannelCmd)
    i.TIM_CCxNChannelCmd                     0x080053a2   Section        0  stm32g4xx_hal_tim_ex.o(i.TIM_CCxNChannelCmd)
    TIM_CCxNChannelCmd                       0x080053a3   Thumb Code    26  stm32g4xx_hal_tim_ex.o(i.TIM_CCxNChannelCmd)
    i.TIM_ETR_SetConfig                      0x080053bc   Section        0  stm32g4xx_hal_tim.o(i.TIM_ETR_SetConfig)
    i.TIM_ITRx_SetConfig                     0x080053d0   Section        0  stm32g4xx_hal_tim.o(i.TIM_ITRx_SetConfig)
    TIM_ITRx_SetConfig                       0x080053d1   Thumb Code    16  stm32g4xx_hal_tim.o(i.TIM_ITRx_SetConfig)
    i.TIM_OC1_SetConfig                      0x080053e4   Section        0  stm32g4xx_hal_tim.o(i.TIM_OC1_SetConfig)
    TIM_OC1_SetConfig                        0x080053e5   Thumb Code   144  stm32g4xx_hal_tim.o(i.TIM_OC1_SetConfig)
    i.TIM_OC2_SetConfig                      0x08005490   Section        0  stm32g4xx_hal_tim.o(i.TIM_OC2_SetConfig)
    i.TIM_OC3_SetConfig                      0x08005530   Section        0  stm32g4xx_hal_tim.o(i.TIM_OC3_SetConfig)
    TIM_OC3_SetConfig                        0x08005531   Thumb Code   130  stm32g4xx_hal_tim.o(i.TIM_OC3_SetConfig)
    i.TIM_OC4_SetConfig                      0x080055d0   Section        0  stm32g4xx_hal_tim.o(i.TIM_OC4_SetConfig)
    TIM_OC4_SetConfig                        0x080055d1   Thumb Code   132  stm32g4xx_hal_tim.o(i.TIM_OC4_SetConfig)
    i.TIM_OC5_SetConfig                      0x08005670   Section        0  stm32g4xx_hal_tim.o(i.TIM_OC5_SetConfig)
    TIM_OC5_SetConfig                        0x08005671   Thumb Code    92  stm32g4xx_hal_tim.o(i.TIM_OC5_SetConfig)
    i.TIM_OC6_SetConfig                      0x080056e8   Section        0  stm32g4xx_hal_tim.o(i.TIM_OC6_SetConfig)
    TIM_OC6_SetConfig                        0x080056e9   Thumb Code    94  stm32g4xx_hal_tim.o(i.TIM_OC6_SetConfig)
    i.TIM_TI1_ConfigInputStage               0x08005764   Section        0  stm32g4xx_hal_tim.o(i.TIM_TI1_ConfigInputStage)
    TIM_TI1_ConfigInputStage                 0x08005765   Thumb Code    34  stm32g4xx_hal_tim.o(i.TIM_TI1_ConfigInputStage)
    i.TIM_TI2_ConfigInputStage               0x08005786   Section        0  stm32g4xx_hal_tim.o(i.TIM_TI2_ConfigInputStage)
    TIM_TI2_ConfigInputStage                 0x08005787   Thumb Code    36  stm32g4xx_hal_tim.o(i.TIM_TI2_ConfigInputStage)
    i.UsageFault_Handler                     0x080057aa   Section        0  stm32g4xx_it.o(i.UsageFault_Handler)
    i.__NVIC_SetPriority                     0x080057ac   Section        0  stm32g4xx_hal_cortex.o(i.__NVIC_SetPriority)
    __NVIC_SetPriority                       0x080057ad   Thumb Code    32  stm32g4xx_hal_cortex.o(i.__NVIC_SetPriority)
    i.main                                   0x080057cc   Section        0  main.o(i.main)
    x$fpl$fpinit                             0x080057fa   Section       10  fpinit.o(x$fpl$fpinit)
    $v0                                      0x080057fa   Number         0  fpinit.o(x$fpl$fpinit)
    .constdata                               0x08005804   Section       16  stm32g4xx_hal_fdcan.o(.constdata)
    DLCtoBytes                               0x08005804   Data          16  stm32g4xx_hal_fdcan.o(.constdata)
    .constdata                               0x08005814   Section       16  system_stm32g4xx.o(.constdata)
    .data                                    0x20000000   Section       36  dcdc.o(.data)
    .data                                    0x20000024   Section       12  stm32g4xx_hal.o(.data)
    .data                                    0x20000030   Section        4  system_stm32g4xx.o(.data)
    .bss                                     0x20000034   Section      280  dcdc.o(.bss)
    .bss                                     0x2000014c   Section      204  adc.o(.bss)
    .bss                                     0x20000218   Section      100  fdcan.o(.bss)
    .bss                                     0x2000027c   Section      252  hrtim.o(.bss)
    .bss                                     0x20000378   Section      228  tim.o(.bss)
    .bss                                     0x2000045c   Section       96  libspace.o(.bss)
    HEAP                                     0x200004c0   Section     1024  startup_stm32g474xx.o(HEAP)
    Heap_Mem                                 0x200004c0   Data        1024  startup_stm32g474xx.o(HEAP)
    STACK                                    0x200008c0   Section     2048  startup_stm32g474xx.o(STACK)
    Stack_Mem                                0x200008c0   Data        2048  startup_stm32g474xx.o(STACK)
    __initial_sp                             0x200010c0   Data           0  startup_stm32g474xx.o(STACK)

    Global Symbols

    Symbol Name                              Value     Ov Type        Size  Object(Section)

    BuildAttributes$$THM_ISAv4$E$P$D$K$B$S$7EM$VFPi3$EXTD16$VFPS$VFMA$PE$A:L22UL41UL21$X:L11$S22US41US21$IEEE1$IW$USESV6$~STKCKD$USESV7$~SHL$OTIME$ROPI$IEEEX$EBA8$UX$STANDARDLIB$REQ8$PRES8$EABIv2 0x00000000   Number         0  anon$$obj.o ABSOLUTE
    __ARM_use_no_argv                        0x00000000   Number         0  main.o ABSOLUTE
    __ARM_exceptions_init                     - Undefined Weak Reference
    __alloca_initialize                       - Undefined Weak Reference
    __arm_fini_                               - Undefined Weak Reference
    __arm_preinit_                            - Undefined Weak Reference
    __cpp_initialize__aeabi_                  - Undefined Weak Reference
    __cxa_finalize                            - Undefined Weak Reference
    __rt_locale                               - Undefined Weak Reference
    __sigvec_lookup                           - Undefined Weak Reference
    _atexit_init                              - Undefined Weak Reference
    _call_atexit_fns                          - Undefined Weak Reference
    _clock_init                               - Undefined Weak Reference
    _fp_trap_init                             - Undefined Weak Reference
    _fp_trap_shutdown                         - Undefined Weak Reference
    _get_lc_collate                           - Undefined Weak Reference
    _get_lc_ctype                             - Undefined Weak Reference
    _get_lc_monetary                          - Undefined Weak Reference
    _get_lc_numeric                           - Undefined Weak Reference
    _get_lc_time                              - Undefined Weak Reference
    _getenv_init                              - Undefined Weak Reference
    _handle_redirection                       - Undefined Weak Reference
    _init_alloc                               - Undefined Weak Reference
    _init_user_alloc                          - Undefined Weak Reference
    _initio                                   - Undefined Weak Reference
    _rand_init                                - Undefined Weak Reference
    _signal_finish                            - Undefined Weak Reference
    _signal_init                              - Undefined Weak Reference
    _terminate_alloc                          - Undefined Weak Reference
    _terminate_user_alloc                     - Undefined Weak Reference
    _terminateio                              - Undefined Weak Reference
    __Vectors_Size                           0x000001d8   Number         0  startup_stm32g474xx.o ABSOLUTE
    __Vectors                                0x08000000   Data           4  startup_stm32g474xx.o(RESET)
    __Vectors_End                            0x080001d8   Data           0  startup_stm32g474xx.o(RESET)
    __main                                   0x080001d9   Thumb Code     8  __main.o(!!!main)
    __scatterload                            0x080001e1   Thumb Code     0  __scatter.o(!!!scatter)
    __scatterload_rt2                        0x080001e1   Thumb Code    44  __scatter.o(!!!scatter)
    __scatterload_rt2_thumb_only             0x080001e1   Thumb Code     0  __scatter.o(!!!scatter)
    __scatterload_null                       0x080001ef   Thumb Code     0  __scatter.o(!!!scatter)
    __scatterload_copy                       0x08000215   Thumb Code    26  __scatter_copy.o(!!handler_copy)
    __scatterload_zeroinit                   0x08000231   Thumb Code    28  __scatter_zi.o(!!handler_zi)
    __rt_lib_init                            0x0800024d   Thumb Code     0  libinit.o(.ARM.Collect$$libinit$$00000000)
    __rt_lib_init_fp_1                       0x0800024f   Thumb Code     0  libinit2.o(.ARM.Collect$$libinit$$00000001)
    __rt_lib_init_alloca_1                   0x08000253   Thumb Code     0  libinit2.o(.ARM.Collect$$libinit$$0000002E)
    __rt_lib_init_argv_1                     0x08000253   Thumb Code     0  libinit2.o(.ARM.Collect$$libinit$$0000002C)
    __rt_lib_init_atexit_1                   0x08000253   Thumb Code     0  libinit2.o(.ARM.Collect$$libinit$$0000001B)
    __rt_lib_init_clock_1                    0x08000253   Thumb Code     0  libinit2.o(.ARM.Collect$$libinit$$00000021)
    __rt_lib_init_cpp_1                      0x08000253   Thumb Code     0  libinit2.o(.ARM.Collect$$libinit$$00000032)
    __rt_lib_init_exceptions_1               0x08000253   Thumb Code     0  libinit2.o(.ARM.Collect$$libinit$$00000030)
    __rt_lib_init_fp_trap_1                  0x08000253   Thumb Code     0  libinit2.o(.ARM.Collect$$libinit$$0000001F)
    __rt_lib_init_getenv_1                   0x08000253   Thumb Code     0  libinit2.o(.ARM.Collect$$libinit$$00000023)
    __rt_lib_init_heap_1                     0x08000253   Thumb Code     0  libinit2.o(.ARM.Collect$$libinit$$0000000A)
    __rt_lib_init_lc_collate_1               0x08000253   Thumb Code     0  libinit2.o(.ARM.Collect$$libinit$$00000011)
    __rt_lib_init_lc_ctype_1                 0x08000253   Thumb Code     0  libinit2.o(.ARM.Collect$$libinit$$00000013)
    __rt_lib_init_lc_monetary_1              0x08000253   Thumb Code     0  libinit2.o(.ARM.Collect$$libinit$$00000015)
    __rt_lib_init_lc_numeric_1               0x08000253   Thumb Code     0  libinit2.o(.ARM.Collect$$libinit$$00000017)
    __rt_lib_init_lc_time_1                  0x08000253   Thumb Code     0  libinit2.o(.ARM.Collect$$libinit$$00000019)
    __rt_lib_init_preinit_1                  0x08000253   Thumb Code     0  libinit2.o(.ARM.Collect$$libinit$$00000004)
    __rt_lib_init_rand_1                     0x08000253   Thumb Code     0  libinit2.o(.ARM.Collect$$libinit$$0000000E)
    __rt_lib_init_return                     0x08000253   Thumb Code     0  libinit2.o(.ARM.Collect$$libinit$$00000033)
    __rt_lib_init_signal_1                   0x08000253   Thumb Code     0  libinit2.o(.ARM.Collect$$libinit$$0000001D)
    __rt_lib_init_stdio_1                    0x08000253   Thumb Code     0  libinit2.o(.ARM.Collect$$libinit$$00000025)
    __rt_lib_init_user_alloc_1               0x08000253   Thumb Code     0  libinit2.o(.ARM.Collect$$libinit$$0000000C)
    __rt_lib_shutdown                        0x08000255   Thumb Code     0  libshutdown.o(.ARM.Collect$$libshutdown$$00000000)
    __rt_lib_shutdown_cpp_1                  0x08000257   Thumb Code     0  libshutdown2.o(.ARM.Collect$$libshutdown$$00000004)
    __rt_lib_shutdown_fini_1                 0x08000257   Thumb Code     0  libshutdown2.o(.ARM.Collect$$libshutdown$$00000002)
    __rt_lib_shutdown_fp_trap_1              0x08000257   Thumb Code     0  libshutdown2.o(.ARM.Collect$$libshutdown$$00000009)
    __rt_lib_shutdown_heap_1                 0x08000257   Thumb Code     0  libshutdown2.o(.ARM.Collect$$libshutdown$$00000011)
    __rt_lib_shutdown_return                 0x08000257   Thumb Code     0  libshutdown2.o(.ARM.Collect$$libshutdown$$00000012)
    __rt_lib_shutdown_signal_1               0x08000257   Thumb Code     0  libshutdown2.o(.ARM.Collect$$libshutdown$$0000000C)
    __rt_lib_shutdown_stdio_1                0x08000257   Thumb Code     0  libshutdown2.o(.ARM.Collect$$libshutdown$$00000006)
    __rt_lib_shutdown_user_alloc_1           0x08000257   Thumb Code     0  libshutdown2.o(.ARM.Collect$$libshutdown$$0000000E)
    __rt_entry                               0x08000259   Thumb Code     0  __rtentry.o(.ARM.Collect$$rtentry$$00000000)
    __rt_entry_presh_1                       0x08000259   Thumb Code     0  __rtentry2.o(.ARM.Collect$$rtentry$$00000002)
    __rt_entry_sh                            0x08000259   Thumb Code     0  __rtentry4.o(.ARM.Collect$$rtentry$$00000004)
    __rt_entry_li                            0x0800025f   Thumb Code     0  __rtentry2.o(.ARM.Collect$$rtentry$$0000000A)
    __rt_entry_postsh_1                      0x0800025f   Thumb Code     0  __rtentry2.o(.ARM.Collect$$rtentry$$00000009)
    __rt_entry_main                          0x08000263   Thumb Code     0  __rtentry2.o(.ARM.Collect$$rtentry$$0000000D)
    __rt_entry_postli_1                      0x08000263   Thumb Code     0  __rtentry2.o(.ARM.Collect$$rtentry$$0000000C)
    __rt_exit                                0x0800026b   Thumb Code     0  rtexit.o(.ARM.Collect$$rtexit$$00000000)
    __rt_exit_ls                             0x0800026d   Thumb Code     0  rtexit2.o(.ARM.Collect$$rtexit$$00000003)
    __rt_exit_prels_1                        0x0800026d   Thumb Code     0  rtexit2.o(.ARM.Collect$$rtexit$$00000002)
    __rt_exit_exit                           0x08000271   Thumb Code     0  rtexit2.o(.ARM.Collect$$rtexit$$00000004)
    Reset_Handler                            0x08000279   Thumb Code     8  startup_stm32g474xx.o(.text)
    ADC3_IRQHandler                          0x08000293   Thumb Code     0  startup_stm32g474xx.o(.text)
    ADC4_IRQHandler                          0x08000293   Thumb Code     0  startup_stm32g474xx.o(.text)
    ADC5_IRQHandler                          0x08000293   Thumb Code     0  startup_stm32g474xx.o(.text)
    COMP1_2_3_IRQHandler                     0x08000293   Thumb Code     0  startup_stm32g474xx.o(.text)
    COMP4_5_6_IRQHandler                     0x08000293   Thumb Code     0  startup_stm32g474xx.o(.text)
    COMP7_IRQHandler                         0x08000293   Thumb Code     0  startup_stm32g474xx.o(.text)
    CORDIC_IRQHandler                        0x08000293   Thumb Code     0  startup_stm32g474xx.o(.text)
    CRS_IRQHandler                           0x08000293   Thumb Code     0  startup_stm32g474xx.o(.text)
    DMA1_Channel1_IRQHandler                 0x08000293   Thumb Code     0  startup_stm32g474xx.o(.text)
    DMA1_Channel2_IRQHandler                 0x08000293   Thumb Code     0  startup_stm32g474xx.o(.text)
    DMA1_Channel3_IRQHandler                 0x08000293   Thumb Code     0  startup_stm32g474xx.o(.text)
    DMA1_Channel4_IRQHandler                 0x08000293   Thumb Code     0  startup_stm32g474xx.o(.text)
    DMA1_Channel5_IRQHandler                 0x08000293   Thumb Code     0  startup_stm32g474xx.o(.text)
    DMA1_Channel6_IRQHandler                 0x08000293   Thumb Code     0  startup_stm32g474xx.o(.text)
    DMA1_Channel7_IRQHandler                 0x08000293   Thumb Code     0  startup_stm32g474xx.o(.text)
    DMA1_Channel8_IRQHandler                 0x08000293   Thumb Code     0  startup_stm32g474xx.o(.text)
    DMA2_Channel1_IRQHandler                 0x08000293   Thumb Code     0  startup_stm32g474xx.o(.text)
    DMA2_Channel2_IRQHandler                 0x08000293   Thumb Code     0  startup_stm32g474xx.o(.text)
    DMA2_Channel3_IRQHandler                 0x08000293   Thumb Code     0  startup_stm32g474xx.o(.text)
    DMA2_Channel4_IRQHandler                 0x08000293   Thumb Code     0  startup_stm32g474xx.o(.text)
    DMA2_Channel5_IRQHandler                 0x08000293   Thumb Code     0  startup_stm32g474xx.o(.text)
    DMA2_Channel6_IRQHandler                 0x08000293   Thumb Code     0  startup_stm32g474xx.o(.text)
    DMA2_Channel7_IRQHandler                 0x08000293   Thumb Code     0  startup_stm32g474xx.o(.text)
    DMA2_Channel8_IRQHandler                 0x08000293   Thumb Code     0  startup_stm32g474xx.o(.text)
    DMAMUX_OVR_IRQHandler                    0x08000293   Thumb Code     0  startup_stm32g474xx.o(.text)
    EXTI0_IRQHandler                         0x08000293   Thumb Code     0  startup_stm32g474xx.o(.text)
    EXTI15_10_IRQHandler                     0x08000293   Thumb Code     0  startup_stm32g474xx.o(.text)
    EXTI1_IRQHandler                         0x08000293   Thumb Code     0  startup_stm32g474xx.o(.text)
    EXTI2_IRQHandler                         0x08000293   Thumb Code     0  startup_stm32g474xx.o(.text)
    EXTI3_IRQHandler                         0x08000293   Thumb Code     0  startup_stm32g474xx.o(.text)
    EXTI4_IRQHandler                         0x08000293   Thumb Code     0  startup_stm32g474xx.o(.text)
    EXTI9_5_IRQHandler                       0x08000293   Thumb Code     0  startup_stm32g474xx.o(.text)
    FDCAN1_IT0_IRQHandler                    0x08000293   Thumb Code     0  startup_stm32g474xx.o(.text)
    FDCAN1_IT1_IRQHandler                    0x08000293   Thumb Code     0  startup_stm32g474xx.o(.text)
    FDCAN3_IT0_IRQHandler                    0x08000293   Thumb Code     0  startup_stm32g474xx.o(.text)
    FDCAN3_IT1_IRQHandler                    0x08000293   Thumb Code     0  startup_stm32g474xx.o(.text)
    FLASH_IRQHandler                         0x08000293   Thumb Code     0  startup_stm32g474xx.o(.text)
    FMAC_IRQHandler                          0x08000293   Thumb Code     0  startup_stm32g474xx.o(.text)
    FMC_IRQHandler                           0x08000293   Thumb Code     0  startup_stm32g474xx.o(.text)
    FPU_IRQHandler                           0x08000293   Thumb Code     0  startup_stm32g474xx.o(.text)
    HRTIM1_FLT_IRQHandler                    0x08000293   Thumb Code     0  startup_stm32g474xx.o(.text)
    HRTIM1_Master_IRQHandler                 0x08000293   Thumb Code     0  startup_stm32g474xx.o(.text)
    HRTIM1_TIMA_IRQHandler                   0x08000293   Thumb Code     0  startup_stm32g474xx.o(.text)
    HRTIM1_TIMC_IRQHandler                   0x08000293   Thumb Code     0  startup_stm32g474xx.o(.text)
    HRTIM1_TIMD_IRQHandler                   0x08000293   Thumb Code     0  startup_stm32g474xx.o(.text)
    HRTIM1_TIME_IRQHandler                   0x08000293   Thumb Code     0  startup_stm32g474xx.o(.text)
    HRTIM1_TIMF_IRQHandler                   0x08000293   Thumb Code     0  startup_stm32g474xx.o(.text)
    I2C1_ER_IRQHandler                       0x08000293   Thumb Code     0  startup_stm32g474xx.o(.text)
    I2C1_EV_IRQHandler                       0x08000293   Thumb Code     0  startup_stm32g474xx.o(.text)
    I2C2_ER_IRQHandler                       0x08000293   Thumb Code     0  startup_stm32g474xx.o(.text)
    I2C2_EV_IRQHandler                       0x08000293   Thumb Code     0  startup_stm32g474xx.o(.text)
    I2C3_ER_IRQHandler                       0x08000293   Thumb Code     0  startup_stm32g474xx.o(.text)
    I2C3_EV_IRQHandler                       0x08000293   Thumb Code     0  startup_stm32g474xx.o(.text)
    I2C4_ER_IRQHandler                       0x08000293   Thumb Code     0  startup_stm32g474xx.o(.text)
    I2C4_EV_IRQHandler                       0x08000293   Thumb Code     0  startup_stm32g474xx.o(.text)
    LPTIM1_IRQHandler                        0x08000293   Thumb Code     0  startup_stm32g474xx.o(.text)
    LPUART1_IRQHandler                       0x08000293   Thumb Code     0  startup_stm32g474xx.o(.text)
    PVD_PVM_IRQHandler                       0x08000293   Thumb Code     0  startup_stm32g474xx.o(.text)
    QUADSPI_IRQHandler                       0x08000293   Thumb Code     0  startup_stm32g474xx.o(.text)
    RCC_IRQHandler                           0x08000293   Thumb Code     0  startup_stm32g474xx.o(.text)
    RNG_IRQHandler                           0x08000293   Thumb Code     0  startup_stm32g474xx.o(.text)
    RTC_Alarm_IRQHandler                     0x08000293   Thumb Code     0  startup_stm32g474xx.o(.text)
    RTC_TAMP_LSECSS_IRQHandler               0x08000293   Thumb Code     0  startup_stm32g474xx.o(.text)
    RTC_WKUP_IRQHandler                      0x08000293   Thumb Code     0  startup_stm32g474xx.o(.text)
    SAI1_IRQHandler                          0x08000293   Thumb Code     0  startup_stm32g474xx.o(.text)
    SPI1_IRQHandler                          0x08000293   Thumb Code     0  startup_stm32g474xx.o(.text)
    SPI2_IRQHandler                          0x08000293   Thumb Code     0  startup_stm32g474xx.o(.text)
    SPI3_IRQHandler                          0x08000293   Thumb Code     0  startup_stm32g474xx.o(.text)
    SPI4_IRQHandler                          0x08000293   Thumb Code     0  startup_stm32g474xx.o(.text)
    TIM20_BRK_IRQHandler                     0x08000293   Thumb Code     0  startup_stm32g474xx.o(.text)
    TIM20_CC_IRQHandler                      0x08000293   Thumb Code     0  startup_stm32g474xx.o(.text)
    TIM20_TRG_COM_IRQHandler                 0x08000293   Thumb Code     0  startup_stm32g474xx.o(.text)
    TIM20_UP_IRQHandler                      0x08000293   Thumb Code     0  startup_stm32g474xx.o(.text)
    TIM2_IRQHandler                          0x08000293   Thumb Code     0  startup_stm32g474xx.o(.text)
    TIM3_IRQHandler                          0x08000293   Thumb Code     0  startup_stm32g474xx.o(.text)
    TIM4_IRQHandler                          0x08000293   Thumb Code     0  startup_stm32g474xx.o(.text)
    TIM5_IRQHandler                          0x08000293   Thumb Code     0  startup_stm32g474xx.o(.text)
    TIM7_DAC_IRQHandler                      0x08000293   Thumb Code     0  startup_stm32g474xx.o(.text)
    TIM8_BRK_IRQHandler                      0x08000293   Thumb Code     0  startup_stm32g474xx.o(.text)
    TIM8_CC_IRQHandler                       0x08000293   Thumb Code     0  startup_stm32g474xx.o(.text)
    TIM8_TRG_COM_IRQHandler                  0x08000293   Thumb Code     0  startup_stm32g474xx.o(.text)
    TIM8_UP_IRQHandler                       0x08000293   Thumb Code     0  startup_stm32g474xx.o(.text)
    UART4_IRQHandler                         0x08000293   Thumb Code     0  startup_stm32g474xx.o(.text)
    UART5_IRQHandler                         0x08000293   Thumb Code     0  startup_stm32g474xx.o(.text)
    UCPD1_IRQHandler                         0x08000293   Thumb Code     0  startup_stm32g474xx.o(.text)
    USART1_IRQHandler                        0x08000293   Thumb Code     0  startup_stm32g474xx.o(.text)
    USART2_IRQHandler                        0x08000293   Thumb Code     0  startup_stm32g474xx.o(.text)
    USART3_IRQHandler                        0x08000293   Thumb Code     0  startup_stm32g474xx.o(.text)
    USBWakeUp_IRQHandler                     0x08000293   Thumb Code     0  startup_stm32g474xx.o(.text)
    USB_HP_IRQHandler                        0x08000293   Thumb Code     0  startup_stm32g474xx.o(.text)
    USB_LP_IRQHandler                        0x08000293   Thumb Code     0  startup_stm32g474xx.o(.text)
    WWDG_IRQHandler                          0x08000293   Thumb Code     0  startup_stm32g474xx.o(.text)
    __user_initial_stackheap                 0x08000295   Thumb Code     0  startup_stm32g474xx.o(.text)
    __aeabi_memclr4                          0x080002b9   Thumb Code     0  rt_memclr_w.o(.text)
    __aeabi_memclr8                          0x080002b9   Thumb Code     0  rt_memclr_w.o(.text)
    __rt_memclr_w                            0x080002b9   Thumb Code    78  rt_memclr_w.o(.text)
    _memset_w                                0x080002bd   Thumb Code     0  rt_memclr_w.o(.text)
    __use_two_region_memory                  0x08000307   Thumb Code     2  heapauxi.o(.text)
    __rt_heap_escrow$2region                 0x08000309   Thumb Code     2  heapauxi.o(.text)
    __rt_heap_expand$2region                 0x0800030b   Thumb Code     2  heapauxi.o(.text)
    __user_libspace                          0x0800030d   Thumb Code     8  libspace.o(.text)
    __user_perproc_libspace                  0x0800030d   Thumb Code     0  libspace.o(.text)
    __user_perthread_libspace                0x0800030d   Thumb Code     0  libspace.o(.text)
    __user_setup_stackheap                   0x08000315   Thumb Code    74  sys_stackheap_outer.o(.text)
    exit                                     0x0800035f   Thumb Code    18  exit.o(.text)
    _sys_exit                                0x08000371   Thumb Code     8  sys_exit.o(.text)
    __I$use$semihosting                      0x0800037d   Thumb Code     0  use_no_semi.o(.text)
    __use_no_semihosting_swi                 0x0800037d   Thumb Code     2  use_no_semi.o(.text)
    __semihosting_library_function           0x0800037f   Thumb Code     0  indicate_semi.o(.text)
    ADC1_2_IRQHandler                        0x08000381   Thumb Code     6  stm32g4xx_it.o(i.ADC1_2_IRQHandler)
    ADC_Disable                              0x0800038d   Thumb Code   106  stm32g4xx_hal_adc.o(i.ADC_Disable)
    ADC_Enable                               0x080003fd   Thumb Code   110  stm32g4xx_hal_adc.o(i.ADC_Enable)
    BusFault_Handler                         0x08000471   Thumb Code     2  stm32g4xx_it.o(i.BusFault_Handler)
    CAN_Init                                 0x08000475   Thumb Code    90  dcdc.o(i.CAN_Init)
    CAN_Transmit                             0x080004d9   Thumb Code   106  dcdc.o(i.CAN_Transmit)
    Cap_Init                                 0x08000555   Thumb Code   258  dcdc.o(i.Cap_Init)
    DCDC_CALLBACK                            0x0800068d   Thumb Code   642  dcdc.o(i.DCDC_CALLBACK)
    DebugMon_Handler                         0x080009cd   Thumb Code     2  stm32g4xx_it.o(i.DebugMon_Handler)
    Error_Handler                            0x080009cf   Thumb Code     4  main.o(i.Error_Handler)
    FDCAN2_IT0_IRQHandler                    0x080009d5   Thumb Code     6  stm32g4xx_it.o(i.FDCAN2_IT0_IRQHandler)
    FDCAN2_IT1_IRQHandler                    0x080009e1   Thumb Code     6  stm32g4xx_it.o(i.FDCAN2_IT1_IRQHandler)
    HAL_ADCEx_Calibration_Start              0x08000a5d   Thumb Code   138  stm32g4xx_hal_adc_ex.o(i.HAL_ADCEx_Calibration_Start)
    HAL_ADCEx_EndOfSamplingCallback          0x08000af1   Thumb Code     2  stm32g4xx_hal_adc_ex.o(i.HAL_ADCEx_EndOfSamplingCallback)
    HAL_ADCEx_InjectedConfigChannel          0x08000af5   Thumb Code  1300  stm32g4xx_hal_adc_ex.o(i.HAL_ADCEx_InjectedConfigChannel)
    HAL_ADCEx_InjectedConvCpltCallback       0x0800103d   Thumb Code   638  dcdc.o(i.HAL_ADCEx_InjectedConvCpltCallback)
    HAL_ADCEx_InjectedQueueOverflowCallback  0x08001309   Thumb Code     2  stm32g4xx_hal_adc_ex.o(i.HAL_ADCEx_InjectedQueueOverflowCallback)
    HAL_ADCEx_InjectedStart                  0x0800130d   Thumb Code   262  stm32g4xx_hal_adc_ex.o(i.HAL_ADCEx_InjectedStart)
    HAL_ADCEx_LevelOutOfWindow2Callback      0x0800142d   Thumb Code     2  stm32g4xx_hal_adc_ex.o(i.HAL_ADCEx_LevelOutOfWindow2Callback)
    HAL_ADCEx_LevelOutOfWindow3Callback      0x0800142f   Thumb Code     2  stm32g4xx_hal_adc_ex.o(i.HAL_ADCEx_LevelOutOfWindow3Callback)
    HAL_ADCEx_MultiModeConfigChannel         0x08001431   Thumb Code   312  stm32g4xx_hal_adc_ex.o(i.HAL_ADCEx_MultiModeConfigChannel)
    HAL_ADC_ConvCpltCallback                 0x08001581   Thumb Code     2  stm32g4xx_hal_adc.o(i.HAL_ADC_ConvCpltCallback)
    HAL_ADC_ErrorCallback                    0x08001583   Thumb Code     2  stm32g4xx_hal_adc.o(i.HAL_ADC_ErrorCallback)
    HAL_ADC_IRQHandler                       0x08001585   Thumb Code   674  stm32g4xx_hal_adc.o(i.HAL_ADC_IRQHandler)
    HAL_ADC_Init                             0x0800183d   Thumb Code   518  stm32g4xx_hal_adc.o(i.HAL_ADC_Init)
    HAL_ADC_LevelOutOfWindowCallback         0x08001a75   Thumb Code     2  stm32g4xx_hal_adc.o(i.HAL_ADC_LevelOutOfWindowCallback)
    HAL_ADC_MspInit                          0x08001a79   Thumb Code   176  adc.o(i.HAL_ADC_MspInit)
    HAL_DMA_Init                             0x08001b35   Thumb Code   178  stm32g4xx_hal_dma.o(i.HAL_DMA_Init)
    HAL_Delay                                0x08001bf5   Thumb Code    32  stm32g4xx_hal.o(i.HAL_Delay)
    HAL_FDCAN_ActivateNotification           0x08001c19   Thumb Code   224  stm32g4xx_hal_fdcan.o(i.HAL_FDCAN_ActivateNotification)
    HAL_FDCAN_AddMessageToTxFifoQ            0x08001cf9   Thumb Code    74  stm32g4xx_hal_fdcan.o(i.HAL_FDCAN_AddMessageToTxFifoQ)
    HAL_FDCAN_ConfigFilter                   0x08001d43   Thumb Code    92  stm32g4xx_hal_fdcan.o(i.HAL_FDCAN_ConfigFilter)
    HAL_FDCAN_ErrorCallback                  0x08001d9f   Thumb Code     2  stm32g4xx_hal_fdcan.o(i.HAL_FDCAN_ErrorCallback)
    HAL_FDCAN_ErrorStatusCallback            0x08001da1   Thumb Code     2  stm32g4xx_hal_fdcan.o(i.HAL_FDCAN_ErrorStatusCallback)
    HAL_FDCAN_GetRxMessage                   0x08001da5   Thumb Code   230  stm32g4xx_hal_fdcan.o(i.HAL_FDCAN_GetRxMessage)
    HAL_FDCAN_HighPriorityMessageCallback    0x08001e91   Thumb Code     2  stm32g4xx_hal_fdcan.o(i.HAL_FDCAN_HighPriorityMessageCallback)
    HAL_FDCAN_IRQHandler                     0x08001e93   Thumb Code   352  stm32g4xx_hal_fdcan.o(i.HAL_FDCAN_IRQHandler)
    HAL_FDCAN_Init                           0x08001ff5   Thumb Code   510  stm32g4xx_hal_fdcan.o(i.HAL_FDCAN_Init)
    HAL_FDCAN_MspInit                        0x0800220d   Thumb Code   148  fdcan.o(i.HAL_FDCAN_MspInit)
    HAL_FDCAN_RxFifo0Callback                0x080022ad   Thumb Code    72  dcdc.o(i.HAL_FDCAN_RxFifo0Callback)
    HAL_FDCAN_RxFifo1Callback                0x08002301   Thumb Code     2  stm32g4xx_hal_fdcan.o(i.HAL_FDCAN_RxFifo1Callback)
    HAL_FDCAN_Start                          0x08002303   Thumb Code    44  stm32g4xx_hal_fdcan.o(i.HAL_FDCAN_Start)
    HAL_FDCAN_TimeoutOccurredCallback        0x0800232f   Thumb Code     2  stm32g4xx_hal_fdcan.o(i.HAL_FDCAN_TimeoutOccurredCallback)
    HAL_FDCAN_TimestampWraparoundCallback    0x08002331   Thumb Code     2  stm32g4xx_hal_fdcan.o(i.HAL_FDCAN_TimestampWraparoundCallback)
    HAL_FDCAN_TxBufferAbortCallback          0x08002333   Thumb Code     2  stm32g4xx_hal_fdcan.o(i.HAL_FDCAN_TxBufferAbortCallback)
    HAL_FDCAN_TxBufferCompleteCallback       0x08002335   Thumb Code     2  stm32g4xx_hal_fdcan.o(i.HAL_FDCAN_TxBufferCompleteCallback)
    HAL_FDCAN_TxEventFifoCallback            0x08002337   Thumb Code     2  stm32g4xx_hal_fdcan.o(i.HAL_FDCAN_TxEventFifoCallback)
    HAL_FDCAN_TxFifoEmptyCallback            0x08002339   Thumb Code     2  stm32g4xx_hal_fdcan.o(i.HAL_FDCAN_TxFifoEmptyCallback)
    HAL_GPIO_Init                            0x0800233d   Thumb Code   400  stm32g4xx_hal_gpio.o(i.HAL_GPIO_Init)
    HAL_GPIO_WritePin                        0x080024ed   Thumb Code    10  stm32g4xx_hal_gpio.o(i.HAL_GPIO_WritePin)
    HAL_GetTick                              0x080024f9   Thumb Code     6  stm32g4xx_hal.o(i.HAL_GetTick)
    HAL_HRTIM_ADCPostScalerConfig            0x08002505   Thumb Code   250  stm32g4xx_hal_hrtim.o(i.HAL_HRTIM_ADCPostScalerConfig)
    HAL_HRTIM_ADCTriggerConfig               0x080025ff   Thumb Code   544  stm32g4xx_hal_hrtim.o(i.HAL_HRTIM_ADCTriggerConfig)
    HAL_HRTIM_BurstModePeriodCallback        0x0800281f   Thumb Code     2  stm32g4xx_hal_hrtim.o(i.HAL_HRTIM_BurstModePeriodCallback)
    HAL_HRTIM_Capture1EventCallback          0x08002821   Thumb Code     2  stm32g4xx_hal_hrtim.o(i.HAL_HRTIM_Capture1EventCallback)
    HAL_HRTIM_Capture2EventCallback          0x08002823   Thumb Code     2  stm32g4xx_hal_hrtim.o(i.HAL_HRTIM_Capture2EventCallback)
    HAL_HRTIM_Compare1EventCallback          0x08002825   Thumb Code     2  stm32g4xx_hal_hrtim.o(i.HAL_HRTIM_Compare1EventCallback)
    HAL_HRTIM_Compare2EventCallback          0x08002827   Thumb Code     2  stm32g4xx_hal_hrtim.o(i.HAL_HRTIM_Compare2EventCallback)
    HAL_HRTIM_Compare3EventCallback          0x08002829   Thumb Code     2  stm32g4xx_hal_hrtim.o(i.HAL_HRTIM_Compare3EventCallback)
    HAL_HRTIM_Compare4EventCallback          0x0800282b   Thumb Code     2  stm32g4xx_hal_hrtim.o(i.HAL_HRTIM_Compare4EventCallback)
    HAL_HRTIM_CounterResetCallback           0x0800282d   Thumb Code     2  stm32g4xx_hal_hrtim.o(i.HAL_HRTIM_CounterResetCallback)
    HAL_HRTIM_DLLCalibrationReadyCallback    0x0800282f   Thumb Code     2  stm32g4xx_hal_hrtim.o(i.HAL_HRTIM_DLLCalibrationReadyCallback)
    HAL_HRTIM_DLLCalibrationStart            0x08002831   Thumb Code    98  stm32g4xx_hal_hrtim.o(i.HAL_HRTIM_DLLCalibrationStart)
    HAL_HRTIM_DeadTimeConfig                 0x08002895   Thumb Code   136  stm32g4xx_hal_hrtim.o(i.HAL_HRTIM_DeadTimeConfig)
    HAL_HRTIM_DelayedProtectionCallback      0x08002921   Thumb Code     2  stm32g4xx_hal_hrtim.o(i.HAL_HRTIM_DelayedProtectionCallback)
    HAL_HRTIM_Fault1Callback                 0x08002923   Thumb Code     2  stm32g4xx_hal_hrtim.o(i.HAL_HRTIM_Fault1Callback)
    HAL_HRTIM_Fault2Callback                 0x08002925   Thumb Code     2  stm32g4xx_hal_hrtim.o(i.HAL_HRTIM_Fault2Callback)
    HAL_HRTIM_Fault3Callback                 0x08002927   Thumb Code     2  stm32g4xx_hal_hrtim.o(i.HAL_HRTIM_Fault3Callback)
    HAL_HRTIM_Fault4Callback                 0x08002929   Thumb Code     2  stm32g4xx_hal_hrtim.o(i.HAL_HRTIM_Fault4Callback)
    HAL_HRTIM_Fault5Callback                 0x0800292b   Thumb Code     2  stm32g4xx_hal_hrtim.o(i.HAL_HRTIM_Fault5Callback)
    HAL_HRTIM_Fault6Callback                 0x0800292d   Thumb Code     2  stm32g4xx_hal_hrtim.o(i.HAL_HRTIM_Fault6Callback)
    HAL_HRTIM_IRQHandler                     0x0800292f   Thumb Code    20  stm32g4xx_hal_hrtim.o(i.HAL_HRTIM_IRQHandler)
    HAL_HRTIM_Init                           0x08002945   Thumb Code   182  stm32g4xx_hal_hrtim.o(i.HAL_HRTIM_Init)
    HAL_HRTIM_MspInit                        0x08002a05   Thumb Code    50  hrtim.o(i.HAL_HRTIM_MspInit)
    HAL_HRTIM_MspPostInit                    0x08002a41   Thumb Code    76  hrtim.o(i.HAL_HRTIM_MspPostInit)
    HAL_HRTIM_Output1ResetCallback           0x08002a95   Thumb Code     2  stm32g4xx_hal_hrtim.o(i.HAL_HRTIM_Output1ResetCallback)
    HAL_HRTIM_Output1SetCallback             0x08002a97   Thumb Code     2  stm32g4xx_hal_hrtim.o(i.HAL_HRTIM_Output1SetCallback)
    HAL_HRTIM_Output2ResetCallback           0x08002a99   Thumb Code     2  stm32g4xx_hal_hrtim.o(i.HAL_HRTIM_Output2ResetCallback)
    HAL_HRTIM_Output2SetCallback             0x08002a9b   Thumb Code     2  stm32g4xx_hal_hrtim.o(i.HAL_HRTIM_Output2SetCallback)
    HAL_HRTIM_PollForDLLCalibration          0x08002a9d   Thumb Code    66  stm32g4xx_hal_hrtim.o(i.HAL_HRTIM_PollForDLLCalibration)
    HAL_HRTIM_RegistersUpdateCallback        0x08002adf   Thumb Code     2  stm32g4xx_hal_hrtim.o(i.HAL_HRTIM_RegistersUpdateCallback)
    HAL_HRTIM_RepetitionEventCallback        0x08002ae1   Thumb Code     2  stm32g4xx_hal_hrtim.o(i.HAL_HRTIM_RepetitionEventCallback)
    HAL_HRTIM_SynchronizationEventCallback   0x08002ae3   Thumb Code     2  stm32g4xx_hal_hrtim.o(i.HAL_HRTIM_SynchronizationEventCallback)
    HAL_HRTIM_SystemFaultCallback            0x08002ae5   Thumb Code     2  stm32g4xx_hal_hrtim.o(i.HAL_HRTIM_SystemFaultCallback)
    HAL_HRTIM_TimeBaseConfig                 0x08002ae7   Thumb Code   122  stm32g4xx_hal_hrtim.o(i.HAL_HRTIM_TimeBaseConfig)
    HAL_HRTIM_WaveformCompareConfig          0x08002b61   Thumb Code   296  stm32g4xx_hal_hrtim.o(i.HAL_HRTIM_WaveformCompareConfig)
    HAL_HRTIM_WaveformCountStart             0x08002c89   Thumb Code    44  stm32g4xx_hal_hrtim.o(i.HAL_HRTIM_WaveformCountStart)
    HAL_HRTIM_WaveformOutputConfig           0x08002cb5   Thumb Code    54  stm32g4xx_hal_hrtim.o(i.HAL_HRTIM_WaveformOutputConfig)
    HAL_HRTIM_WaveformOutputStart            0x08002ceb   Thumb Code    48  stm32g4xx_hal_hrtim.o(i.HAL_HRTIM_WaveformOutputStart)
    HAL_HRTIM_WaveformTimerConfig            0x08002d1b   Thumb Code   144  stm32g4xx_hal_hrtim.o(i.HAL_HRTIM_WaveformTimerConfig)
    HAL_HRTIM_WaveformTimerControl           0x08002dab   Thumb Code   132  stm32g4xx_hal_hrtim.o(i.HAL_HRTIM_WaveformTimerControl)
    HAL_IncTick                              0x08002e31   Thumb Code    12  stm32g4xx_hal.o(i.HAL_IncTick)
    HAL_Init                                 0x08002e41   Thumb Code    30  stm32g4xx_hal.o(i.HAL_Init)
    HAL_InitTick                             0x08002e61   Thumb Code    58  stm32g4xx_hal.o(i.HAL_InitTick)
    HAL_MspInit                              0x08002ea5   Thumb Code    54  stm32g4xx_hal_msp.o(i.HAL_MspInit)
    HAL_NVIC_EnableIRQ                       0x08002ee1   Thumb Code    26  stm32g4xx_hal_cortex.o(i.HAL_NVIC_EnableIRQ)
    HAL_NVIC_SetPriority                     0x08002efd   Thumb Code    60  stm32g4xx_hal_cortex.o(i.HAL_NVIC_SetPriority)
    HAL_NVIC_SetPriorityGrouping             0x08002f3d   Thumb Code    26  stm32g4xx_hal_cortex.o(i.HAL_NVIC_SetPriorityGrouping)
    HAL_PWREx_ControlVoltageScaling          0x08002f61   Thumb Code   174  stm32g4xx_hal_pwr_ex.o(i.HAL_PWREx_ControlVoltageScaling)
    HAL_PWREx_DisableUCPDDeadBattery         0x0800301d   Thumb Code    12  stm32g4xx_hal_pwr_ex.o(i.HAL_PWREx_DisableUCPDDeadBattery)
    HAL_RCCEx_PeriphCLKConfig                0x0800302d   Thumb Code   782  stm32g4xx_hal_rcc_ex.o(i.HAL_RCCEx_PeriphCLKConfig)
    HAL_RCC_ClockConfig                      0x08003345   Thumb Code   442  stm32g4xx_hal_rcc.o(i.HAL_RCC_ClockConfig)
    HAL_RCC_GetSysClockFreq                  0x08003521   Thumb Code    98  stm32g4xx_hal_rcc.o(i.HAL_RCC_GetSysClockFreq)
    HAL_RCC_OscConfig                        0x08003591   Thumb Code  1024  stm32g4xx_hal_rcc.o(i.HAL_RCC_OscConfig)
    HAL_SYSCFG_DisableVREFBUF                0x08003991   Thumb Code    12  stm32g4xx_hal.o(i.HAL_SYSCFG_DisableVREFBUF)
    HAL_SYSCFG_VREFBUF_HighImpedanceConfig   0x080039a1   Thumb Code    14  stm32g4xx_hal.o(i.HAL_SYSCFG_VREFBUF_HighImpedanceConfig)
    HAL_SYSTICK_Config                       0x080039b5   Thumb Code    40  stm32g4xx_hal_cortex.o(i.HAL_SYSTICK_Config)
    HAL_TIMEx_Break2Callback                 0x080039dd   Thumb Code     2  stm32g4xx_hal_tim_ex.o(i.HAL_TIMEx_Break2Callback)
    HAL_TIMEx_BreakCallback                  0x080039df   Thumb Code     2  stm32g4xx_hal_tim_ex.o(i.HAL_TIMEx_BreakCallback)
    HAL_TIMEx_CommutCallback                 0x080039e1   Thumb Code     2  stm32g4xx_hal_tim_ex.o(i.HAL_TIMEx_CommutCallback)
    HAL_TIMEx_ConfigBreakDeadTime            0x080039e5   Thumb Code   192  stm32g4xx_hal_tim_ex.o(i.HAL_TIMEx_ConfigBreakDeadTime)
    HAL_TIMEx_DirectionChangeCallback        0x08003ab1   Thumb Code     2  stm32g4xx_hal_tim_ex.o(i.HAL_TIMEx_DirectionChangeCallback)
    HAL_TIMEx_EnableDeadTimePreload          0x08003ab3   Thumb Code    14  stm32g4xx_hal_tim_ex.o(i.HAL_TIMEx_EnableDeadTimePreload)
    HAL_TIMEx_EncoderIndexCallback           0x08003ac1   Thumb Code     2  stm32g4xx_hal_tim_ex.o(i.HAL_TIMEx_EncoderIndexCallback)
    HAL_TIMEx_IndexErrorCallback             0x08003ac3   Thumb Code     2  stm32g4xx_hal_tim_ex.o(i.HAL_TIMEx_IndexErrorCallback)
    HAL_TIMEx_MasterConfigSynchronization    0x08003ac5   Thumb Code   150  stm32g4xx_hal_tim_ex.o(i.HAL_TIMEx_MasterConfigSynchronization)
    HAL_TIMEx_PWMN_Start                     0x08003b7d   Thumb Code   176  stm32g4xx_hal_tim_ex.o(i.HAL_TIMEx_PWMN_Start)
    HAL_TIMEx_TransitionErrorCallback        0x08003c4d   Thumb Code     2  stm32g4xx_hal_tim_ex.o(i.HAL_TIMEx_TransitionErrorCallback)
    HAL_TIM_Base_Init                        0x08003c4f   Thumb Code    98  stm32g4xx_hal_tim.o(i.HAL_TIM_Base_Init)
    HAL_TIM_Base_MspInit                     0x08003cb1   Thumb Code   134  tim.o(i.HAL_TIM_Base_MspInit)
    HAL_TIM_Base_Start_IT                    0x08003d45   Thumb Code   106  stm32g4xx_hal_tim.o(i.HAL_TIM_Base_Start_IT)
    HAL_TIM_ConfigClockSource                0x08003dd1   Thumb Code   236  stm32g4xx_hal_tim.o(i.HAL_TIM_ConfigClockSource)
    HAL_TIM_IC_CaptureCallback               0x08003ec1   Thumb Code     2  stm32g4xx_hal_tim.o(i.HAL_TIM_IC_CaptureCallback)
    HAL_TIM_IRQHandler                       0x08003ec3   Thumb Code   508  stm32g4xx_hal_tim.o(i.HAL_TIM_IRQHandler)
    HAL_TIM_MspPostInit                      0x080040c1   Thumb Code    94  tim.o(i.HAL_TIM_MspPostInit)
    HAL_TIM_OC_DelayElapsedCallback          0x0800412d   Thumb Code     2  stm32g4xx_hal_tim.o(i.HAL_TIM_OC_DelayElapsedCallback)
    HAL_TIM_PWM_ConfigChannel                0x0800412f   Thumb Code   292  stm32g4xx_hal_tim.o(i.HAL_TIM_PWM_ConfigChannel)
    HAL_TIM_PWM_Init                         0x08004253   Thumb Code    98  stm32g4xx_hal_tim.o(i.HAL_TIM_PWM_Init)
    HAL_TIM_PWM_MspInit                      0x080042b5   Thumb Code    50  tim.o(i.HAL_TIM_PWM_MspInit)
    HAL_TIM_PWM_PulseFinishedCallback        0x080042f1   Thumb Code     2  stm32g4xx_hal_tim.o(i.HAL_TIM_PWM_PulseFinishedCallback)
    HAL_TIM_PWM_Start                        0x080042f5   Thumb Code   246  stm32g4xx_hal_tim.o(i.HAL_TIM_PWM_Start)
    HAL_TIM_PeriodElapsedCallback            0x08004415   Thumb Code    30  dcdc.o(i.HAL_TIM_PeriodElapsedCallback)
    HAL_TIM_TriggerCallback                  0x0800443d   Thumb Code     2  stm32g4xx_hal_tim.o(i.HAL_TIM_TriggerCallback)
    HRTIM1_TIMB_IRQHandler                   0x08004441   Thumb Code     8  stm32g4xx_it.o(i.HRTIM1_TIMB_IRQHandler)
    HardFault_Handler                        0x08004acd   Thumb Code     2  stm32g4xx_it.o(i.HardFault_Handler)
    MX_ADC1_Init                             0x08004b49   Thumb Code   230  adc.o(i.MX_ADC1_Init)
    MX_DMA_Init                              0x08004c45   Thumb Code    38  dma.o(i.MX_DMA_Init)
    MX_FDCAN2_Init                           0x08004c71   Thumb Code    72  fdcan.o(i.MX_FDCAN2_Init)
    MX_GPIO_Init                             0x08004cc1   Thumb Code   154  gpio.o(i.MX_GPIO_Init)
    MX_HRTIM1_Init                           0x08004d65   Thumb Code   484  hrtim.o(i.MX_HRTIM1_Init)
    MX_TIM15_Init                            0x08004f51   Thumb Code   166  tim.o(i.MX_TIM15_Init)
    MX_TIM1_Init                             0x08005001   Thumb Code    98  tim.o(i.MX_TIM1_Init)
    MX_TIM6_Init                             0x0800506d   Thumb Code    62  tim.o(i.MX_TIM6_Init)
    MemManage_Handler                        0x080050b5   Thumb Code     2  stm32g4xx_it.o(i.MemManage_Handler)
    NMI_Handler                              0x080050b7   Thumb Code     2  stm32g4xx_it.o(i.NMI_Handler)
    PID_Clear                                0x080050b9   Thumb Code    22  pid.o(i.PID_Clear)
    PID_Init                                 0x080050d5   Thumb Code    26  pid.o(i.PID_Init)
    PID_SetDeadzone                          0x080050f5   Thumb Code     6  pid.o(i.PID_SetDeadzone)
    PID_SingleCalc                           0x080050fd   Thumb Code   232  pid.o(i.PID_SingleCalc)
    PendSV_Handler                           0x080051e9   Thumb Code     2  stm32g4xx_it.o(i.PendSV_Handler)
    SVC_Handler                              0x080051eb   Thumb Code     2  stm32g4xx_it.o(i.SVC_Handler)
    SysTick_Handler                          0x080051ed   Thumb Code     4  stm32g4xx_it.o(i.SysTick_Handler)
    SystemClock_Config                       0x080051f1   Thumb Code   102  main.o(i.SystemClock_Config)
    SystemInit                               0x08005259   Thumb Code    12  system_stm32g4xx.o(i.SystemInit)
    TIM1_BRK_TIM15_IRQHandler                0x08005269   Thumb Code    18  stm32g4xx_it.o(i.TIM1_BRK_TIM15_IRQHandler)
    TIM1_CC_IRQHandler                       0x08005285   Thumb Code     6  stm32g4xx_it.o(i.TIM1_CC_IRQHandler)
    TIM1_TRG_COM_TIM17_IRQHandler            0x08005291   Thumb Code     6  stm32g4xx_it.o(i.TIM1_TRG_COM_TIM17_IRQHandler)
    TIM1_UP_TIM16_IRQHandler                 0x0800529d   Thumb Code     6  stm32g4xx_it.o(i.TIM1_UP_TIM16_IRQHandler)
    TIM6_DAC_IRQHandler                      0x080052a9   Thumb Code     6  stm32g4xx_it.o(i.TIM6_DAC_IRQHandler)
    TIM_Base_SetConfig                       0x080052b5   Thumb Code   176  stm32g4xx_hal_tim.o(i.TIM_Base_SetConfig)
    TIM_CCxChannelCmd                        0x08005389   Thumb Code    26  stm32g4xx_hal_tim.o(i.TIM_CCxChannelCmd)
    TIM_ETR_SetConfig                        0x080053bd   Thumb Code    20  stm32g4xx_hal_tim.o(i.TIM_ETR_SetConfig)
    TIM_OC2_SetConfig                        0x08005491   Thumb Code   132  stm32g4xx_hal_tim.o(i.TIM_OC2_SetConfig)
    UsageFault_Handler                       0x080057ab   Thumb Code     2  stm32g4xx_it.o(i.UsageFault_Handler)
    main                                     0x080057cd   Thumb Code    46  main.o(i.main)
    _fp_init                                 0x080057fb   Thumb Code    10  fpinit.o(x$fpl$fpinit)
    __fplib_config_fpu_vfp                   0x08005803   Thumb Code     0  fpinit.o(x$fpl$fpinit)
    __fplib_config_pureend_doubles           0x08005803   Thumb Code     0  fpinit.o(x$fpl$fpinit)
    AHBPrescTable                            0x08005814   Data          16  system_stm32g4xx.o(.constdata)
    Region$$Table$$Base                      0x08005824   Number         0  anon$$obj.o(Region$$Table)
    Region$$Table$$Limit                     0x08005844   Number         0  anon$$obj.o(Region$$Table)
    Automode_Stage                           0x20000000   Data           1  dcdc.o(.data)
    cap_overVoltage_state                    0x20000001   Data           1  dcdc.o(.data)
    cap_lowVoltage_state                     0x20000002   Data           1  dcdc.o(.data)
    Power_Buffer                             0x20000004   Data           4  dcdc.o(.data)
    target_Bus_Current                       0x20000008   Data           4  dcdc.o(.data)
    TxData                                   0x2000000c   Data           8  dcdc.o(.data)
    RxData                                   0x20000014   Data           8  dcdc.o(.data)
    adc                                      0x2000001c   Data           8  dcdc.o(.data)
    uwTickPrio                               0x20000024   Data           4  stm32g4xx_hal.o(.data)
    uwTickFreq                               0x20000028   Data           4  stm32g4xx_hal.o(.data)
    uwTick                                   0x2000002c   Data           4  stm32g4xx_hal.o(.data)
    SystemCoreClock                          0x20000030   Data           4  system_stm32g4xx.o(.data)
    currentloop                              0x20000034   Data          36  dcdc.o(.bss)
    dcdcstage                                0x20000058   Data          20  dcdc.o(.bss)
    dcdcmode                                 0x2000006c   Data         148  dcdc.o(.bss)
    TxHeader1                                0x20000100   Data          36  dcdc.o(.bss)
    RxHeader                                 0x20000124   Data          40  dcdc.o(.bss)
    hadc1                                    0x2000014c   Data         108  adc.o(.bss)
    hdma_adc1                                0x200001b8   Data          96  adc.o(.bss)
    hfdcan2                                  0x20000218   Data         100  fdcan.o(.bss)
    hhrtim1                                  0x2000027c   Data         252  hrtim.o(.bss)
    htim1                                    0x20000378   Data          76  tim.o(.bss)
    htim6                                    0x200003c4   Data          76  tim.o(.bss)
    htim15                                   0x20000410   Data          76  tim.o(.bss)
    __libspace_start                         0x2000045c   Data          96  libspace.o(.bss)
    __temporary_stack_top$libspace           0x200004bc   Data           0  libspace.o(.bss)



==============================================================================

Memory Map of the image

  Image Entry point : 0x080001d9

  Load Region LR_IROM1 (Base: 0x08000000, Size: 0x00005878, Max: 0x00020000, ABSOLUTE)

    Execution Region ER_IROM1 (Exec base: 0x08000000, Load base: 0x08000000, Size: 0x00005844, Max: 0x00020000, ABSOLUTE)

    Exec Addr    Load Addr    Size         Type   Attr      Idx    E Section Name        Object

    0x08000000   0x08000000   0x000001d8   Data   RO            3    RESET               startup_stm32g474xx.o
    0x080001d8   0x080001d8   0x00000008   Code   RO        10732  * !!!main             c_w.l(__main.o)
    0x080001e0   0x080001e0   0x00000034   Code   RO        11106    !!!scatter          c_w.l(__scatter.o)
    0x08000214   0x08000214   0x0000001a   Code   RO        11108    !!handler_copy      c_w.l(__scatter_copy.o)
    0x0800022e   0x0800022e   0x00000002   PAD
    0x08000230   0x08000230   0x0000001c   Code   RO        11110    !!handler_zi        c_w.l(__scatter_zi.o)
    0x0800024c   0x0800024c   0x00000002   Code   RO        10977    .ARM.Collect$$libinit$$00000000  c_w.l(libinit.o)
    0x0800024e   0x0800024e   0x00000004   Code   RO        10986    .ARM.Collect$$libinit$$00000001  c_w.l(libinit2.o)
    0x08000252   0x08000252   0x00000000   Code   RO        10989    .ARM.Collect$$libinit$$00000004  c_w.l(libinit2.o)
    0x08000252   0x08000252   0x00000000   Code   RO        10992    .ARM.Collect$$libinit$$0000000A  c_w.l(libinit2.o)
    0x08000252   0x08000252   0x00000000   Code   RO        10994    .ARM.Collect$$libinit$$0000000C  c_w.l(libinit2.o)
    0x08000252   0x08000252   0x00000000   Code   RO        10996    .ARM.Collect$$libinit$$0000000E  c_w.l(libinit2.o)
    0x08000252   0x08000252   0x00000000   Code   RO        10999    .ARM.Collect$$libinit$$00000011  c_w.l(libinit2.o)
    0x08000252   0x08000252   0x00000000   Code   RO        11001    .ARM.Collect$$libinit$$00000013  c_w.l(libinit2.o)
    0x08000252   0x08000252   0x00000000   Code   RO        11003    .ARM.Collect$$libinit$$00000015  c_w.l(libinit2.o)
    0x08000252   0x08000252   0x00000000   Code   RO        11005    .ARM.Collect$$libinit$$00000017  c_w.l(libinit2.o)
    0x08000252   0x08000252   0x00000000   Code   RO        11007    .ARM.Collect$$libinit$$00000019  c_w.l(libinit2.o)
    0x08000252   0x08000252   0x00000000   Code   RO        11009    .ARM.Collect$$libinit$$0000001B  c_w.l(libinit2.o)
    0x08000252   0x08000252   0x00000000   Code   RO        11011    .ARM.Collect$$libinit$$0000001D  c_w.l(libinit2.o)
    0x08000252   0x08000252   0x00000000   Code   RO        11013    .ARM.Collect$$libinit$$0000001F  c_w.l(libinit2.o)
    0x08000252   0x08000252   0x00000000   Code   RO        11015    .ARM.Collect$$libinit$$00000021  c_w.l(libinit2.o)
    0x08000252   0x08000252   0x00000000   Code   RO        11017    .ARM.Collect$$libinit$$00000023  c_w.l(libinit2.o)
    0x08000252   0x08000252   0x00000000   Code   RO        11019    .ARM.Collect$$libinit$$00000025  c_w.l(libinit2.o)
    0x08000252   0x08000252   0x00000000   Code   RO        11023    .ARM.Collect$$libinit$$0000002C  c_w.l(libinit2.o)
    0x08000252   0x08000252   0x00000000   Code   RO        11025    .ARM.Collect$$libinit$$0000002E  c_w.l(libinit2.o)
    0x08000252   0x08000252   0x00000000   Code   RO        11027    .ARM.Collect$$libinit$$00000030  c_w.l(libinit2.o)
    0x08000252   0x08000252   0x00000000   Code   RO        11029    .ARM.Collect$$libinit$$00000032  c_w.l(libinit2.o)
    0x08000252   0x08000252   0x00000002   Code   RO        11030    .ARM.Collect$$libinit$$00000033  c_w.l(libinit2.o)
    0x08000254   0x08000254   0x00000002   Code   RO        11061    .ARM.Collect$$libshutdown$$00000000  c_w.l(libshutdown.o)
    0x08000256   0x08000256   0x00000000   Code   RO        11087    .ARM.Collect$$libshutdown$$00000002  c_w.l(libshutdown2.o)
    0x08000256   0x08000256   0x00000000   Code   RO        11089    .ARM.Collect$$libshutdown$$00000004  c_w.l(libshutdown2.o)
    0x08000256   0x08000256   0x00000000   Code   RO        11091    .ARM.Collect$$libshutdown$$00000006  c_w.l(libshutdown2.o)
    0x08000256   0x08000256   0x00000000   Code   RO        11094    .ARM.Collect$$libshutdown$$00000009  c_w.l(libshutdown2.o)
    0x08000256   0x08000256   0x00000000   Code   RO        11097    .ARM.Collect$$libshutdown$$0000000C  c_w.l(libshutdown2.o)
    0x08000256   0x08000256   0x00000000   Code   RO        11099    .ARM.Collect$$libshutdown$$0000000E  c_w.l(libshutdown2.o)
    0x08000256   0x08000256   0x00000000   Code   RO        11102    .ARM.Collect$$libshutdown$$00000011  c_w.l(libshutdown2.o)
    0x08000256   0x08000256   0x00000002   Code   RO        11103    .ARM.Collect$$libshutdown$$00000012  c_w.l(libshutdown2.o)
    0x08000258   0x08000258   0x00000000   Code   RO        10878    .ARM.Collect$$rtentry$$00000000  c_w.l(__rtentry.o)
    0x08000258   0x08000258   0x00000000   Code   RO        10940    .ARM.Collect$$rtentry$$00000002  c_w.l(__rtentry2.o)
    0x08000258   0x08000258   0x00000006   Code   RO        10952    .ARM.Collect$$rtentry$$00000004  c_w.l(__rtentry4.o)
    0x0800025e   0x0800025e   0x00000000   Code   RO        10942    .ARM.Collect$$rtentry$$00000009  c_w.l(__rtentry2.o)
    0x0800025e   0x0800025e   0x00000004   Code   RO        10943    .ARM.Collect$$rtentry$$0000000A  c_w.l(__rtentry2.o)
    0x08000262   0x08000262   0x00000000   Code   RO        10945    .ARM.Collect$$rtentry$$0000000C  c_w.l(__rtentry2.o)
    0x08000262   0x08000262   0x00000008   Code   RO        10946    .ARM.Collect$$rtentry$$0000000D  c_w.l(__rtentry2.o)
    0x0800026a   0x0800026a   0x00000002   Code   RO        10978    .ARM.Collect$$rtexit$$00000000  c_w.l(rtexit.o)
    0x0800026c   0x0800026c   0x00000000   Code   RO        11034    .ARM.Collect$$rtexit$$00000002  c_w.l(rtexit2.o)
    0x0800026c   0x0800026c   0x00000004   Code   RO        11035    .ARM.Collect$$rtexit$$00000003  c_w.l(rtexit2.o)
    0x08000270   0x08000270   0x00000006   Code   RO        11036    .ARM.Collect$$rtexit$$00000004  c_w.l(rtexit2.o)
    0x08000276   0x08000276   0x00000002   PAD
    0x08000278   0x08000278   0x00000040   Code   RO            4    .text               startup_stm32g474xx.o
    0x080002b8   0x080002b8   0x0000004e   Code   RO        10728    .text               c_w.l(rt_memclr_w.o)
    0x08000306   0x08000306   0x00000006   Code   RO        10730    .text               c_w.l(heapauxi.o)
    0x0800030c   0x0800030c   0x00000008   Code   RO        10961    .text               c_w.l(libspace.o)
    0x08000314   0x08000314   0x0000004a   Code   RO        10964    .text               c_w.l(sys_stackheap_outer.o)
    0x0800035e   0x0800035e   0x00000012   Code   RO        10966    .text               c_w.l(exit.o)
    0x08000370   0x08000370   0x0000000c   Code   RO        11031    .text               c_w.l(sys_exit.o)
    0x0800037c   0x0800037c   0x00000002   Code   RO        11050    .text               c_w.l(use_no_semi.o)
    0x0800037e   0x0800037e   0x00000000   Code   RO        11052    .text               c_w.l(indicate_semi.o)
    0x0800037e   0x0800037e   0x00000002   PAD
    0x08000380   0x08000380   0x0000000c   Code   RO          613    i.ADC1_2_IRQHandler  stm32g4xx_it.o
    0x0800038c   0x0800038c   0x00000070   Code   RO          771    i.ADC_Disable       stm32g4xx_hal_adc.o
    0x080003fc   0x080003fc   0x00000074   Code   RO          772    i.ADC_Enable        stm32g4xx_hal_adc.o
    0x08000470   0x08000470   0x00000002   Code   RO          614    i.BusFault_Handler  stm32g4xx_it.o
    0x08000472   0x08000472   0x00000002   PAD
    0x08000474   0x08000474   0x00000064   Code   RO           13    i.CAN_Init          dcdc.o
    0x080004d8   0x080004d8   0x0000007c   Code   RO           14    i.CAN_Transmit      dcdc.o
    0x08000554   0x08000554   0x00000138   Code   RO           15    i.Cap_Init          dcdc.o
    0x0800068c   0x0800068c   0x000002dc   Code   RO           16    i.DCDC_CALLBACK     dcdc.o
    0x08000968   0x08000968   0x00000040   Code   RO         2073    i.DMA_CalcDMAMUXChannelBaseAndMask  stm32g4xx_hal_dma.o
    0x080009a8   0x080009a8   0x00000024   Code   RO         2074    i.DMA_CalcDMAMUXRequestGenBaseAndMask  stm32g4xx_hal_dma.o
    0x080009cc   0x080009cc   0x00000002   Code   RO          615    i.DebugMon_Handler  stm32g4xx_it.o
    0x080009ce   0x080009ce   0x00000004   Code   RO          322    i.Error_Handler     main.o
    0x080009d2   0x080009d2   0x00000002   PAD
    0x080009d4   0x080009d4   0x0000000c   Code   RO          616    i.FDCAN2_IT0_IRQHandler  stm32g4xx_it.o
    0x080009e0   0x080009e0   0x0000000c   Code   RO          617    i.FDCAN2_IT1_IRQHandler  stm32g4xx_it.o
    0x080009ec   0x080009ec   0x00000070   Code   RO         2715    i.FDCAN_CopyMessageToRAM  stm32g4xx_hal_fdcan.o
    0x08000a5c   0x08000a5c   0x00000094   Code   RO         1010    i.HAL_ADCEx_Calibration_Start  stm32g4xx_hal_adc_ex.o
    0x08000af0   0x08000af0   0x00000002   Code   RO         1014    i.HAL_ADCEx_EndOfSamplingCallback  stm32g4xx_hal_adc_ex.o
    0x08000af2   0x08000af2   0x00000002   PAD
    0x08000af4   0x08000af4   0x00000548   Code   RO         1016    i.HAL_ADCEx_InjectedConfigChannel  stm32g4xx_hal_adc_ex.o
    0x0800103c   0x0800103c   0x000002cc   Code   RO           17    i.HAL_ADCEx_InjectedConvCpltCallback  dcdc.o
    0x08001308   0x08001308   0x00000002   Code   RO         1020    i.HAL_ADCEx_InjectedQueueOverflowCallback  stm32g4xx_hal_adc_ex.o
    0x0800130a   0x0800130a   0x00000002   PAD
    0x0800130c   0x0800130c   0x00000120   Code   RO         1021    i.HAL_ADCEx_InjectedStart  stm32g4xx_hal_adc_ex.o
    0x0800142c   0x0800142c   0x00000002   Code   RO         1025    i.HAL_ADCEx_LevelOutOfWindow2Callback  stm32g4xx_hal_adc_ex.o
    0x0800142e   0x0800142e   0x00000002   Code   RO         1026    i.HAL_ADCEx_LevelOutOfWindow3Callback  stm32g4xx_hal_adc_ex.o
    0x08001430   0x08001430   0x00000150   Code   RO         1027    i.HAL_ADCEx_MultiModeConfigChannel  stm32g4xx_hal_adc_ex.o
    0x08001580   0x08001580   0x00000002   Code   RO          775    i.HAL_ADC_ConvCpltCallback  stm32g4xx_hal_adc.o
    0x08001582   0x08001582   0x00000002   Code   RO          778    i.HAL_ADC_ErrorCallback  stm32g4xx_hal_adc.o
    0x08001584   0x08001584   0x000002b8   Code   RO          782    i.HAL_ADC_IRQHandler  stm32g4xx_hal_adc.o
    0x0800183c   0x0800183c   0x00000238   Code   RO          783    i.HAL_ADC_Init      stm32g4xx_hal_adc.o
    0x08001a74   0x08001a74   0x00000002   Code   RO          784    i.HAL_ADC_LevelOutOfWindowCallback  stm32g4xx_hal_adc.o
    0x08001a76   0x08001a76   0x00000002   PAD
    0x08001a78   0x08001a78   0x000000bc   Code   RO          386    i.HAL_ADC_MspInit   adc.o
    0x08001b34   0x08001b34   0x000000c0   Code   RO         2082    i.HAL_DMA_Init      stm32g4xx_hal_dma.o
    0x08001bf4   0x08001bf4   0x00000024   Code   RO         1231    i.HAL_Delay         stm32g4xx_hal.o
    0x08001c18   0x08001c18   0x000000e0   Code   RO         2717    i.HAL_FDCAN_ActivateNotification  stm32g4xx_hal_fdcan.o
    0x08001cf8   0x08001cf8   0x0000004a   Code   RO         2718    i.HAL_FDCAN_AddMessageToTxFifoQ  stm32g4xx_hal_fdcan.o
    0x08001d42   0x08001d42   0x0000005c   Code   RO         2720    i.HAL_FDCAN_ConfigFilter  stm32g4xx_hal_fdcan.o
    0x08001d9e   0x08001d9e   0x00000002   Code   RO         2741    i.HAL_FDCAN_ErrorCallback  stm32g4xx_hal_fdcan.o
    0x08001da0   0x08001da0   0x00000002   Code   RO         2742    i.HAL_FDCAN_ErrorStatusCallback  stm32g4xx_hal_fdcan.o
    0x08001da2   0x08001da2   0x00000002   PAD
    0x08001da4   0x08001da4   0x000000ec   Code   RO         2751    i.HAL_FDCAN_GetRxMessage  stm32g4xx_hal_fdcan.o
    0x08001e90   0x08001e90   0x00000002   Code   RO         2757    i.HAL_FDCAN_HighPriorityMessageCallback  stm32g4xx_hal_fdcan.o
    0x08001e92   0x08001e92   0x00000160   Code   RO         2758    i.HAL_FDCAN_IRQHandler  stm32g4xx_hal_fdcan.o
    0x08001ff2   0x08001ff2   0x00000002   PAD
    0x08001ff4   0x08001ff4   0x00000218   Code   RO         2759    i.HAL_FDCAN_Init    stm32g4xx_hal_fdcan.o
    0x0800220c   0x0800220c   0x000000a0   Code   RO          452    i.HAL_FDCAN_MspInit  fdcan.o
    0x080022ac   0x080022ac   0x00000054   Code   RO           18    i.HAL_FDCAN_RxFifo0Callback  dcdc.o
    0x08002300   0x08002300   0x00000002   Code   RO         2767    i.HAL_FDCAN_RxFifo1Callback  stm32g4xx_hal_fdcan.o
    0x08002302   0x08002302   0x0000002c   Code   RO         2768    i.HAL_FDCAN_Start   stm32g4xx_hal_fdcan.o
    0x0800232e   0x0800232e   0x00000002   Code   RO         2770    i.HAL_FDCAN_TimeoutOccurredCallback  stm32g4xx_hal_fdcan.o
    0x08002330   0x08002330   0x00000002   Code   RO         2771    i.HAL_FDCAN_TimestampWraparoundCallback  stm32g4xx_hal_fdcan.o
    0x08002332   0x08002332   0x00000002   Code   RO         2772    i.HAL_FDCAN_TxBufferAbortCallback  stm32g4xx_hal_fdcan.o
    0x08002334   0x08002334   0x00000002   Code   RO         2773    i.HAL_FDCAN_TxBufferCompleteCallback  stm32g4xx_hal_fdcan.o
    0x08002336   0x08002336   0x00000002   Code   RO         2774    i.HAL_FDCAN_TxEventFifoCallback  stm32g4xx_hal_fdcan.o
    0x08002338   0x08002338   0x00000002   Code   RO         2775    i.HAL_FDCAN_TxFifoEmptyCallback  stm32g4xx_hal_fdcan.o
    0x0800233a   0x0800233a   0x00000002   PAD
    0x0800233c   0x0800233c   0x000001b0   Code   RO         1938    i.HAL_GPIO_Init     stm32g4xx_hal_gpio.o
    0x080024ec   0x080024ec   0x0000000a   Code   RO         1942    i.HAL_GPIO_WritePin  stm32g4xx_hal_gpio.o
    0x080024f6   0x080024f6   0x00000002   PAD
    0x080024f8   0x080024f8   0x0000000c   Code   RO         1235    i.HAL_GetTick       stm32g4xx_hal.o
    0x08002504   0x08002504   0x000000fa   Code   RO         3101    i.HAL_HRTIM_ADCPostScalerConfig  stm32g4xx_hal_hrtim.o
    0x080025fe   0x080025fe   0x00000220   Code   RO         3102    i.HAL_HRTIM_ADCTriggerConfig  stm32g4xx_hal_hrtim.o
    0x0800281e   0x0800281e   0x00000002   Code   RO         3108    i.HAL_HRTIM_BurstModePeriodCallback  stm32g4xx_hal_hrtim.o
    0x08002820   0x08002820   0x00000002   Code   RO         3110    i.HAL_HRTIM_Capture1EventCallback  stm32g4xx_hal_hrtim.o
    0x08002822   0x08002822   0x00000002   Code   RO         3111    i.HAL_HRTIM_Capture2EventCallback  stm32g4xx_hal_hrtim.o
    0x08002824   0x08002824   0x00000002   Code   RO         3113    i.HAL_HRTIM_Compare1EventCallback  stm32g4xx_hal_hrtim.o
    0x08002826   0x08002826   0x00000002   Code   RO         3114    i.HAL_HRTIM_Compare2EventCallback  stm32g4xx_hal_hrtim.o
    0x08002828   0x08002828   0x00000002   Code   RO         3115    i.HAL_HRTIM_Compare3EventCallback  stm32g4xx_hal_hrtim.o
    0x0800282a   0x0800282a   0x00000002   Code   RO         3116    i.HAL_HRTIM_Compare4EventCallback  stm32g4xx_hal_hrtim.o
    0x0800282c   0x0800282c   0x00000002   Code   RO         3117    i.HAL_HRTIM_CounterResetCallback  stm32g4xx_hal_hrtim.o
    0x0800282e   0x0800282e   0x00000002   Code   RO         3118    i.HAL_HRTIM_DLLCalibrationReadyCallback  stm32g4xx_hal_hrtim.o
    0x08002830   0x08002830   0x00000062   Code   RO         3119    i.HAL_HRTIM_DLLCalibrationStart  stm32g4xx_hal_hrtim.o
    0x08002892   0x08002892   0x00000002   PAD
    0x08002894   0x08002894   0x0000008c   Code   RO         3122    i.HAL_HRTIM_DeadTimeConfig  stm32g4xx_hal_hrtim.o
    0x08002920   0x08002920   0x00000002   Code   RO         3123    i.HAL_HRTIM_DelayedProtectionCallback  stm32g4xx_hal_hrtim.o
    0x08002922   0x08002922   0x00000002   Code   RO         3131    i.HAL_HRTIM_Fault1Callback  stm32g4xx_hal_hrtim.o
    0x08002924   0x08002924   0x00000002   Code   RO         3132    i.HAL_HRTIM_Fault2Callback  stm32g4xx_hal_hrtim.o
    0x08002926   0x08002926   0x00000002   Code   RO         3133    i.HAL_HRTIM_Fault3Callback  stm32g4xx_hal_hrtim.o
    0x08002928   0x08002928   0x00000002   Code   RO         3134    i.HAL_HRTIM_Fault4Callback  stm32g4xx_hal_hrtim.o
    0x0800292a   0x0800292a   0x00000002   Code   RO         3135    i.HAL_HRTIM_Fault5Callback  stm32g4xx_hal_hrtim.o
    0x0800292c   0x0800292c   0x00000002   Code   RO         3136    i.HAL_HRTIM_Fault6Callback  stm32g4xx_hal_hrtim.o
    0x0800292e   0x0800292e   0x00000014   Code   RO         3151    i.HAL_HRTIM_IRQHandler  stm32g4xx_hal_hrtim.o
    0x08002942   0x08002942   0x00000002   PAD
    0x08002944   0x08002944   0x000000c0   Code   RO         3152    i.HAL_HRTIM_Init    stm32g4xx_hal_hrtim.o
    0x08002a04   0x08002a04   0x0000003c   Code   RO          494    i.HAL_HRTIM_MspInit  hrtim.o
    0x08002a40   0x08002a40   0x00000054   Code   RO          495    i.HAL_HRTIM_MspPostInit  hrtim.o
    0x08002a94   0x08002a94   0x00000002   Code   RO         3155    i.HAL_HRTIM_Output1ResetCallback  stm32g4xx_hal_hrtim.o
    0x08002a96   0x08002a96   0x00000002   Code   RO         3156    i.HAL_HRTIM_Output1SetCallback  stm32g4xx_hal_hrtim.o
    0x08002a98   0x08002a98   0x00000002   Code   RO         3157    i.HAL_HRTIM_Output2ResetCallback  stm32g4xx_hal_hrtim.o
    0x08002a9a   0x08002a9a   0x00000002   Code   RO         3158    i.HAL_HRTIM_Output2SetCallback  stm32g4xx_hal_hrtim.o
    0x08002a9c   0x08002a9c   0x00000042   Code   RO         3161    i.HAL_HRTIM_PollForDLLCalibration  stm32g4xx_hal_hrtim.o
    0x08002ade   0x08002ade   0x00000002   Code   RO         3162    i.HAL_HRTIM_RegistersUpdateCallback  stm32g4xx_hal_hrtim.o
    0x08002ae0   0x08002ae0   0x00000002   Code   RO         3163    i.HAL_HRTIM_RepetitionEventCallback  stm32g4xx_hal_hrtim.o
    0x08002ae2   0x08002ae2   0x00000002   Code   RO         3201    i.HAL_HRTIM_SynchronizationEventCallback  stm32g4xx_hal_hrtim.o
    0x08002ae4   0x08002ae4   0x00000002   Code   RO         3202    i.HAL_HRTIM_SystemFaultCallback  stm32g4xx_hal_hrtim.o
    0x08002ae6   0x08002ae6   0x0000007a   Code   RO         3203    i.HAL_HRTIM_TimeBaseConfig  stm32g4xx_hal_hrtim.o
    0x08002b60   0x08002b60   0x00000128   Code   RO         3209    i.HAL_HRTIM_WaveformCompareConfig  stm32g4xx_hal_hrtim.o
    0x08002c88   0x08002c88   0x0000002c   Code   RO         3210    i.HAL_HRTIM_WaveformCountStart  stm32g4xx_hal_hrtim.o
    0x08002cb4   0x08002cb4   0x00000036   Code   RO         3218    i.HAL_HRTIM_WaveformOutputConfig  stm32g4xx_hal_hrtim.o
    0x08002cea   0x08002cea   0x00000030   Code   RO         3219    i.HAL_HRTIM_WaveformOutputStart  stm32g4xx_hal_hrtim.o
    0x08002d1a   0x08002d1a   0x00000090   Code   RO         3222    i.HAL_HRTIM_WaveformTimerConfig  stm32g4xx_hal_hrtim.o
    0x08002daa   0x08002daa   0x00000084   Code   RO         3223    i.HAL_HRTIM_WaveformTimerControl  stm32g4xx_hal_hrtim.o
    0x08002e2e   0x08002e2e   0x00000002   PAD
    0x08002e30   0x08002e30   0x00000010   Code   RO         1238    i.HAL_IncTick       stm32g4xx_hal.o
    0x08002e40   0x08002e40   0x0000001e   Code   RO         1239    i.HAL_Init          stm32g4xx_hal.o
    0x08002e5e   0x08002e5e   0x00000002   PAD
    0x08002e60   0x08002e60   0x00000044   Code   RO         1240    i.HAL_InitTick      stm32g4xx_hal.o
    0x08002ea4   0x08002ea4   0x0000003c   Code   RO          743    i.HAL_MspInit       stm32g4xx_hal_msp.o
    0x08002ee0   0x08002ee0   0x0000001a   Code   RO         2585    i.HAL_NVIC_EnableIRQ  stm32g4xx_hal_cortex.o
    0x08002efa   0x08002efa   0x00000002   PAD
    0x08002efc   0x08002efc   0x00000040   Code   RO         2591    i.HAL_NVIC_SetPriority  stm32g4xx_hal_cortex.o
    0x08002f3c   0x08002f3c   0x00000024   Code   RO         2592    i.HAL_NVIC_SetPriorityGrouping  stm32g4xx_hal_cortex.o
    0x08002f60   0x08002f60   0x000000bc   Code   RO         2341    i.HAL_PWREx_ControlVoltageScaling  stm32g4xx_hal_pwr_ex.o
    0x0800301c   0x0800301c   0x00000010   Code   RO         2353    i.HAL_PWREx_DisableUCPDDeadBattery  stm32g4xx_hal_pwr_ex.o
    0x0800302c   0x0800302c   0x00000318   Code   RO         1584    i.HAL_RCCEx_PeriphCLKConfig  stm32g4xx_hal_rcc_ex.o
    0x08003344   0x08003344   0x000001dc   Code   RO         1459    i.HAL_RCC_ClockConfig  stm32g4xx_hal_rcc.o
    0x08003520   0x08003520   0x00000070   Code   RO         1469    i.HAL_RCC_GetSysClockFreq  stm32g4xx_hal_rcc.o
    0x08003590   0x08003590   0x00000400   Code   RO         1472    i.HAL_RCC_OscConfig  stm32g4xx_hal_rcc.o
    0x08003990   0x08003990   0x00000010   Code   RO         1249    i.HAL_SYSCFG_DisableVREFBUF  stm32g4xx_hal.o
    0x080039a0   0x080039a0   0x00000014   Code   RO         1254    i.HAL_SYSCFG_VREFBUF_HighImpedanceConfig  stm32g4xx_hal.o
    0x080039b4   0x080039b4   0x00000028   Code   RO         2596    i.HAL_SYSTICK_Config  stm32g4xx_hal_cortex.o
    0x080039dc   0x080039dc   0x00000002   Code   RO         4664    i.HAL_TIMEx_Break2Callback  stm32g4xx_hal_tim_ex.o
    0x080039de   0x080039de   0x00000002   Code   RO         4665    i.HAL_TIMEx_BreakCallback  stm32g4xx_hal_tim_ex.o
    0x080039e0   0x080039e0   0x00000002   Code   RO         4666    i.HAL_TIMEx_CommutCallback  stm32g4xx_hal_tim_ex.o
    0x080039e2   0x080039e2   0x00000002   PAD
    0x080039e4   0x080039e4   0x000000cc   Code   RO         4669    i.HAL_TIMEx_ConfigBreakDeadTime  stm32g4xx_hal_tim_ex.o
    0x08003ab0   0x08003ab0   0x00000002   Code   RO         4677    i.HAL_TIMEx_DirectionChangeCallback  stm32g4xx_hal_tim_ex.o
    0x08003ab2   0x08003ab2   0x0000000e   Code   RO         4687    i.HAL_TIMEx_EnableDeadTimePreload  stm32g4xx_hal_tim_ex.o
    0x08003ac0   0x08003ac0   0x00000002   Code   RO         4691    i.HAL_TIMEx_EncoderIndexCallback  stm32g4xx_hal_tim_ex.o
    0x08003ac2   0x08003ac2   0x00000002   Code   RO         4705    i.HAL_TIMEx_IndexErrorCallback  stm32g4xx_hal_tim_ex.o
    0x08003ac4   0x08003ac4   0x000000b8   Code   RO         4706    i.HAL_TIMEx_MasterConfigSynchronization  stm32g4xx_hal_tim_ex.o
    0x08003b7c   0x08003b7c   0x000000d0   Code   RO         4718    i.HAL_TIMEx_PWMN_Start  stm32g4xx_hal_tim_ex.o
    0x08003c4c   0x08003c4c   0x00000002   Code   RO         4727    i.HAL_TIMEx_TransitionErrorCallback  stm32g4xx_hal_tim_ex.o
    0x08003c4e   0x08003c4e   0x00000062   Code   RO         3950    i.HAL_TIM_Base_Init  stm32g4xx_hal_tim.o
    0x08003cb0   0x08003cb0   0x00000094   Code   RO          542    i.HAL_TIM_Base_MspInit  tim.o
    0x08003d44   0x08003d44   0x0000008c   Code   RO         3955    i.HAL_TIM_Base_Start_IT  stm32g4xx_hal_tim.o
    0x08003dd0   0x08003dd0   0x000000f0   Code   RO         3959    i.HAL_TIM_ConfigClockSource  stm32g4xx_hal_tim.o
    0x08003ec0   0x08003ec0   0x00000002   Code   RO         3984    i.HAL_TIM_IC_CaptureCallback  stm32g4xx_hal_tim.o
    0x08003ec2   0x08003ec2   0x000001fc   Code   RO         3998    i.HAL_TIM_IRQHandler  stm32g4xx_hal_tim.o
    0x080040be   0x080040be   0x00000002   PAD
    0x080040c0   0x080040c0   0x0000006c   Code   RO          543    i.HAL_TIM_MspPostInit  tim.o
    0x0800412c   0x0800412c   0x00000002   Code   RO         4001    i.HAL_TIM_OC_DelayElapsedCallback  stm32g4xx_hal_tim.o
    0x0800412e   0x0800412e   0x00000124   Code   RO         4022    i.HAL_TIM_PWM_ConfigChannel  stm32g4xx_hal_tim.o
    0x08004252   0x08004252   0x00000062   Code   RO         4025    i.HAL_TIM_PWM_Init  stm32g4xx_hal_tim.o
    0x080042b4   0x080042b4   0x0000003c   Code   RO          545    i.HAL_TIM_PWM_MspInit  tim.o
    0x080042f0   0x080042f0   0x00000002   Code   RO         4028    i.HAL_TIM_PWM_PulseFinishedCallback  stm32g4xx_hal_tim.o
    0x080042f2   0x080042f2   0x00000002   PAD
    0x080042f4   0x080042f4   0x00000120   Code   RO         4030    i.HAL_TIM_PWM_Start  stm32g4xx_hal_tim.o
    0x08004414   0x08004414   0x00000028   Code   RO           19    i.HAL_TIM_PeriodElapsedCallback  dcdc.o
    0x0800443c   0x0800443c   0x00000002   Code   RO         4041    i.HAL_TIM_TriggerCallback  stm32g4xx_hal_tim.o
    0x0800443e   0x0800443e   0x00000002   PAD
    0x08004440   0x08004440   0x0000000c   Code   RO          618    i.HRTIM1_TIMB_IRQHandler  stm32g4xx_it.o
    0x0800444c   0x0800444c   0x00000068   Code   RO         3230    i.HRTIM_ForceRegistersUpdate  stm32g4xx_hal_hrtim.o
    0x080044b4   0x080044b4   0x000000a8   Code   RO         3234    i.HRTIM_HRTIM_ISR   stm32g4xx_hal_hrtim.o
    0x0800455c   0x0800455c   0x00000090   Code   RO         3235    i.HRTIM_MasterWaveform_Config  stm32g4xx_hal_hrtim.o
    0x080045ec   0x080045ec   0x000000f0   Code   RO         3236    i.HRTIM_Master_ISR  stm32g4xx_hal_hrtim.o
    0x080046dc   0x080046dc   0x000000d8   Code   RO         3237    i.HRTIM_OutputConfig  stm32g4xx_hal_hrtim.o
    0x080047b4   0x080047b4   0x00000166   Code   RO         3239    i.HRTIM_Timer_ISR   stm32g4xx_hal_hrtim.o
    0x0800491a   0x0800491a   0x00000002   PAD
    0x0800491c   0x0800491c   0x000001b0   Code   RO         3240    i.HRTIM_TimingUnitWaveform_Config  stm32g4xx_hal_hrtim.o
    0x08004acc   0x08004acc   0x00000002   Code   RO          619    i.HardFault_Handler  stm32g4xx_it.o
    0x08004ace   0x08004ace   0x0000000c   Code   RO         1035    i.LL_ADC_GetOffsetChannel  stm32g4xx_hal_adc_ex.o
    0x08004ada   0x08004ada   0x00000008   Code   RO          798    i.LL_ADC_INJ_IsConversionOngoing  stm32g4xx_hal_adc.o
    0x08004ae2   0x08004ae2   0x00000008   Code   RO         1036    i.LL_ADC_INJ_IsConversionOngoing  stm32g4xx_hal_adc_ex.o
    0x08004aea   0x08004aea   0x00000008   Code   RO          799    i.LL_ADC_IsEnabled  stm32g4xx_hal_adc.o
    0x08004af2   0x08004af2   0x00000008   Code   RO         1037    i.LL_ADC_IsEnabled  stm32g4xx_hal_adc_ex.o
    0x08004afa   0x08004afa   0x00000008   Code   RO          800    i.LL_ADC_REG_IsConversionOngoing  stm32g4xx_hal_adc.o
    0x08004b02   0x08004b02   0x00000008   Code   RO         1038    i.LL_ADC_REG_IsConversionOngoing  stm32g4xx_hal_adc_ex.o
    0x08004b0a   0x08004b0a   0x00000010   Code   RO          801    i.LL_ADC_REG_IsTriggerSourceSWStart  stm32g4xx_hal_adc.o
    0x08004b1a   0x08004b1a   0x0000001e   Code   RO         1039    i.LL_ADC_SetChannelSamplingTime  stm32g4xx_hal_adc_ex.o
    0x08004b38   0x08004b38   0x00000010   Code   RO         1040    i.LL_ADC_SetOffsetState  stm32g4xx_hal_adc_ex.o
    0x08004b48   0x08004b48   0x000000fc   Code   RO          387    i.MX_ADC1_Init      adc.o
    0x08004c44   0x08004c44   0x0000002c   Code   RO          427    i.MX_DMA_Init       dma.o
    0x08004c70   0x08004c70   0x00000050   Code   RO          453    i.MX_FDCAN2_Init    fdcan.o
    0x08004cc0   0x08004cc0   0x000000a4   Code   RO          361    i.MX_GPIO_Init      gpio.o
    0x08004d64   0x08004d64   0x000001ec   Code   RO          496    i.MX_HRTIM1_Init    hrtim.o
    0x08004f50   0x08004f50   0x000000b0   Code   RO          546    i.MX_TIM15_Init     tim.o
    0x08005000   0x08005000   0x0000006c   Code   RO          547    i.MX_TIM1_Init      tim.o
    0x0800506c   0x0800506c   0x00000048   Code   RO          548    i.MX_TIM6_Init      tim.o
    0x080050b4   0x080050b4   0x00000002   Code   RO          620    i.MemManage_Handler  stm32g4xx_it.o
    0x080050b6   0x080050b6   0x00000002   Code   RO          621    i.NMI_Handler       stm32g4xx_it.o
    0x080050b8   0x080050b8   0x0000001c   Code   RO          286    i.PID_Clear         pid.o
    0x080050d4   0x080050d4   0x00000020   Code   RO          287    i.PID_Init          pid.o
    0x080050f4   0x080050f4   0x00000006   Code   RO          288    i.PID_SetDeadzone   pid.o
    0x080050fa   0x080050fa   0x00000002   PAD
    0x080050fc   0x080050fc   0x000000ec   Code   RO          289    i.PID_SingleCalc    pid.o
    0x080051e8   0x080051e8   0x00000002   Code   RO          622    i.PendSV_Handler    stm32g4xx_it.o
    0x080051ea   0x080051ea   0x00000002   Code   RO          623    i.SVC_Handler       stm32g4xx_it.o
    0x080051ec   0x080051ec   0x00000004   Code   RO          624    i.SysTick_Handler   stm32g4xx_it.o
    0x080051f0   0x080051f0   0x00000066   Code   RO          323    i.SystemClock_Config  main.o
    0x08005256   0x08005256   0x00000002   PAD
    0x08005258   0x08005258   0x00000010   Code   RO         5094    i.SystemInit        system_stm32g4xx.o
    0x08005268   0x08005268   0x0000001c   Code   RO          625    i.TIM1_BRK_TIM15_IRQHandler  stm32g4xx_it.o
    0x08005284   0x08005284   0x0000000c   Code   RO          626    i.TIM1_CC_IRQHandler  stm32g4xx_it.o
    0x08005290   0x08005290   0x0000000c   Code   RO          627    i.TIM1_TRG_COM_TIM17_IRQHandler  stm32g4xx_it.o
    0x0800529c   0x0800529c   0x0000000c   Code   RO          628    i.TIM1_UP_TIM16_IRQHandler  stm32g4xx_it.o
    0x080052a8   0x080052a8   0x0000000c   Code   RO          629    i.TIM6_DAC_IRQHandler  stm32g4xx_it.o
    0x080052b4   0x080052b4   0x000000d4   Code   RO         4043    i.TIM_Base_SetConfig  stm32g4xx_hal_tim.o
    0x08005388   0x08005388   0x0000001a   Code   RO         4044    i.TIM_CCxChannelCmd  stm32g4xx_hal_tim.o
    0x080053a2   0x080053a2   0x0000001a   Code   RO         4730    i.TIM_CCxNChannelCmd  stm32g4xx_hal_tim_ex.o
    0x080053bc   0x080053bc   0x00000014   Code   RO         4054    i.TIM_ETR_SetConfig  stm32g4xx_hal_tim.o
    0x080053d0   0x080053d0   0x00000014   Code   RO         4055    i.TIM_ITRx_SetConfig  stm32g4xx_hal_tim.o
    0x080053e4   0x080053e4   0x000000ac   Code   RO         4056    i.TIM_OC1_SetConfig  stm32g4xx_hal_tim.o
    0x08005490   0x08005490   0x000000a0   Code   RO         4057    i.TIM_OC2_SetConfig  stm32g4xx_hal_tim.o
    0x08005530   0x08005530   0x000000a0   Code   RO         4058    i.TIM_OC3_SetConfig  stm32g4xx_hal_tim.o
    0x080055d0   0x080055d0   0x000000a0   Code   RO         4059    i.TIM_OC4_SetConfig  stm32g4xx_hal_tim.o
    0x08005670   0x08005670   0x00000078   Code   RO         4060    i.TIM_OC5_SetConfig  stm32g4xx_hal_tim.o
    0x080056e8   0x080056e8   0x0000007c   Code   RO         4061    i.TIM_OC6_SetConfig  stm32g4xx_hal_tim.o
    0x08005764   0x08005764   0x00000022   Code   RO         4063    i.TIM_TI1_ConfigInputStage  stm32g4xx_hal_tim.o
    0x08005786   0x08005786   0x00000024   Code   RO         4065    i.TIM_TI2_ConfigInputStage  stm32g4xx_hal_tim.o
    0x080057aa   0x080057aa   0x00000002   Code   RO          630    i.UsageFault_Handler  stm32g4xx_it.o
    0x080057ac   0x080057ac   0x00000020   Code   RO         2598    i.__NVIC_SetPriority  stm32g4xx_hal_cortex.o
    0x080057cc   0x080057cc   0x0000002e   Code   RO          324    i.main              main.o
    0x080057fa   0x080057fa   0x0000000a   Code   RO        11046    x$fpl$fpinit        fz_wm.l(fpinit.o)
    0x08005804   0x08005804   0x00000010   Data   RO         2776    .constdata          stm32g4xx_hal_fdcan.o
    0x08005814   0x08005814   0x00000010   Data   RO         5095    .constdata          system_stm32g4xx.o
    0x08005824   0x08005824   0x00000020   Data   RO        11104    Region$$Table       anon$$obj.o


    Execution Region RW_IRAM1 (Exec base: 0x20000000, Load base: 0x08005844, Size: 0x000010c0, Max: 0x00020000, ABSOLUTE)

    Exec Addr    Load Addr    Size         Type   Attr      Idx    E Section Name        Object

    0x20000000   0x08005844   0x00000024   Data   RW           21    .data               dcdc.o
    0x20000024   0x08005868   0x0000000c   Data   RW         1259    .data               stm32g4xx_hal.o
    0x20000030   0x08005874   0x00000004   Data   RW         5097    .data               system_stm32g4xx.o
    0x20000034        -       0x00000118   Zero   RW           20    .bss                dcdc.o
    0x2000014c        -       0x000000cc   Zero   RW          388    .bss                adc.o
    0x20000218        -       0x00000064   Zero   RW          454    .bss                fdcan.o
    0x2000027c        -       0x000000fc   Zero   RW          497    .bss                hrtim.o
    0x20000378        -       0x000000e4   Zero   RW          549    .bss                tim.o
    0x2000045c        -       0x00000060   Zero   RW        10962    .bss                c_w.l(libspace.o)
    0x200004bc   0x08005878   0x00000004   PAD
    0x200004c0        -       0x00000400   Zero   RW            2    HEAP                startup_stm32g474xx.o
    0x200008c0        -       0x00000800   Zero   RW            1    STACK               startup_stm32g474xx.o


==============================================================================

Image component sizes


      Code (inc. data)   RO Data    RW Data    ZI Data      Debug   Object Name

       440         34          0          0        204       2279   adc.o
      2108        272          0         36        280    1050147   dcdc.o
        44          6          0          0          0        922   dma.o
       240         20          0          0        100       2055   fdcan.o
       164         10          0          0          0       1111   gpio.o
       636         26          0          0        252       3083   hrtim.o
       152          0          0          0          0       2280   main.o
       302         16          0          0          0       3434   pid.o
        64         26        472          0       3072        896   startup_stm32g474xx.o
       198         34          0         12          0       6058   stm32g4xx_hal.o
      1538         84          0          0          0      77081   stm32g4xx_hal_adc.o
      2214        124          0          0          0      80613   stm32g4xx_hal_adc_ex.o
       198         14          0          0          0      34219   stm32g4xx_hal_cortex.o
       292         30          0          0          0       2675   stm32g4xx_hal_dma.o
      1690         36         16          0          0      18450   stm32g4xx_hal_fdcan.o
       442         32          0          0          0       2416   stm32g4xx_hal_gpio.o
      3860         34          0          0          0      39366   stm32g4xx_hal_hrtim.o
        60          6          0          0          0       1006   stm32g4xx_hal_msp.o
       204         18          0          0          0       1569   stm32g4xx_hal_pwr_ex.o
      1612         70          0          0          0       5602   stm32g4xx_hal_rcc.o
       792         10          0          0          0       2200   stm32g4xx_hal_rcc_ex.o
      2916        292          0          0          0      20680   stm32g4xx_hal_tim.o
       650         78          0          0          0       9645   stm32g4xx_hal_tim_ex.o
       144         56          0          0          0       9693   stm32g4xx_it.o
        16          4         16          4          0       1327   system_stm32g4xx.o
       672         68          0          0        228       4902   tim.o

    ----------------------------------------------------------------------
     21690       1400        536         52       4136    1383709   Object Totals
         0          0         32          0          0          0   (incl. Generated)
        42          0          0          0          0          0   (incl. Padding)

    ----------------------------------------------------------------------

      Code (inc. data)   RO Data    RW Data    ZI Data      Debug   Library Member Name

         8          0          0          0          0         68   __main.o
         0          0          0          0          0          0   __rtentry.o
        12          0          0          0          0          0   __rtentry2.o
         6          0          0          0          0          0   __rtentry4.o
        52          8          0          0          0          0   __scatter.o
        26          0          0          0          0          0   __scatter_copy.o
        28          0          0          0          0          0   __scatter_zi.o
        18          0          0          0          0         80   exit.o
         6          0          0          0          0        152   heapauxi.o
         0          0          0          0          0          0   indicate_semi.o
         2          0          0          0          0          0   libinit.o
         6          0          0          0          0          0   libinit2.o
         2          0          0          0          0          0   libshutdown.o
         2          0          0          0          0          0   libshutdown2.o
         8          4          0          0         96         68   libspace.o
        78          0          0          0          0         80   rt_memclr_w.o
         2          0          0          0          0          0   rtexit.o
        10          0          0          0          0          0   rtexit2.o
        12          4          0          0          0         68   sys_exit.o
        74          0          0          0          0         80   sys_stackheap_outer.o
         2          0          0          0          0         68   use_no_semi.o
        10          0          0          0          0        116   fpinit.o

    ----------------------------------------------------------------------
       370         16          0          0        100        780   Library Totals
         6          0          0          0          4          0   (incl. Padding)

    ----------------------------------------------------------------------

      Code (inc. data)   RO Data    RW Data    ZI Data      Debug   Library Name

       354         16          0          0         96        664   c_w.l
        10          0          0          0          0        116   fz_wm.l

    ----------------------------------------------------------------------
       370         16          0          0        100        780   Library Totals

    ----------------------------------------------------------------------

==============================================================================


      Code (inc. data)   RO Data    RW Data    ZI Data      Debug   

     22060       1416        536         52       4236    1365781   Grand Totals
     22060       1416        536         52       4236    1365781   ELF Image Totals
     22060       1416        536         52          0          0   ROM Totals

==============================================================================

    Total RO  Size (Code + RO Data)                22596 (  22.07kB)
    Total RW  Size (RW Data + ZI Data)              4288 (   4.19kB)
    Total ROM Size (Code + RO Data + RW Data)      22648 (  22.12kB)

==============================================================================

